I20240722 06:12:51.544608 2096213 state_machine-inl.h:201] fireStateChanged VeloxExecTask_4_49 state changed to 1
I20240722 06:12:51.544972 2096213 vertex_import_read_exec_task.cc:126] ============================================ exchange schema
ROW<pkey:INTEGER,int32:INTEGER,str:VARCHAR,float64:DOUBLE>
I20240722 06:12:51.547549 2096214 graph_storage_service2.cc:344] Received get task status request for job_id: 4, task_id: 49 task_status: pending { } call id: 12141872545857
I20240722 06:12:51.547680 2096407 remote_exchange_source.h:58] remote exchange brpc://127.0.0.1:55536/task/4-vertex-import-read/0
I20240722 06:12:51.547708 2097166 graph_storage_service2.cc:276] Getting task status for Task: 4_49 task_status: running { } call id: 12141872545857
I20240722 06:12:51.547784 2097166 graph_storage_service2.cc:291] Get task status success for Task: 4_49 task_status: running { } call id: 12141872545857 latency: 0ms.
I20240722 06:12:51.548218 2096409 remote_exchange_source.h:58] remote exchange brpc://127.0.0.1:55536/task/4-vertex-import-read/0
I20240722 06:12:51.549160 2096414 remote_exchange_source.h:58] remote exchange brpc://127.0.0.1:55536/task/4-vertex-import-read/0
I20240722 06:12:51.549165 2096404 remote_exchange_source.h:58] remote exchange brpc://127.0.0.1:55536/task/4-vertex-import-read/0
I20240722 06:12:51.549543 2096427 remote_exchange_source.h:58] remote exchange brpc://127.0.0.1:55536/task/4-vertex-import-read/0
I20240722 06:12:51.549679 2096403 remote_exchange_source.h:58] remote exchange brpc://127.0.0.1:55536/task/4-vertex-import-read/0
I20240722 06:12:51.550108 2096413 remote_exchange_source.h:58] remote exchange brpc://127.0.0.1:55536/task/4-vertex-import-read/0
I20240722 06:12:51.550453 2096408 remote_exchange_source.h:58] remote exchange brpc://127.0.0.1:55536/task/4-vertex-import-read/0
I20240722 06:12:51.550845 2096428 remote_exchange_source.h:58] remote exchange brpc://127.0.0.1:55536/task/4-vertex-import-read/0
I20240722 06:12:51.550899 2096410 remote_exchange_source.h:58] remote exchange brpc://127.0.0.1:55536/task/4-vertex-import-read/0
I20240722 06:12:51.551102 2096199 graph_storage_service2.cc:344] Received get task status request for job_id: 4, task_id: 49 task_status: running { } call id: 35201551958025
I20240722 06:12:51.551296 2096405 remote_exchange_source.h:58] remote exchange brpc://127.0.0.1:55536/task/4-vertex-import-read/0
I20240722 06:12:51.551673 2096402 remote_exchange_source.h:58] remote exchange brpc://127.0.0.1:55536/task/4-vertex-import-read/0
I20240722 06:12:51.552212 2096412 remote_exchange_source.h:58] remote exchange brpc://127.0.0.1:55536/task/4-vertex-import-read/0
I20240722 06:12:51.590461 2096406 Task.cpp:983] All drivers (10) finished for task brpc://127.0.0.1:55537/task/4-vertex-import-read/0 after running for 45 ms.
I20240722 06:12:51.600052 2096210 Task.cpp:1665] Terminating task brpc://127.0.0.1:55537/task/4-vertex-import-read/0 with state Finished after running for 55 ms.
I20240722 06:12:51.600467 2096410 state_machine-inl.h:201] fireStateChanged VeloxExecTask_4_49 state changed to 2
I20240722 06:12:51.600637 2097166 graph_storage_service2.cc:276] Getting task status for Task: 4_49 task_status: finished { } call id: 35201551958025
I20240722 06:12:51.600710 2097166 graph_storage_service2.cc:291] Get task status success for Task: 4_49 task_status: finished { } call id: 35201551958025 latency: 49ms.
I20240722 06:12:51.664417 2096430 Task.cpp:983] All drivers (1) finished for task local://localhost:0/task/4-vertex-import-write/6 after running for 134 ms.
I20240722 06:12:51.664497 2096430 Task.cpp:1665] Terminating task local://localhost:0/task/4-vertex-import-write/6 with state Finished after running for 134 ms.
I20240722 06:12:51.671092 2096404 Task.cpp:983] All drivers (1) finished for task local://localhost:0/task/4-vertex-import-write/18 after running for 144 ms.
I20240722 06:12:51.671166 2096404 Task.cpp:1665] Terminating task local://localhost:0/task/4-vertex-import-write/18 with state Finished after running for 144 ms.
I20240722 06:12:51.672559 2096411 Task.cpp:983] All drivers (1) finished for task local://localhost:0/task/4-vertex-import-write/22 after running for 143 ms.
I20240722 06:12:51.672628 2096411 Task.cpp:1665] Terminating task local://localhost:0/task/4-vertex-import-write/22 with state Finished after running for 143 ms.
I20240722 06:12:51.676209 2096414 Task.cpp:983] All drivers (1) finished for task local://localhost:0/task/4-vertex-import-write/19 after running for 147 ms.
I20240722 06:12:51.676483 2096402 Task.cpp:983] All drivers (1) finished for task local://localhost:0/task/4-vertex-import-write/30 after running for 150 ms.
I20240722 06:12:51.676525 2096414 Task.cpp:1665] Terminating task local://localhost:0/task/4-vertex-import-write/19 with state Finished after running for 147 ms.
I20240722 06:12:51.676543 2096402 Task.cpp:1665] Terminating task local://localhost:0/task/4-vertex-import-write/30 with state Finished after running for 150 ms.
I20240722 06:12:51.678194 2096427 Task.cpp:983] All drivers (1) finished for task local://localhost:0/task/4-vertex-import-write/23 after running for 150 ms.
I20240722 06:12:51.678437 2096427 Task.cpp:1665] Terminating task local://localhost:0/task/4-vertex-import-write/23 with state Finished after running for 150 ms.
I20240722 06:12:51.678473 2096412 Task.cpp:983] All drivers (1) finished for task local://localhost:0/task/4-vertex-import-write/9 after running for 149 ms.
I20240722 06:12:51.678524 2096412 Task.cpp:1665] Terminating task local://localhost:0/task/4-vertex-import-write/9 with state Finished after running for 149 ms.
I20240722 06:12:51.679034 2096428 Task.cpp:983] All drivers (1) finished for task local://localhost:0/task/4-vertex-import-write/11 after running for 151 ms.
I20240722 06:12:51.679101 2096428 Task.cpp:1665] Terminating task local://localhost:0/task/4-vertex-import-write/11 with state Finished after running for 151 ms.
I20240722 06:12:51.679539 2096409 Task.cpp:983] All drivers (1) finished for task local://localhost:0/task/4-vertex-import-write/16 after running for 149 ms.
I20240722 06:12:51.679576 2096409 Task.cpp:1665] Terminating task local://localhost:0/task/4-vertex-import-write/16 with state Finished after running for 149 ms.
I20240722 06:12:51.680100 2096403 Task.cpp:983] All drivers (1) finished for task local://localhost:0/task/4-vertex-import-write/10 after running for 152 ms.
I20240722 06:12:51.680146 2096403 Task.cpp:1665] Terminating task local://localhost:0/task/4-vertex-import-write/10 with state Finished after running for 152 ms.
I20240722 06:12:51.680991 2096413 Task.cpp:983] All drivers (1) finished for task local://localhost:0/task/4-vertex-import-write/3 after running for 150 ms.
I20240722 06:12:51.681035 2096413 Task.cpp:1665] Terminating task local://localhost:0/task/4-vertex-import-write/3 with state Finished after running for 150 ms.
I20240722 06:12:51.683862 2096407 Task.cpp:983] All drivers (1) finished for task local://localhost:0/task/4-vertex-import-write/31 after running for 156 ms.
I20240722 06:12:51.683949 2096407 Task.cpp:1665] Terminating task local://localhost:0/task/4-vertex-import-write/31 with state Finished after running for 156 ms.
I20240722 06:12:51.684463 2096406 Task.cpp:983] All drivers (1) finished for task local://localhost:0/task/4-vertex-import-write/28 after running for 157 ms.
I20240722 06:12:51.684494 2096406 Task.cpp:1665] Terminating task local://localhost:0/task/4-vertex-import-write/28 with state Finished after running for 157 ms.
I20240722 06:12:51.690526 2096427 meta_service_client.cc:756] Successfully submitImportJobFiles
I20240722 06:12:51.690683 2096427 state_machine-inl.h:201] fireStateChanged VeloxExecTask_4_52 state changed to 2
I20240722 06:12:51.690842 2097166 graph_storage_service2.cc:276] Getting task status for Task: 4_52 task_status: finished { } call id: 12133282611269
I20240722 06:12:51.690909 2097166 graph_storage_service2.cc:291] Get task status success for Task: 4_52 task_status: finished { } call id: 12133282611269 latency: 158ms.
I20240722 06:12:52.678872 2096201 local_data_manager.cc:71] Successfully updated the vertex id index for job 4 with snapshot id: 1
I20240722 06:12:52.678961 2096201 local_data_manager.cc:71] Successfully updated the vertex id index for job 4 with snapshot id: 1
I20240722 06:12:52.678994 2096201 local_data_manager.cc:71] Successfully updated the vertex id index for job 4 with snapshot id: 1
I20240722 06:12:52.679019 2096201 local_data_manager.cc:71] Successfully updated the vertex id index for job 4 with snapshot id: 1
I20240722 06:12:52.679050 2096201 local_data_manager.cc:71] Successfully updated the vertex id index for job 4 with snapshot id: 1
I20240722 06:12:52.679075 2096201 local_data_manager.cc:71] Successfully updated the vertex id index for job 4 with snapshot id: 1
I20240722 06:12:52.679098 2096201 local_data_manager.cc:71] Successfully updated the vertex id index for job 4 with snapshot id: 1
I20240722 06:12:52.679131 2096201 local_data_manager.cc:71] Successfully updated the vertex id index for job 4 with snapshot id: 1
I20240722 06:12:52.679154 2096201 local_data_manager.cc:71] Successfully updated the vertex id index for job 4 with snapshot id: 1
I20240722 06:12:52.679180 2096201 local_data_manager.cc:71] Successfully updated the vertex id index for job 4 with snapshot id: 1
I20240722 06:12:52.679204 2096201 local_data_manager.cc:71] Successfully updated the vertex id index for job 4 with snapshot id: 1
I20240722 06:12:52.679229 2096201 local_data_manager.cc:71] Successfully updated the vertex id index for job 4 with snapshot id: 1
I20240722 06:12:52.679251 2096201 local_data_manager.cc:71] Successfully updated the vertex id index for job 4 with snapshot id: 1
I20240722 06:12:59.524821 2096208 state_machine-inl.h:201] fireStateChanged VeloxExecTask_5_64 state changed to 1
I20240722 06:12:59.526249 2096203 vertex_segment_base.cc:86] createMutableVertexIdIndex --------- commit_key 5.test.ns.g1.job_reuse_label_5.30.snapshot-vid-index
I20240722 06:12:59.526788 2096210 vertex_segment_base.cc:86] createMutableVertexIdIndex --------- commit_key 5.test.ns.g1.job_reuse_label_5.28.snapshot-vid-index
I20240722 06:12:59.527240 2096212 vertex_segment_base.cc:86] createMutableVertexIdIndex --------- commit_key 5.test.ns.g1.job_reuse_label_5.31.snapshot-vid-index
I20240722 06:12:59.527698 2096207 vertex_segment_base.cc:86] createMutableVertexIdIndex --------- commit_key 5.test.ns.g1.job_reuse_label_5.18.snapshot-vid-index
I20240722 06:12:59.528183 2096202 vertex_segment_base.cc:86] createMutableVertexIdIndex --------- commit_key 5.test.ns.g1.job_reuse_label_5.11.snapshot-vid-index
I20240722 06:12:59.528717 2096209 vertex_segment_base.cc:86] createMutableVertexIdIndex --------- commit_key 5.test.ns.g1.job_reuse_label_5.23.snapshot-vid-index
I20240722 06:12:59.529255 2096208 vertex_segment_base.cc:86] createMutableVertexIdIndex --------- commit_key 5.test.ns.g1.job_reuse_label_5.10.snapshot-vid-index
I20240722 06:12:59.529757 2096201 vertex_segment_base.cc:86] createMutableVertexIdIndex --------- commit_key 5.test.ns.g1.job_reuse_label_5.22.snapshot-vid-index
I20240722 06:12:59.530222 2096200 vertex_segment_base.cc:86] createMutableVertexIdIndex --------- commit_key 5.test.ns.g1.job_reuse_label_5.9.snapshot-vid-index
I20240722 06:12:59.530676 2096203 vertex_segment_base.cc:86] createMutableVertexIdIndex --------- commit_key 5.test.ns.g1.job_reuse_label_5.19.snapshot-vid-index
I20240722 06:12:59.531117 2096210 vertex_segment_base.cc:86] createMutableVertexIdIndex --------- commit_key 5.test.ns.g1.job_reuse_label_5.6.snapshot-vid-index
I20240722 06:12:59.531533 2096212 vertex_segment_base.cc:86] createMutableVertexIdIndex --------- commit_key 5.test.ns.g1.job_reuse_label_5.16.snapshot-vid-index
I20240722 06:12:59.532012 2096207 vertex_segment_base.cc:86] createMutableVertexIdIndex --------- commit_key 5.test.ns.g1.job_reuse_label_5.3.snapshot-vid-index
I20240722 06:12:59.532590 2096202 vertex_segment_base.cc:103] createMutableVertexRowIndex --------- commit_key 5.test.ns.g1.job_reuse_label_5.30.snapshot-vtx-row-index
I20240722 06:12:59.533030 2096209 vertex_segment_base.cc:103] createMutableVertexRowIndex --------- commit_key 5.test.ns.g1.job_reuse_label_5.28.snapshot-vtx-row-index
I20240722 06:12:59.533504 2096208 vertex_segment_base.cc:103] createMutableVertexRowIndex --------- commit_key 5.test.ns.g1.job_reuse_label_5.31.snapshot-vtx-row-index
I20240722 06:12:59.534018 2096201 vertex_segment_base.cc:103] createMutableVertexRowIndex --------- commit_key 5.test.ns.g1.job_reuse_label_5.18.snapshot-vtx-row-index
I20240722 06:12:59.534466 2096200 vertex_segment_base.cc:103] createMutableVertexRowIndex --------- commit_key 5.test.ns.g1.job_reuse_label_5.11.snapshot-vtx-row-index
I20240722 06:12:59.534852 2096203 vertex_segment_base.cc:103] createMutableVertexRowIndex --------- commit_key 5.test.ns.g1.job_reuse_label_5.23.snapshot-vtx-row-index
I20240722 06:12:59.535270 2096210 vertex_segment_base.cc:103] createMutableVertexRowIndex --------- commit_key 5.test.ns.g1.job_reuse_label_5.10.snapshot-vtx-row-index
I20240722 06:12:59.535742 2096212 vertex_segment_base.cc:103] createMutableVertexRowIndex --------- commit_key 5.test.ns.g1.job_reuse_label_5.22.snapshot-vtx-row-index
I20240722 06:12:59.536264 2096207 vertex_segment_base.cc:103] createMutableVertexRowIndex --------- commit_key 5.test.ns.g1.job_reuse_label_5.9.snapshot-vtx-row-index
I20240722 06:12:59.536713 2096202 vertex_segment_base.cc:103] createMutableVertexRowIndex --------- commit_key 5.test.ns.g1.job_reuse_label_5.19.snapshot-vtx-row-index
I20240722 06:12:59.537179 2096209 vertex_segment_base.cc:103] createMutableVertexRowIndex --------- commit_key 5.test.ns.g1.job_reuse_label_5.6.snapshot-vtx-row-index
I20240722 06:12:59.537628 2096208 vertex_segment_base.cc:103] createMutableVertexRowIndex --------- commit_key 5.test.ns.g1.job_reuse_label_5.16.snapshot-vtx-row-index
I20240722 06:12:59.538101 2096201 vertex_segment_base.cc:103] createMutableVertexRowIndex --------- commit_key 5.test.ns.g1.job_reuse_label_5.3.snapshot-vtx-row-index
I20240722 06:12:59.538188 2096201 vertex_import_write_exec_task.cc:146] ============================================ VertexImportWriteExecTask schema
ROW<pkey:INTEGER,int32:INTEGER,str:VARCHAR,float64:DOUBLE>
I20240722 06:12:59.544310 2096200 graph_storage_service2.cc:344] Received get task status request for job_id: 5, task_id: 64 task_status: pending { } call id: 30816390348841
I20240722 06:12:59.548916 2097166 graph_storage_service2.cc:276] Getting task status for Task: 5_64 task_status: running { } call id: 30816390348841
I20240722 06:12:59.549017 2097166 graph_storage_service2.cc:291] Get task status success for Task: 5_64 task_status: running { } call id: 30816390348841 latency: 5ms.
I20240722 06:12:59.552630 2096211 graph_storage_service2.cc:344] Received get task status request for job_id: 5, task_id: 64 task_status: running { } call id: 5536212844561
I20240722 06:12:59.561990 2096197 state_machine-inl.h:201] fireStateChanged VeloxExecTask_5_60 state changed to 1
I20240722 06:12:59.562382 2096197 vertex_import_read_exec_task.cc:126] ============================================ exchange schema
ROW<pkey:INTEGER,int32:INTEGER,str:VARCHAR,float64:DOUBLE>
I20240722 06:12:59.562999 2096411 remote_exchange_source.h:58] remote exchange brpc://127.0.0.1:55536/task/5-vertex-import-read/0
I20240722 06:12:59.563197 2096411 remote_exchange_source.h:58] remote exchange brpc://127.0.0.1:55535/task/5-vertex-import-read/0
I20240722 06:12:59.563755 2096402 remote_exchange_source.h:58] remote exchange brpc://127.0.0.1:55536/task/5-vertex-import-read/0
I20240722 06:12:59.563956 2096402 remote_exchange_source.h:58] remote exchange brpc://127.0.0.1:55535/task/5-vertex-import-read/0
I20240722 06:12:59.564081 2096404 remote_exchange_source.h:58] remote exchange brpc://127.0.0.1:55536/task/5-vertex-import-read/0
I20240722 06:12:59.564263 2096404 remote_exchange_source.h:58] remote exchange brpc://127.0.0.1:55535/task/5-vertex-import-read/0
I20240722 06:12:59.565105 2096414 remote_exchange_source.h:58] remote exchange brpc://127.0.0.1:55536/task/5-vertex-import-read/0
I20240722 06:12:59.565274 2096414 remote_exchange_source.h:58] remote exchange brpc://127.0.0.1:55535/task/5-vertex-import-read/0
I20240722 06:12:59.565392 2096203 graph_storage_service2.cc:344] Received get task status request for job_id: 5, task_id: 60 task_status: pending { } call id: 8813272891433
I20240722 06:12:59.565511 2097166 graph_storage_service2.cc:276] Getting task status for Task: 5_60 task_status: running { } call id: 8813272891433
I20240722 06:12:59.565579 2097166 graph_storage_service2.cc:291] Get task status success for Task: 5_60 task_status: running { } call id: 8813272891433 latency: 0ms.
I20240722 06:12:59.566241 2096208 graph_storage_service2.cc:344] Received get task status request for job_id: 5, task_id: 60 task_status: running { } call id: 12159052415009
I20240722 06:12:59.576983 2096410 Task.cpp:983] All drivers (10) finished for task brpc://127.0.0.1:55537/task/5-vertex-import-read/0 after running for 15 ms.
I20240722 06:12:59.600118 2096427 remote_exchange_source.h:58] remote exchange brpc://127.0.0.1:55536/task/5-vertex-import-read/0
I20240722 06:12:59.600211 2096406 remote_exchange_source.h:58] remote exchange brpc://127.0.0.1:55536/task/5-vertex-import-read/0
I20240722 06:12:59.600327 2096427 remote_exchange_source.h:58] remote exchange brpc://127.0.0.1:55535/task/5-vertex-import-read/0
I20240722 06:12:59.600349 2096406 remote_exchange_source.h:58] remote exchange brpc://127.0.0.1:55535/task/5-vertex-import-read/0
I20240722 06:12:59.600518 2096413 remote_exchange_source.h:58] remote exchange brpc://127.0.0.1:55536/task/5-vertex-import-read/0
I20240722 06:12:59.600654 2096413 remote_exchange_source.h:58] remote exchange brpc://127.0.0.1:55535/task/5-vertex-import-read/0
I20240722 06:12:59.601112 2096403 remote_exchange_source.h:58] remote exchange brpc://127.0.0.1:55536/task/5-vertex-import-read/0
I20240722 06:12:59.601246 2096403 remote_exchange_source.h:58] remote exchange brpc://127.0.0.1:55535/task/5-vertex-import-read/0
I20240722 06:12:59.601419 2096409 remote_exchange_source.h:58] remote exchange brpc://127.0.0.1:55536/task/5-vertex-import-read/0
I20240722 06:12:59.601527 2096409 remote_exchange_source.h:58] remote exchange brpc://127.0.0.1:55535/task/5-vertex-import-read/0
I20240722 06:12:59.601936 2096428 remote_exchange_source.h:58] remote exchange brpc://127.0.0.1:55536/task/5-vertex-import-read/0
I20240722 06:12:59.602161 2096428 remote_exchange_source.h:58] remote exchange brpc://127.0.0.1:55535/task/5-vertex-import-read/0
I20240722 06:12:59.602233 2096412 remote_exchange_source.h:58] remote exchange brpc://127.0.0.1:55536/task/5-vertex-import-read/0
I20240722 06:12:59.602392 2096412 remote_exchange_source.h:58] remote exchange brpc://127.0.0.1:55535/task/5-vertex-import-read/0
I20240722 06:12:59.603811 2096414 Task.cpp:983] All drivers (1) finished for task local://localhost:0/task/5-vertex-import-write/6 after running for 61 ms.
I20240722 06:12:59.605454 2096414 Task.cpp:1665] Terminating task local://localhost:0/task/5-vertex-import-write/6 with state Finished after running for 63 ms.
I20240722 06:12:59.607523 2096407 Task.cpp:1665] Terminating task brpc://127.0.0.1:55537/task/5-vertex-import-read/0 with state Finished after running for 45 ms.
I20240722 06:12:59.607642 2096414 state_machine-inl.h:201] fireStateChanged VeloxExecTask_5_60 state changed to 2
I20240722 06:12:59.607653 2096404 Task.cpp:983] All drivers (1) finished for task local://localhost:0/task/5-vertex-import-write/16 after running for 65 ms.
I20240722 06:12:59.607734 2096407 remote_exchange_source.h:58] remote exchange brpc://127.0.0.1:55536/task/5-vertex-import-read/0
I20240722 06:12:59.607806 2097166 graph_storage_service2.cc:276] Getting task status for Task: 5_60 task_status: finished { } call id: 12159052415009
I20240722 06:12:59.607877 2097166 graph_storage_service2.cc:291] Get task status success for Task: 5_60 task_status: finished { } call id: 12159052415009 latency: 41ms.
I20240722 06:12:59.608189 2096430 remote_exchange_source.h:58] remote exchange brpc://127.0.0.1:55536/task/5-vertex-import-read/0
I20240722 06:12:59.609170 2096404 Task.cpp:1665] Terminating task local://localhost:0/task/5-vertex-import-write/16 with state Finished after running for 67 ms.
I20240722 06:12:59.609557 2096407 remote_exchange_source.h:58] remote exchange brpc://127.0.0.1:55535/task/5-vertex-import-read/0
I20240722 06:12:59.612514 2096430 remote_exchange_source.h:58] remote exchange brpc://127.0.0.1:55535/task/5-vertex-import-read/0
I20240722 06:12:59.619299 2096402 Task.cpp:983] All drivers (1) finished for task local://localhost:0/task/5-vertex-import-write/3 after running for 76 ms.
I20240722 06:12:59.619318 2096411 Task.cpp:983] All drivers (1) finished for task local://localhost:0/task/5-vertex-import-write/19 after running for 78 ms.
I20240722 06:12:59.619408 2096402 Task.cpp:1665] Terminating task local://localhost:0/task/5-vertex-import-write/3 with state Finished after running for 76 ms.
I20240722 06:12:59.619419 2096411 Task.cpp:1665] Terminating task local://localhost:0/task/5-vertex-import-write/19 with state Finished after running for 78 ms.
I20240722 06:12:59.663228 2096409 Task.cpp:983] All drivers (1) finished for task local://localhost:0/task/5-vertex-import-write/23 after running for 123 ms.
I20240722 06:12:59.663733 2096409 Task.cpp:1665] Terminating task local://localhost:0/task/5-vertex-import-write/23 with state Finished after running for 123 ms.
I20240722 06:12:59.663988 2096413 Task.cpp:983] All drivers (1) finished for task local://localhost:0/task/5-vertex-import-write/31 after running for 125 ms.
I20240722 06:12:59.664062 2096413 Task.cpp:1665] Terminating task local://localhost:0/task/5-vertex-import-write/31 with state Finished after running for 125 ms.
I20240722 06:12:59.668673 2096427 Task.cpp:983] All drivers (1) finished for task local://localhost:0/task/5-vertex-import-write/28 after running for 130 ms.
I20240722 06:12:59.668753 2096427 Task.cpp:1665] Terminating task local://localhost:0/task/5-vertex-import-write/28 with state Finished after running for 130 ms.
I20240722 06:12:59.670269 2096428 Task.cpp:983] All drivers (1) finished for task local://localhost:0/task/5-vertex-import-write/10 after running for 130 ms.
I20240722 06:12:59.670332 2096428 Task.cpp:1665] Terminating task local://localhost:0/task/5-vertex-import-write/10 with state Finished after running for 130 ms.
I20240722 06:12:59.670502 2096414 Task.cpp:983] All drivers (1) finished for task local://localhost:0/task/5-vertex-import-write/30 after running for 132 ms.
I20240722 06:12:59.670538 2096414 Task.cpp:1665] Terminating task local://localhost:0/task/5-vertex-import-write/30 with state Finished after running for 132 ms.
I20240722 06:12:59.671746 2096412 Task.cpp:983] All drivers (1) finished for task local://localhost:0/task/5-vertex-import-write/22 after running for 130 ms.
I20240722 06:12:59.671813 2096412 Task.cpp:1665] Terminating task local://localhost:0/task/5-vertex-import-write/22 with state Finished after running for 130 ms.
I20240722 06:12:59.672076 2096407 Task.cpp:983] All drivers (1) finished for task local://localhost:0/task/5-vertex-import-write/18 after running for 133 ms.
I20240722 06:12:59.672143 2096407 Task.cpp:1665] Terminating task local://localhost:0/task/5-vertex-import-write/18 with state Finished after running for 133 ms.
I20240722 06:12:59.675022 2096430 Task.cpp:983] All drivers (1) finished for task local://localhost:0/task/5-vertex-import-write/9 after running for 134 ms.
I20240722 06:12:59.675113 2096430 Task.cpp:1665] Terminating task local://localhost:0/task/5-vertex-import-write/9 with state Finished after running for 134 ms.
I20240722 06:12:59.676028 2096402 Task.cpp:983] All drivers (1) finished for task local://localhost:0/task/5-vertex-import-write/11 after running for 137 ms.
I20240722 06:12:59.676119 2096402 Task.cpp:1665] Terminating task local://localhost:0/task/5-vertex-import-write/11 with state Finished after running for 137 ms.
I20240722 06:12:59.685276 2096430 meta_service_client.cc:756] Successfully submitImportJobFiles
I20240722 06:12:59.685519 2096430 state_machine-inl.h:201] fireStateChanged VeloxExecTask_5_64 state changed to 2
I20240722 06:12:59.685662 2097166 graph_storage_service2.cc:276] Getting task status for Task: 5_64 task_status: finished { } call id: 5536212844561
I20240722 06:12:59.685729 2097166 graph_storage_service2.cc:291] Get task status success for Task: 5_64 task_status: finished { } call id: 5536212844561 latency: 133ms.
I20240722 06:13:03.295149 2096214 local_data_manager.cc:71] Successfully updated the vertex id index for job 5 with snapshot id: 1
I20240722 06:13:03.295202 2096214 local_data_manager.cc:71] Successfully updated the vertex id index for job 5 with snapshot id: 1
I20240722 06:13:03.295229 2096214 local_data_manager.cc:71] Successfully updated the vertex id index for job 5 with snapshot id: 1
I20240722 06:13:03.295261 2096214 local_data_manager.cc:71] Successfully updated the vertex id index for job 5 with snapshot id: 1
I20240722 06:13:03.295306 2096214 local_data_manager.cc:71] Successfully updated the vertex id index for job 5 with snapshot id: 1
I20240722 06:13:03.295342 2096214 local_data_manager.cc:71] Successfully updated the vertex id index for job 5 with snapshot id: 1
I20240722 06:13:03.295369 2096214 local_data_manager.cc:71] Successfully updated the vertex id index for job 5 with snapshot id: 1
I20240722 06:13:03.295393 2096214 local_data_manager.cc:71] Successfully updated the vertex id index for job 5 with snapshot id: 1
I20240722 06:13:03.295416 2096214 local_data_manager.cc:71] Successfully updated the vertex id index for job 5 with snapshot id: 1
I20240722 06:13:03.295441 2096214 local_data_manager.cc:71] Successfully updated the vertex id index for job 5 with snapshot id: 1
I20240722 06:13:03.295464 2096214 local_data_manager.cc:71] Successfully updated the vertex id index for job 5 with snapshot id: 1
I20240722 06:13:03.295490 2096214 local_data_manager.cc:71] Successfully updated the vertex id index for job 5 with snapshot id: 1
I20240722 06:13:03.295526 2096214 local_data_manager.cc:71] Successfully updated the vertex id index for job 5 with snapshot id: 1
I20240722 06:13:07.540226 2096199 state_machine-inl.h:201] fireStateChanged VeloxExecTask_6_76 state changed to 1
I20240722 06:13:07.541515 2096199 vertex_segment_base.cc:86] createMutableVertexIdIndex --------- commit_key 6.test.ns.g1.job_reuse_label_6.30.snapshot-vid-index
I20240722 06:13:07.541996 2096213 vertex_segment_base.cc:86] createMutableVertexIdIndex --------- commit_key 6.test.ns.g1.job_reuse_label_6.28.snapshot-vid-index
I20240722 06:13:07.542515 2096214 vertex_segment_base.cc:86] createMutableVertexIdIndex --------- commit_key 6.test.ns.g1.job_reuse_label_6.31.snapshot-vid-index
I20240722 06:13:07.542917 2096199 vertex_segment_base.cc:86] createMutableVertexIdIndex --------- commit_key 6.test.ns.g1.job_reuse_label_6.18.snapshot-vid-index
I20240722 06:13:07.543346 2096213 vertex_segment_base.cc:86] createMutableVertexIdIndex --------- commit_key 6.test.ns.g1.job_reuse_label_6.11.snapshot-vid-index
I20240722 06:13:07.543763 2096214 vertex_segment_base.cc:86] createMutableVertexIdIndex --------- commit_key 6.test.ns.g1.job_reuse_label_6.23.snapshot-vid-index
I20240722 06:13:07.544188 2096199 vertex_segment_base.cc:86] createMutableVertexIdIndex --------- commit_key 6.test.ns.g1.job_reuse_label_6.10.snapshot-vid-index
I20240722 06:13:07.544596 2096213 vertex_segment_base.cc:86] createMutableVertexIdIndex --------- commit_key 6.test.ns.g1.job_reuse_label_6.22.snapshot-vid-index
I20240722 06:13:07.545001 2096214 vertex_segment_base.cc:86] createMutableVertexIdIndex --------- commit_key 6.test.ns.g1.job_reuse_label_6.9.snapshot-vid-index
I20240722 06:13:07.545375 2096199 vertex_segment_base.cc:86] createMutableVertexIdIndex --------- commit_key 6.test.ns.g1.job_reuse_label_6.19.snapshot-vid-index
I20240722 06:13:07.545830 2096213 vertex_segment_base.cc:86] createMutableVertexIdIndex --------- commit_key 6.test.ns.g1.job_reuse_label_6.6.snapshot-vid-index
I20240722 06:13:07.546197 2096214 vertex_segment_base.cc:86] createMutableVertexIdIndex --------- commit_key 6.test.ns.g1.job_reuse_label_6.16.snapshot-vid-index
I20240722 06:13:07.546614 2096199 vertex_segment_base.cc:86] createMutableVertexIdIndex --------- commit_key 6.test.ns.g1.job_reuse_label_6.3.snapshot-vid-index
I20240722 06:13:07.547127 2096213 vertex_segment_base.cc:103] createMutableVertexRowIndex --------- commit_key 6.test.ns.g1.job_reuse_label_6.30.snapshot-vtx-row-index
I20240722 06:13:07.547528 2096214 vertex_segment_base.cc:103] createMutableVertexRowIndex --------- commit_key 6.test.ns.g1.job_reuse_label_6.28.snapshot-vtx-row-index
I20240722 06:13:07.547875 2096199 vertex_segment_base.cc:103] createMutableVertexRowIndex --------- commit_key 6.test.ns.g1.job_reuse_label_6.31.snapshot-vtx-row-index
I20240722 06:13:07.548305 2096213 vertex_segment_base.cc:103] createMutableVertexRowIndex --------- commit_key 6.test.ns.g1.job_reuse_label_6.18.snapshot-vtx-row-index
I20240722 06:13:07.548727 2096214 vertex_segment_base.cc:103] createMutableVertexRowIndex --------- commit_key 6.test.ns.g1.job_reuse_label_6.11.snapshot-vtx-row-index
I20240722 06:13:07.549135 2096199 vertex_segment_base.cc:103] createMutableVertexRowIndex --------- commit_key 6.test.ns.g1.job_reuse_label_6.23.snapshot-vtx-row-index
I20240722 06:13:07.549489 2096213 vertex_segment_base.cc:103] createMutableVertexRowIndex --------- commit_key 6.test.ns.g1.job_reuse_label_6.10.snapshot-vtx-row-index
I20240722 06:13:07.549867 2096214 vertex_segment_base.cc:103] createMutableVertexRowIndex --------- commit_key 6.test.ns.g1.job_reuse_label_6.22.snapshot-vtx-row-index
I20240722 06:13:07.550267 2096199 vertex_segment_base.cc:103] createMutableVertexRowIndex --------- commit_key 6.test.ns.g1.job_reuse_label_6.9.snapshot-vtx-row-index
I20240722 06:13:07.550705 2096213 vertex_segment_base.cc:103] createMutableVertexRowIndex --------- commit_key 6.test.ns.g1.job_reuse_label_6.19.snapshot-vtx-row-index
I20240722 06:13:07.551182 2096214 vertex_segment_base.cc:103] createMutableVertexRowIndex --------- commit_key 6.test.ns.g1.job_reuse_label_6.6.snapshot-vtx-row-index
I20240722 06:13:07.551597 2096199 vertex_segment_base.cc:103] createMutableVertexRowIndex --------- commit_key 6.test.ns.g1.job_reuse_label_6.16.snapshot-vtx-row-index
I20240722 06:13:07.551990 2096213 vertex_segment_base.cc:103] createMutableVertexRowIndex --------- commit_key 6.test.ns.g1.job_reuse_label_6.3.snapshot-vtx-row-index
I20240722 06:13:07.552081 2096213 vertex_import_write_exec_task.cc:146] ============================================ VertexImportWriteExecTask schema
ROW<pkey:INTEGER,int32:INTEGER,str:VARCHAR,float64:DOUBLE>
I20240722 06:13:07.553421 2096402 remote_exchange_source.h:58] remote exchange brpc://127.0.0.1:55536/task/6-vertex-import-read/0
I20240722 06:13:07.553575 2096402 remote_exchange_source.h:58] remote exchange brpc://127.0.0.1:55535/task/6-vertex-import-read/0
I20240722 06:13:07.553958 2096430 remote_exchange_source.h:58] remote exchange brpc://127.0.0.1:55536/task/6-vertex-import-read/0
I20240722 06:13:07.554090 2096430 remote_exchange_source.h:58] remote exchange brpc://127.0.0.1:55535/task/6-vertex-import-read/0
I20240722 06:13:07.554401 2096407 remote_exchange_source.h:58] remote exchange brpc://127.0.0.1:55536/task/6-vertex-import-read/0
I20240722 06:13:07.554529 2096407 remote_exchange_source.h:58] remote exchange brpc://127.0.0.1:55535/task/6-vertex-import-read/0
I20240722 06:13:07.554770 2096413 remote_exchange_source.h:58] remote exchange brpc://127.0.0.1:55536/task/6-vertex-import-read/0
I20240722 06:13:07.554934 2096413 remote_exchange_source.h:58] remote exchange brpc://127.0.0.1:55535/task/6-vertex-import-read/0
I20240722 06:13:07.555212 2096412 remote_exchange_source.h:58] remote exchange brpc://127.0.0.1:55536/task/6-vertex-import-read/0
I20240722 06:13:07.555332 2096412 remote_exchange_source.h:58] remote exchange brpc://127.0.0.1:55535/task/6-vertex-import-read/0
I20240722 06:13:07.555639 2096414 remote_exchange_source.h:58] remote exchange brpc://127.0.0.1:55536/task/6-vertex-import-read/0
I20240722 06:13:07.555771 2096414 remote_exchange_source.h:58] remote exchange brpc://127.0.0.1:55535/task/6-vertex-import-read/0
I20240722 06:13:07.556011 2096428 remote_exchange_source.h:58] remote exchange brpc://127.0.0.1:55536/task/6-vertex-import-read/0
I20240722 06:13:07.556159 2096428 remote_exchange_source.h:58] remote exchange brpc://127.0.0.1:55535/task/6-vertex-import-read/0
I20240722 06:13:07.556389 2096427 remote_exchange_source.h:58] remote exchange brpc://127.0.0.1:55536/task/6-vertex-import-read/0
I20240722 06:13:07.556509 2096427 remote_exchange_source.h:58] remote exchange brpc://127.0.0.1:55535/task/6-vertex-import-read/0
I20240722 06:13:07.556694 2096403 remote_exchange_source.h:58] remote exchange brpc://127.0.0.1:55536/task/6-vertex-import-read/0
I20240722 06:13:07.556826 2096403 remote_exchange_source.h:58] remote exchange brpc://127.0.0.1:55535/task/6-vertex-import-read/0
I20240722 06:13:07.557296 2096409 remote_exchange_source.h:58] remote exchange brpc://127.0.0.1:55536/task/6-vertex-import-read/0
I20240722 06:13:07.557490 2096409 remote_exchange_source.h:58] remote exchange brpc://127.0.0.1:55535/task/6-vertex-import-read/0
I20240722 06:13:07.557552 2096404 remote_exchange_source.h:58] remote exchange brpc://127.0.0.1:55536/task/6-vertex-import-read/0
I20240722 06:13:07.557677 2096404 remote_exchange_source.h:58] remote exchange brpc://127.0.0.1:55535/task/6-vertex-import-read/0
I20240722 06:13:07.557950 2096411 remote_exchange_source.h:58] remote exchange brpc://127.0.0.1:55536/task/6-vertex-import-read/0
I20240722 06:13:07.558089 2096411 remote_exchange_source.h:58] remote exchange brpc://127.0.0.1:55535/task/6-vertex-import-read/0
I20240722 06:13:07.558290 2096406 remote_exchange_source.h:58] remote exchange brpc://127.0.0.1:55536/task/6-vertex-import-read/0
I20240722 06:13:07.558413 2096406 remote_exchange_source.h:58] remote exchange brpc://127.0.0.1:55535/task/6-vertex-import-read/0
I20240722 06:13:07.558481 2096214 graph_storage_service2.cc:344] Received get task status request for job_id: 6, task_id: 76 task_status: pending { } call id: 15448997363773
I20240722 06:13:07.558604 2097166 graph_storage_service2.cc:276] Getting task status for Task: 6_76 task_status: running { } call id: 15448997363773
I20240722 06:13:07.558669 2097166 graph_storage_service2.cc:291] Get task status success for Task: 6_76 task_status: running { } call id: 15448997363773 latency: 0ms.
I20240722 06:13:07.559245 2096199 graph_storage_service2.cc:344] Received get task status request for job_id: 6, task_id: 76 task_status: running { } call id: 4475355922497
I20240722 06:13:07.569181 2096213 state_machine-inl.h:201] fireStateChanged VeloxExecTask_6_74 state changed to 1
I20240722 06:13:07.569558 2096213 vertex_import_read_exec_task.cc:126] ============================================ exchange schema
ROW<pkey:INTEGER,int32:INTEGER,str:VARCHAR,float64:DOUBLE>
I20240722 06:13:07.571372 2096214 graph_storage_service2.cc:344] Received get task status request for job_id: 6, task_id: 74 task_status: pending { } call id: 4479650889737
I20240722 06:13:07.571470 2097166 graph_storage_service2.cc:276] Getting task status for Task: 6_74 task_status: running { } call id: 4479650889737
I20240722 06:13:07.571503 2097166 graph_storage_service2.cc:291] Get task status success for Task: 6_74 task_status: running { } call id: 4479650889737 latency: 0ms.
I20240722 06:13:07.571998 2096199 graph_storage_service2.cc:344] Received get task status request for job_id: 6, task_id: 74 task_status: running { } call id: 34144990003209
I20240722 06:13:07.582389 2096405 Task.cpp:983] All drivers (10) finished for task brpc://127.0.0.1:55537/task/6-vertex-import-read/0 after running for 12 ms.
I20240722 06:13:07.605105 2096204 Task.cpp:1665] Terminating task brpc://127.0.0.1:55537/task/6-vertex-import-read/0 with state Finished after running for 35 ms.
I20240722 06:13:07.605243 2096427 state_machine-inl.h:201] fireStateChanged VeloxExecTask_6_74 state changed to 2
I20240722 06:13:07.605374 2097166 graph_storage_service2.cc:276] Getting task status for Task: 6_74 task_status: finished { } call id: 34144990003209
I20240722 06:13:07.605422 2097166 graph_storage_service2.cc:291] Get task status success for Task: 6_74 task_status: finished { } call id: 34144990003209 latency: 34ms.
I20240722 06:13:07.668097 2096402 Task.cpp:983] All drivers (1) finished for task local://localhost:0/task/6-vertex-import-write/19 after running for 112 ms.
I20240722 06:13:07.668179 2096402 Task.cpp:1665] Terminating task local://localhost:0/task/6-vertex-import-write/19 with state Finished after running for 112 ms.
I20240722 06:13:07.669749 2096403 Task.cpp:983] All drivers (1) finished for task local://localhost:0/task/6-vertex-import-write/16 after running for 112 ms.
I20240722 06:13:07.669828 2096403 Task.cpp:1665] Terminating task local://localhost:0/task/6-vertex-import-write/16 with state Finished after running for 112 ms.
I20240722 06:13:07.674808 2096412 Task.cpp:983] All drivers (1) finished for task local://localhost:0/task/6-vertex-import-write/10 after running for 119 ms.
I20240722 06:13:07.674877 2096412 Task.cpp:1665] Terminating task local://localhost:0/task/6-vertex-import-write/10 with state Finished after running for 119 ms.
I20240722 06:13:07.678949 2096413 Task.cpp:983] All drivers (1) finished for task local://localhost:0/task/6-vertex-import-write/22 after running for 123 ms.
I20240722 06:13:07.679020 2096413 Task.cpp:1665] Terminating task local://localhost:0/task/6-vertex-import-write/22 with state Finished after running for 124 ms.
I20240722 06:13:07.683059 2096404 Task.cpp:983] All drivers (1) finished for task local://localhost:0/task/6-vertex-import-write/6 after running for 127 ms.
I20240722 06:13:07.683130 2096404 Task.cpp:1665] Terminating task local://localhost:0/task/6-vertex-import-write/6 with state Finished after running for 127 ms.
I20240722 06:13:07.684195 2096427 Task.cpp:983] All drivers (1) finished for task local://localhost:0/task/6-vertex-import-write/23 after running for 130 ms.
I20240722 06:13:07.684264 2096427 Task.cpp:1665] Terminating task local://localhost:0/task/6-vertex-import-write/23 with state Finished after running for 130 ms.
I20240722 06:13:07.687870 2096414 Task.cpp:983] All drivers (1) finished for task local://localhost:0/task/6-vertex-import-write/9 after running for 131 ms.
I20240722 06:13:07.687948 2096414 Task.cpp:1665] Terminating task local://localhost:0/task/6-vertex-import-write/9 with state Finished after running for 131 ms.
I20240722 06:13:07.689620 2096406 Task.cpp:983] All drivers (1) finished for task local://localhost:0/task/6-vertex-import-write/30 after running for 137 ms.
I20240722 06:13:07.689683 2096406 Task.cpp:1665] Terminating task local://localhost:0/task/6-vertex-import-write/30 with state Finished after running for 137 ms.
I20240722 06:13:07.690071 2096407 Task.cpp:983] All drivers (1) finished for task local://localhost:0/task/6-vertex-import-write/3 after running for 133 ms.
I20240722 06:13:07.690125 2096407 Task.cpp:1665] Terminating task local://localhost:0/task/6-vertex-import-write/3 with state Finished after running for 133 ms.
I20240722 06:13:07.690694 2096409 Task.cpp:983] All drivers (1) finished for task local://localhost:0/task/6-vertex-import-write/18 after running for 136 ms.
I20240722 06:13:07.690761 2096409 Task.cpp:1665] Terminating task local://localhost:0/task/6-vertex-import-write/18 with state Finished after running for 136 ms.
I20240722 06:13:07.692776 2096428 Task.cpp:983] All drivers (1) finished for task local://localhost:0/task/6-vertex-import-write/11 after running for 138 ms.
I20240722 06:13:07.692837 2096428 Task.cpp:1665] Terminating task local://localhost:0/task/6-vertex-import-write/11 with state Finished after running for 138 ms.
I20240722 06:13:07.695574 2096411 Task.cpp:983] All drivers (1) finished for task local://localhost:0/task/6-vertex-import-write/31 after running for 142 ms.
I20240722 06:13:07.695636 2096411 Task.cpp:1665] Terminating task local://localhost:0/task/6-vertex-import-write/31 with state Finished after running for 142 ms.
I20240722 06:13:07.699071 2096405 Task.cpp:983] All drivers (1) finished for task local://localhost:0/task/6-vertex-import-write/28 after running for 146 ms.
I20240722 06:13:07.699154 2096405 Task.cpp:1665] Terminating task local://localhost:0/task/6-vertex-import-write/28 with state Finished after running for 146 ms.
I20240722 06:13:07.705509 2096413 meta_service_client.cc:756] Successfully submitImportJobFiles
I20240722 06:13:07.705731 2096413 state_machine-inl.h:201] fireStateChanged VeloxExecTask_6_76 state changed to 2
I20240722 06:13:07.705878 2097166 graph_storage_service2.cc:276] Getting task status for Task: 6_76 task_status: finished { } call id: 4475355922497
I20240722 06:13:07.705955 2097166 graph_storage_service2.cc:291] Get task status success for Task: 6_76 task_status: finished { } call id: 4475355922497 latency: 146ms.
I20240722 06:13:15.558426 2096211 state_machine-inl.h:201] fireStateChanged VeloxExecTask_7_88 state changed to 1
I20240722 06:13:15.559643 2096211 vertex_segment_base.cc:86] createMutableVertexIdIndex --------- commit_key 7.test.ns.g1.vlabel_1_job_reuse_label_7.30.snapshot-vid-index
I20240722 06:13:15.560127 2096198 vertex_segment_base.cc:86] createMutableVertexIdIndex --------- commit_key 7.test.ns.g1.vlabel_1_job_reuse_label_7.28.snapshot-vid-index
I20240722 06:13:15.560544 2096197 vertex_segment_base.cc:86] createMutableVertexIdIndex --------- commit_key 7.test.ns.g1.vlabel_1_job_reuse_label_7.31.snapshot-vid-index
I20240722 06:13:15.560992 2096211 vertex_segment_base.cc:86] createMutableVertexIdIndex --------- commit_key 7.test.ns.g1.vlabel_1_job_reuse_label_7.18.snapshot-vid-index
I20240722 06:13:15.561363 2096198 vertex_segment_base.cc:86] createMutableVertexIdIndex --------- commit_key 7.test.ns.g1.vlabel_1_job_reuse_label_7.11.snapshot-vid-index
I20240722 06:13:15.561739 2096197 vertex_segment_base.cc:86] createMutableVertexIdIndex --------- commit_key 7.test.ns.g1.vlabel_1_job_reuse_label_7.23.snapshot-vid-index
I20240722 06:13:15.562120 2096211 vertex_segment_base.cc:86] createMutableVertexIdIndex --------- commit_key 7.test.ns.g1.vlabel_1_job_reuse_label_7.10.snapshot-vid-index
I20240722 06:13:15.562516 2096198 vertex_segment_base.cc:86] createMutableVertexIdIndex --------- commit_key 7.test.ns.g1.vlabel_1_job_reuse_label_7.22.snapshot-vid-index
I20240722 06:13:15.562985 2096197 vertex_segment_base.cc:86] createMutableVertexIdIndex --------- commit_key 7.test.ns.g1.vlabel_1_job_reuse_label_7.9.snapshot-vid-index
I20240722 06:13:15.563350 2096211 vertex_segment_base.cc:86] createMutableVertexIdIndex --------- commit_key 7.test.ns.g1.vlabel_1_job_reuse_label_7.19.snapshot-vid-index
I20240722 06:13:15.563804 2096198 vertex_segment_base.cc:86] createMutableVertexIdIndex --------- commit_key 7.test.ns.g1.vlabel_1_job_reuse_label_7.6.snapshot-vid-index
I20240722 06:13:15.564146 2096197 vertex_segment_base.cc:86] createMutableVertexIdIndex --------- commit_key 7.test.ns.g1.vlabel_1_job_reuse_label_7.16.snapshot-vid-index
I20240722 06:13:15.564513 2096211 vertex_segment_base.cc:86] createMutableVertexIdIndex --------- commit_key 7.test.ns.g1.vlabel_1_job_reuse_label_7.3.snapshot-vid-index
I20240722 06:13:15.564977 2096198 vertex_segment_base.cc:103] createMutableVertexRowIndex --------- commit_key 7.test.ns.g1.vlabel_1_job_reuse_label_7.30.snapshot-vtx-row-index
I20240722 06:13:15.565380 2096197 vertex_segment_base.cc:103] createMutableVertexRowIndex --------- commit_key 7.test.ns.g1.vlabel_1_job_reuse_label_7.28.snapshot-vtx-row-index
I20240722 06:13:15.565780 2096211 vertex_segment_base.cc:103] createMutableVertexRowIndex --------- commit_key 7.test.ns.g1.vlabel_1_job_reuse_label_7.31.snapshot-vtx-row-index
I20240722 06:13:15.566203 2096198 vertex_segment_base.cc:103] createMutableVertexRowIndex --------- commit_key 7.test.ns.g1.vlabel_1_job_reuse_label_7.18.snapshot-vtx-row-index
I20240722 06:13:15.566519 2096197 vertex_segment_base.cc:103] createMutableVertexRowIndex --------- commit_key 7.test.ns.g1.vlabel_1_job_reuse_label_7.11.snapshot-vtx-row-index
I20240722 06:13:15.566882 2096211 vertex_segment_base.cc:103] createMutableVertexRowIndex --------- commit_key 7.test.ns.g1.vlabel_1_job_reuse_label_7.23.snapshot-vtx-row-index
I20240722 06:13:15.567278 2096198 vertex_segment_base.cc:103] createMutableVertexRowIndex --------- commit_key 7.test.ns.g1.vlabel_1_job_reuse_label_7.10.snapshot-vtx-row-index
I20240722 06:13:15.567601 2096197 vertex_segment_base.cc:103] createMutableVertexRowIndex --------- commit_key 7.test.ns.g1.vlabel_1_job_reuse_label_7.22.snapshot-vtx-row-index
I20240722 06:13:15.567960 2096211 vertex_segment_base.cc:103] createMutableVertexRowIndex --------- commit_key 7.test.ns.g1.vlabel_1_job_reuse_label_7.9.snapshot-vtx-row-index
I20240722 06:13:15.568398 2096198 vertex_segment_base.cc:103] createMutableVertexRowIndex --------- commit_key 7.test.ns.g1.vlabel_1_job_reuse_label_7.19.snapshot-vtx-row-index
I20240722 06:13:15.568809 2096197 vertex_segment_base.cc:103] createMutableVertexRowIndex --------- commit_key 7.test.ns.g1.vlabel_1_job_reuse_label_7.6.snapshot-vtx-row-index
I20240722 06:13:15.569236 2096211 vertex_segment_base.cc:103] createMutableVertexRowIndex --------- commit_key 7.test.ns.g1.vlabel_1_job_reuse_label_7.16.snapshot-vtx-row-index
I20240722 06:13:15.569684 2096198 vertex_segment_base.cc:103] createMutableVertexRowIndex --------- commit_key 7.test.ns.g1.vlabel_1_job_reuse_label_7.3.snapshot-vtx-row-index
I20240722 06:13:15.569756 2096198 vertex_import_write_exec_task.cc:146] ============================================ VertexImportWriteExecTask schema
ROW<pkey:INTEGER,int32:INTEGER,str:VARCHAR,float64:DOUBLE>
I20240722 06:13:15.574437 2096197 graph_storage_service2.cc:344] Received get task status request for job_id: 7, task_id: 88 task_status: pending { } call id: 6674379178045
I20240722 06:13:15.574618 2096400 graph_storage_service2.cc:276] Getting task status for Task: 7_88 task_status: running { } call id: 6674379178045
I20240722 06:13:15.574683 2096400 graph_storage_service2.cc:291] Get task status success for Task: 7_88 task_status: running { } call id: 6674379178045 latency: 0ms.
I20240722 06:13:15.575340 2096198 graph_storage_service2.cc:344] Received get task status request for job_id: 7, task_id: 88 task_status: running { } call id: 16578573762617
I20240722 06:13:15.594877 2096198 state_machine-inl.h:201] fireStateChanged VeloxExecTask_7_84 state changed to 1
I20240722 06:13:15.595274 2096198 vertex_import_read_exec_task.cc:126] ============================================ exchange schema
ROW<pkey:INTEGER,int32:INTEGER,str:VARCHAR,float64:DOUBLE>
I20240722 06:13:15.597273 2096197 graph_storage_service2.cc:344] Received get task status request for job_id: 7, task_id: 84 task_status: pending { } call id: 8843337662477
I20240722 06:13:15.597385 2096400 graph_storage_service2.cc:276] Getting task status for Task: 7_84 task_status: running { } call id: 8843337662477
I20240722 06:13:15.597415 2096400 graph_storage_service2.cc:291] Get task status success for Task: 7_84 task_status: running { } call id: 8843337662477 latency: 0ms.
I20240722 06:13:15.597972 2096197 graph_storage_service2.cc:344] Received get task status request for job_id: 7, task_id: 84 task_status: running { } call id: 8843337662481
I20240722 06:13:15.605716 2096408 Task.cpp:983] All drivers (10) finished for task brpc://127.0.0.1:55537/task/7-vertex-import-read/0 after running for 10 ms.
I20240722 06:13:15.631294 2096405 remote_exchange_source.h:58] remote exchange brpc://127.0.0.1:55536/task/7-vertex-import-read/0
I20240722 06:13:15.631429 2096413 remote_exchange_source.h:58] remote exchange brpc://127.0.0.1:55536/task/7-vertex-import-read/0
I20240722 06:13:15.631570 2096405 remote_exchange_source.h:58] remote exchange brpc://127.0.0.1:55535/task/7-vertex-import-read/0
I20240722 06:13:15.631613 2096413 remote_exchange_source.h:58] remote exchange brpc://127.0.0.1:55535/task/7-vertex-import-read/0
I20240722 06:13:15.631672 2096428 remote_exchange_source.h:58] remote exchange brpc://127.0.0.1:55536/task/7-vertex-import-read/0
I20240722 06:13:15.631831 2096428 remote_exchange_source.h:58] remote exchange brpc://127.0.0.1:55535/task/7-vertex-import-read/0
I20240722 06:13:15.632436 2096407 remote_exchange_source.h:58] remote exchange brpc://127.0.0.1:55536/task/7-vertex-import-read/0
I20240722 06:13:15.632577 2096407 remote_exchange_source.h:58] remote exchange brpc://127.0.0.1:55535/task/7-vertex-import-read/0
I20240722 06:13:15.632577 2096409 remote_exchange_source.h:58] remote exchange brpc://127.0.0.1:55536/task/7-vertex-import-read/0
I20240722 06:13:15.632776 2096409 remote_exchange_source.h:58] remote exchange brpc://127.0.0.1:55535/task/7-vertex-import-read/0
I20240722 06:13:15.632798 2096406 remote_exchange_source.h:58] remote exchange brpc://127.0.0.1:55536/task/7-vertex-import-read/0
I20240722 06:13:15.632942 2096406 remote_exchange_source.h:58] remote exchange brpc://127.0.0.1:55535/task/7-vertex-import-read/0
I20240722 06:13:15.632962 2096414 remote_exchange_source.h:58] remote exchange brpc://127.0.0.1:55536/task/7-vertex-import-read/0
