I20240722 06:13:37.873550 2098177 base_table_operations.cc:63] Getting table metadata from store: test.ns.g1.VERTEX_TABLE.job_reuse_label_5
I20240722 06:13:37.873898 2098177 json_table_metadata_parser.h:43] JsonTableMetadataParser::deSerTableMetadata: {"commit-cas-version":1,"current-schema-id":0,"current-snapshot-id":1,"current-spec-id":0,"edge-snapshot-by-id":{},"format-version":1,"last-column-id":5,"last-updated-ms":2944201014658211,"location":"/test/ns/job_reuse_label_5/job_reuse_label_5","metadata-dir":"/tmp/flavius/metadata","metadata-file-location":"/tmp/flavius/metadata/job_reuse_label_5/1-1303455736.metadata.json","properties":{},"schema-by-id":{"0":{"fields":{"base-type":"struct","type":[{"doc":"Internal vertex ID column","field-id":1,"field-name":"__vid__","field-type":{"base-type":"primitive","type":"int64"},"is-optional":false},{"doc":"","field-id":2,"field-name":"pkey","field-type":{"base-type":"primitive","type":"int32"},"is-optional":false},{"doc":"","field-id":3,"field-name":"int32","field-type":{"base-type":"primitive","type":"int32"},"is-optional":true},{"doc":"","field-id":4,"field-name":"str","field-type":{"base-type":"primitive","type":"string"},"is-optional":false},{"doc":"","field-id":5,"field-name":"float64","field-type":{"base-type":"primitive","type":"double"},"is-optional":true}]},"identifier-fields-ids":[2],"schema-id":0}},"specs-by-id":{"0":{"reverse-edge-segment-field-id":-1,"segment-field-id":2,"segment-method":{"segment-base-number":32,"segment-extension-depths":[0,0,0,0,0,0,0,0,0,0,0,0,0,0,0,0,0,0,0,0,0,0,0,0,0,0,0,0,0,0,0,0],"segment-method-type":0},"spec-id":0}},"table-metadata-type":0,"table-uuid":"a9dc173a-f0e2-4a36-80b0-8c830524330b","vertex-snapshot-by-id":{"1":{"operation":"","parent-id":-1,"schema-id":0,"segment-list-path":"/tmp/flavius/metadata/job_reuse_label_5/vertex_snapshot-1/segment_list-1-0-8ba37115-7cab-4cde-9ebb-3eaa6518f1f1.json","segment-spec-id":0,"snapshot-id":1,"summary":{},"timestamp-mills":2944201014658211}}}
I20240722 06:13:37.874969 2098177 job_manager.cc:407] Successfully restored ImportVertexJob, job_id: 5
I20240722 06:13:37.875063 2098177 job_manager.cc:384] Starting restore job 7
I20240722 06:13:37.882175 2098177 table_manager.h:44] Get vertex table from cache: test.ns.g1.VERTEX_TABLE.vlabel_1_job_reuse_label_7
I20240722 06:13:37.883118 2098177 job_manager.cc:407] Successfully restored ImportVertexJob, job_id: 7
I20240722 06:13:37.883913 2098177 job_manager.cc:431] Starting reuse job, job id: 9, JobStatus: {"job_executor_status_snapshots_":[{"status_":"pending","task_status_map_":[[108,0],[109,0],[110,0],[111,0],[112,0],[113,0],[114,0],[115,0],[116,0]]},{"status_":"pending","task_status_map_":[]},{"status_":"pending","task_status_map_":[[117,0],[118,0],[119,0],[120,0],[121,0],[122,0]]}],"status_":"finished"}
I20240722 06:13:37.884438 2098177 job_manager.cc:139] flushJobStatusSnapshot job_id: 9, job_status_snapshot: {"job_executor_status_snapshots_":[{"status_":"pending","task_status_map_":[[108,0],[109,0],[110,0],[111,0],[112,0],[113,0],[114,0],[115,0],[116,0]]},{"status_":"pending","task_status_map_":[]},{"status_":"pending","task_status_map_":[[117,0],[118,0],[119,0],[120,0],[121,0],[122,0]]}],"status_":"finished"}
I20240722 06:13:37.885684 2098177 base_job.h:129] The job 9 is in a terminated state and does not need to reuse.
I20240722 06:13:37.886368 2098177 job_manager.cc:431] Starting reuse job, job id: 8, JobStatus: {"job_executor_status_snapshots_":[{"status_":"pending","task_status_map_":[[96,0],[97,0],[98,0],[99,0],[100,0],[101,0]]},{"status_":"pending","task_status_map_":[]},{"status_":"pending","task_status_map_":[[102,0],[103,0],[104,0],[105,0],[106,0],[107,0]]}],"status_":"finished"}
I20240722 06:13:37.886844 2098177 job_manager.cc:139] flushJobStatusSnapshot job_id: 8, job_status_snapshot: {"job_executor_status_snapshots_":[{"status_":"pending","task_status_map_":[[96,0],[97,0],[98,0],[99,0],[100,0],[101,0]]},{"status_":"pending","task_status_map_":[]},{"status_":"pending","task_status_map_":[[102,0],[103,0],[104,0],[105,0],[106,0],[107,0]]}],"status_":"finished"}
I20240722 06:13:37.887671 2098177 base_job.h:129] The job 8 is in a terminated state and does not need to reuse.
I20240722 06:13:37.888257 2098177 job_manager.cc:431] Starting reuse job, job id: 14, JobStatus: {"job_executor_status_snapshots_":[{"status_":"finished","task_status_map_":[[174,2],[175,2],[176,2],[177,2],[178,2],[179,2]]},{"status_":"finished","task_status_map_":[]},{"status_":"finished","task_status_map_":[[180,2],[181,2],[182,2],[183,2],[184,2],[185,2]]}],"status_":"finished"}
I20240722 06:13:37.888602 2098177 job_manager.cc:139] flushJobStatusSnapshot job_id: 14, job_status_snapshot: {"job_executor_status_snapshots_":[{"status_":"pending","task_status_map_":[[174,0],[175,0],[176,0],[177,0],[178,0],[179,0]]},{"status_":"pending","task_status_map_":[]},{"status_":"pending","task_status_map_":[[180,0],[181,0],[182,0],[183,0],[184,0],[185,0]]}],"status_":"finished"}
I20240722 06:13:37.889328 2098177 base_job.h:129] The job 14 is in a terminated state and does not need to reuse.
I20240722 06:13:37.889806 2098177 job_manager.cc:431] Starting reuse job, job id: 1, JobStatus: {"job_executor_status_snapshots_":[{"status_":"pending","task_status_map_":[[12,0],[13,0],[14,0],[15,0],[16,0],[17,0]]},{"status_":"pending","task_status_map_":[]},{"status_":"pending","task_status_map_":[[18,0],[19,0],[20,0],[21,0],[22,0],[23,0]]}],"status_":"failed"}
I20240722 06:13:37.890204 2098177 job_manager.cc:139] flushJobStatusSnapshot job_id: 1, job_status_snapshot: {"job_executor_status_snapshots_":[{"status_":"pending","task_status_map_":[[12,0],[13,0],[14,0],[15,0],[16,0],[17,0]]},{"status_":"pending","task_status_map_":[]},{"status_":"pending","task_status_map_":[[18,0],[19,0],[20,0],[21,0],[22,0],[23,0]]}],"status_":"failed"}
I20240722 06:13:37.890890 2098177 base_job.h:129] The job 1 is in a terminated state and does not need to reuse.
I20240722 06:13:37.891395 2098177 job_manager.cc:431] Starting reuse job, job id: 13, JobStatus: {"job_executor_status_snapshots_":[{"status_":"finished","task_status_map_":[[162,2],[163,2],[164,2],[165,2],[166,2],[167,2]]},{"status_":"finished","task_status_map_":[]},{"status_":"finished","task_status_map_":[[168,2],[169,2],[170,2],[171,2],[172,2],[173,2]]}],"status_":"finished"}
I20240722 06:13:37.891758 2098177 job_manager.cc:139] flushJobStatusSnapshot job_id: 13, job_status_snapshot: {"job_executor_status_snapshots_":[{"status_":"pending","task_status_map_":[[162,0],[163,0],[164,0],[165,0],[166,0],[167,0]]},{"status_":"pending","task_status_map_":[]},{"status_":"pending","task_status_map_":[[168,0],[169,0],[170,0],[171,0],[172,0],[173,0]]}],"status_":"finished"}
I20240722 06:13:37.892463 2098177 base_job.h:129] The job 13 is in a terminated state and does not need to reuse.
I20240722 06:13:37.893149 2098177 job_manager.cc:431] Starting reuse job, job id: 0, JobStatus: {"job_executor_status_snapshots_":[{"status_":"pending","task_status_map_":[[0,0],[1,0],[2,0],[3,0],[4,0],[5,0]]},{"status_":"pending","task_status_map_":[]},{"status_":"pending","task_status_map_":[[6,0],[7,0],[8,0],[9,0],[10,0],[11,0]]}],"status_":"finished"}
I20240722 06:13:37.893678 2098177 job_manager.cc:139] flushJobStatusSnapshot job_id: 0, job_status_snapshot: {"job_executor_status_snapshots_":[{"status_":"pending","task_status_map_":[[0,0],[1,0],[2,0],[3,0],[4,0],[5,0]]},{"status_":"pending","task_status_map_":[]},{"status_":"pending","task_status_map_":[[6,0],[7,0],[8,0],[9,0],[10,0],[11,0]]}],"status_":"finished"}
I20240722 06:13:37.894451 2098177 base_job.h:129] The job 0 is in a terminated state and does not need to reuse.
I20240722 06:13:37.895043 2098177 job_manager.cc:431] Starting reuse job, job id: 12, JobStatus: {"job_executor_status_snapshots_":[{"status_":"finished","task_status_map_":[[147,0],[148,0],[149,0],[150,0],[151,0],[152,0],[153,0],[154,0],[155,0]]},{"status_":"finished","task_status_map_":[]},{"status_":"finished","task_status_map_":[[156,2],[157,2],[158,2],[159,2],[160,2],[161,2]]}],"status_":"finished"}
I20240722 06:13:37.895697 2098177 job_manager.cc:139] flushJobStatusSnapshot job_id: 12, job_status_snapshot: {"job_executor_status_snapshots_":[{"status_":"pending","task_status_map_":[[147,0],[148,0],[149,0],[150,0],[151,0],[152,0],[153,0],[154,0],[155,0]]},{"status_":"pending","task_status_map_":[]},{"status_":"pending","task_status_map_":[[156,0],[157,0],[158,0],[159,0],[160,0],[161,0]]}],"status_":"finished"}
I20240722 06:13:37.896405 2098177 base_job.h:129] The job 12 is in a terminated state and does not need to reuse.
I20240722 06:13:37.897029 2098177 job_manager.cc:431] Starting reuse job, job id: 11, JobStatus: {"job_executor_status_snapshots_":[{"status_":"pending","task_status_map_":[[135,0],[136,0],[137,0],[138,0],[139,0],[140,0]]},{"status_":"pending","task_status_map_":[]},{"status_":"pending","task_status_map_":[[141,0],[142,0],[143,0],[144,0],[145,0],[146,0]]}],"status_":"finished"}
I20240722 06:13:37.897418 2098177 job_manager.cc:139] flushJobStatusSnapshot job_id: 11, job_status_snapshot: {"job_executor_status_snapshots_":[{"status_":"pending","task_status_map_":[[135,0],[136,0],[137,0],[138,0],[139,0],[140,0]]},{"status_":"pending","task_status_map_":[]},{"status_":"pending","task_status_map_":[[141,0],[142,0],[143,0],[144,0],[145,0],[146,0]]}],"status_":"finished"}
I20240722 06:13:37.898094 2098177 base_job.h:129] The job 11 is in a terminated state and does not need to reuse.
I20240722 06:13:37.898597 2098177 job_manager.cc:431] Starting reuse job, job id: 10, JobStatus: {"job_executor_status_snapshots_":[{"status_":"pending","task_status_map_":[[123,0],[124,0],[125,0],[126,0],[127,0],[128,0]]},{"status_":"pending","task_status_map_":[]},{"status_":"pending","task_status_map_":[[129,0],[130,0],[131,0],[132,0],[133,0],[134,0]]}],"status_":"finished"}
I20240722 06:13:37.899021 2098177 job_manager.cc:139] flushJobStatusSnapshot job_id: 10, job_status_snapshot: {"job_executor_status_snapshots_":[{"status_":"pending","task_status_map_":[[123,0],[124,0],[125,0],[126,0],[127,0],[128,0]]},{"status_":"pending","task_status_map_":[]},{"status_":"pending","task_status_map_":[[129,0],[130,0],[131,0],[132,0],[133,0],[134,0]]}],"status_":"finished"}
I20240722 06:13:37.899713 2098177 base_job.h:129] The job 10 is in a terminated state and does not need to reuse.
I20240722 06:13:37.900306 2098177 job_manager.cc:431] Starting reuse job, job id: 6, JobStatus: {"job_executor_status_snapshots_":[{"status_":"pending","task_status_map_":[[72,0],[73,0],[74,0],[75,0],[76,0],[77,0]]},{"status_":"pending","task_status_map_":[]},{"status_":"pending","task_status_map_":[[78,0],[79,0],[80,0],[81,0],[82,0],[83,0]]}],"status_":"finished"}
I20240722 06:13:37.900852 2098177 job_manager.cc:139] flushJobStatusSnapshot job_id: 6, job_status_snapshot: {"job_executor_status_snapshots_":[{"status_":"pending","task_status_map_":[[72,0],[73,0],[74,0],[75,0],[76,0],[77,0]]},{"status_":"pending","task_status_map_":[]},{"status_":"pending","task_status_map_":[[78,0],[79,0],[80,0],[81,0],[82,0],[83,0]]}],"status_":"finished"}
I20240722 06:13:37.901583 2098177 base_job.h:129] The job 6 is in a terminated state and does not need to reuse.
I20240722 06:13:37.902240 2098177 job_manager.cc:431] Starting reuse job, job id: 4, JobStatus: {"job_executor_status_snapshots_":[{"status_":"pending","task_status_map_":[[48,0],[49,0],[50,0],[51,0],[52,0],[53,0]]},{"status_":"pending","task_status_map_":[]},{"status_":"pending","task_status_map_":[[54,0],[55,0],[56,0],[57,0],[58,0],[59,0]]}],"status_":"finished"}
I20240722 06:13:37.902791 2098177 job_manager.cc:139] flushJobStatusSnapshot job_id: 4, job_status_snapshot: {"job_executor_status_snapshots_":[{"status_":"pending","task_status_map_":[[48,0],[49,0],[50,0],[51,0],[52,0],[53,0]]},{"status_":"pending","task_status_map_":[]},{"status_":"pending","task_status_map_":[[54,0],[55,0],[56,0],[57,0],[58,0],[59,0]]}],"status_":"finished"}
I20240722 06:13:37.903909 2098177 base_job.h:129] The job 4 is in a terminated state and does not need to reuse.
I20240722 06:13:37.904491 2098177 job_manager.cc:431] Starting reuse job, job id: 2, JobStatus: {"job_executor_status_snapshots_":[{"status_":"pending","task_status_map_":[[24,0],[25,0],[26,0],[27,0],[28,0],[29,0]]},{"status_":"pending","task_status_map_":[]},{"status_":"pending","task_status_map_":[[30,0],[31,0],[32,0],[33,0],[34,0],[35,0]]}],"status_":"failed"}
I20240722 06:13:37.905041 2098177 job_manager.cc:139] flushJobStatusSnapshot job_id: 2, job_status_snapshot: {"job_executor_status_snapshots_":[{"status_":"pending","task_status_map_":[[24,0],[25,0],[26,0],[27,0],[28,0],[29,0]]},{"status_":"pending","task_status_map_":[]},{"status_":"pending","task_status_map_":[[30,0],[31,0],[32,0],[33,0],[34,0],[35,0]]}],"status_":"failed"}
I20240722 06:13:37.905871 2098177 base_job.h:129] The job 2 is in a terminated state and does not need to reuse.
I20240722 06:13:37.906503 2098177 job_manager.cc:431] Starting reuse job, job id: 3, JobStatus: {"job_executor_status_snapshots_":[{"status_":"pending","task_status_map_":[[36,0],[37,0],[38,0],[39,0],[40,0],[41,0]]},{"status_":"pending","task_status_map_":[]},{"status_":"pending","task_status_map_":[[42,0],[43,0],[44,0],[45,0],[46,0],[47,0]]}],"status_":"finished"}
I20240722 06:13:37.907043 2098177 job_manager.cc:139] flushJobStatusSnapshot job_id: 3, job_status_snapshot: {"job_executor_status_snapshots_":[{"status_":"pending","task_status_map_":[[36,0],[37,0],[38,0],[39,0],[40,0],[41,0]]},{"status_":"pending","task_status_map_":[]},{"status_":"pending","task_status_map_":[[42,0],[43,0],[44,0],[45,0],[46,0],[47,0]]}],"status_":"finished"}
I20240722 06:13:37.907749 2098177 base_job.h:129] The job 3 is in a terminated state and does not need to reuse.
I20240722 06:13:37.908390 2098177 job_manager.cc:431] Starting reuse job, job id: 5, JobStatus: {"job_executor_status_snapshots_":[{"status_":"pending","task_status_map_":[[60,0],[61,0],[62,0],[63,0],[64,0],[65,0]]},{"status_":"pending","task_status_map_":[]},{"status_":"pending","task_status_map_":[[66,0],[67,0],[68,0],[69,0],[70,0],[71,0]]}],"status_":"finished"}
I20240722 06:13:37.908941 2098177 job_manager.cc:139] flushJobStatusSnapshot job_id: 5, job_status_snapshot: {"job_executor_status_snapshots_":[{"status_":"pending","task_status_map_":[[60,0],[61,0],[62,0],[63,0],[64,0],[65,0]]},{"status_":"pending","task_status_map_":[]},{"status_":"pending","task_status_map_":[[66,0],[67,0],[68,0],[69,0],[70,0],[71,0]]}],"status_":"finished"}
I20240722 06:13:37.909682 2098177 base_job.h:129] The job 5 is in a terminated state and does not need to reuse.
I20240722 06:13:37.910235 2098177 job_manager.cc:431] Starting reuse job, job id: 7, JobStatus: {"job_executor_status_snapshots_":[{"status_":"pending","task_status_map_":[[84,0],[85,0],[86,0],[87,0],[88,0],[89,0]]},{"status_":"pending","task_status_map_":[]},{"status_":"pending","task_status_map_":[[90,0],[91,0],[92,0],[93,0],[94,0],[95,0]]}],"status_":"finished"}
I20240722 06:13:37.910614 2098177 job_manager.cc:139] flushJobStatusSnapshot job_id: 7, job_status_snapshot: {"job_executor_status_snapshots_":[{"status_":"pending","task_status_map_":[[84,0],[85,0],[86,0],[87,0],[88,0],[89,0]]},{"status_":"pending","task_status_map_":[]},{"status_":"pending","task_status_map_":[[90,0],[91,0],[92,0],[93,0],[94,0],[95,0]]}],"status_":"finished"}
I20240722 06:13:37.911248 2098177 base_job.h:129] The job 7 is in a terminated state and does not need to reuse.
I20240722 06:13:37.911307 2098177 election_util.h:211] Start UpdateLeaderSysTimeWorker
I20240722 06:13:37.911341 2098177 flavius_worker.cc:65] Start Worker: UpdateLeaderSysTimeWorker, thread cnt: 1, interval: 200
I20240722 06:13:37.911355 2098177 election_util.h:115] Stop WatchLeaderSysTimeWorker
I20240722 06:13:37.911399 2098173 election_util.h:233] UpdateLeaderSysTimeWorker work 0
I20240722 06:13:37.912699 2098177 etcd_election_client.cc:44] Obverse value:127.0.0.1:55526
E20240722 06:13:38.024636 2098190 graph.h:801] Get Forward Edge Label failed, No such edge table: __internal_anonymous_reverse_edge_label_job_reuse_label_9
==2098143==WARNING: ASan is ignoring requested __asan_handle_no_return: stack type: default top: 0x7fb69a368400; bottom 0x7fb693e1f000; size: 0x000006549400 (106206208)
False positive error reports may follow
For details see https://github.com/google/sanitizers/issues/189
E20240722 06:13:38.024897 2098190 meta_service.cc:1425] getEdgeRowIndexFileInfo() failed, got NoSuchEdgeTableException: [CatalogException][NoSuchEdgeTableException]Get Forward Edge Label failed, No such edge table: __internal_anonymous_reverse_edge_label_job_reuse_label_9
E20240722 06:13:38.346765 2098185 master_compute_node_manager.cc:46] Send HearBeat to ComputeNode: { id: 1 on 127.0.0.1:55535 } failed
[Status]: SUCCEED
[ErrorText]: [E1008]Reached timeout=64ms @127.0.0.1:55535
[Remain retry count]: 2
W20240722 06:13:38.458895 2098190 input_messenger.cpp:375] Fail to read from Socket{id=1 fd=6 addr=127.0.0.1:55535:58328} (0x63100003ca80): Connection reset by peer [104]
E20240722 06:13:38.459311 2098190 master_compute_node_manager.cc:46] Send HearBeat to ComputeNode: { id: 1 on 127.0.0.1:55535 } failed
[Status]: SUCCEED
[ErrorText]: [E104]Fail to read from Socket{id=1 fd=6 addr=127.0.0.1:55535:58328} (0x0x63100003ca80): Connection reset by peer [R1][E111]Fail to connect Socket{id=205 addr=127.0.0.1:55535} (0x0x631000078a80): Connection refused [R2][E112]Not connected to 127.0.0.1:55535 yet, server_id=0 [R3][E112]Not connected to 127.0.0.1:55535 yet, server_id=0
[Remain retry count]: 1
E20240722 06:13:38.459491 2098190 master_compute_node_manager.cc:46] Send HearBeat to ComputeNode: { id: 1 on 127.0.0.1:55535 } failed
[Status]: SUCCEED
[ErrorText]: [E112]Not connected to 127.0.0.1:55535 yet, server_id=0 [R1][E112]Not connected to 127.0.0.1:55535 yet, server_id=0 [R2][E112]Not connected to 127.0.0.1:55535 yet, server_id=0 [R3][E112]Not connected to 127.0.0.1:55535 yet, server_id=0
[Remain retry count]: 0
E20240722 06:13:38.459585 2098190 master_compute_node_manager.cc:41] Finally Send HearBeat to ComputeNode: { id: 1 on 127.0.0.1:55535 } failed
[Status]: SUCCEED
[ErrorText]: [E112]Not connected to 127.0.0.1:55535 yet, server_id=0 [R1][E112]Not connected to 127.0.0.1:55535 yet, server_id=0 [R2][E112]Not connected to 127.0.0.1:55535 yet, server_id=0 [R3][E112]Not connected to 127.0.0.1:55535 yet, server_id=0
[Total retry count]: 3
E20240722 06:13:38.462491 2098189 graph.h:801] Get Forward Edge Label failed, No such edge table: __internal_anonymous_reverse_edge_label_job_reuse_label_9
E20240722 06:13:38.462626 2098189 meta_service.cc:1425] getEdgeRowIndexFileInfo() failed, got NoSuchEdgeTableException: [CatalogException][NoSuchEdgeTableException]Get Forward Edge Label failed, No such edge table: __internal_anonymous_reverse_edge_label_job_reuse_label_9
I20240722 06:13:38.559528 2098171 socket.cpp:2465] Checking Socket{id=0 addr=127.0.0.1:55535} (0x63100003c800)
E20240722 06:13:38.724121 2098167 master_compute_node_manager.cc:46] Send PrepareCNListUpdate to ComputeNode: { id: 3 on 127.0.0.1:55537 } failed
[Status]: SUCCEED
[ErrorText]: [E1008]Reached timeout=64ms @127.0.0.1:55537
[Remain retry count]: 2
E20240722 06:13:38.852594 2098191 master_compute_node_manager.cc:46] Send PrepareCNListUpdate to ComputeNode: { id: 3 on 127.0.0.1:55537 } failed
[Status]: SUCCEED
[ErrorText]: [E1008]Reached timeout=128ms @127.0.0.1:55537
[Remain retry count]: 1
W20240722 06:13:38.920560 2098192 input_messenger.cpp:375] Fail to read from Socket{id=7 fd=11 addr=127.0.0.1:55537:47508} (0x63100003d980): Connection reset by peer [104]
E20240722 06:13:38.921022 2098169 master_compute_node_manager.cc:46] Send PrepareCNListUpdate to ComputeNode: { id: 3 on 127.0.0.1:55537 } failed
[Status]: SUCCEED
[ErrorText]: [E104]Fail to read from Socket{id=7 fd=11 addr=127.0.0.1:55537:47508} (0x0x63100003d980): Connection reset by peer [R1][E111]Fail to connect Socket{id=408 addr=127.0.0.1:55537} (0x0x63100012c800): Connection refused [R2][E112]Not connected to 127.0.0.1:55537 yet, server_id=6 [R3][E112]Not connected to 127.0.0.1:55537 yet, server_id=6
[Remain retry count]: 0
E20240722 06:13:38.921240 2098169 master_compute_node_manager.cc:41] Finally Send PrepareCNListUpdate to ComputeNode: { id: 3 on 127.0.0.1:55537 } failed
[Status]: SUCCEED
[ErrorText]: [E112]Not connected to 127.0.0.1:55537 yet, server_id=6 [R1][E112]Not connected to 127.0.0.1:55537 yet, server_id=6 [R2][E112]Not connected to 127.0.0.1:55537 yet, server_id=6 [R3][E112]Not connected to 127.0.0.1:55537 yet, server_id=6
[Total retry count]: 3
E20240722 06:13:38.921574 2098167 master_compute_node_manager.cc:46] Send RollbackCNListUpdate to ComputeNode: { id: 1 on 127.0.0.1:55535 } failed
[Status]: SUCCEED
[ErrorText]: [E112]Not connected to 127.0.0.1:55535 yet, server_id=0 [R1][E112]Not connected to 127.0.0.1:55535 yet, server_id=0 [R2][E112]Not connected to 127.0.0.1:55535 yet, server_id=0 [R3][E112]Not connected to 127.0.0.1:55535 yet, server_id=0
[Remain retry count]: 2
E20240722 06:13:38.921716 2098191 master_compute_node_manager.cc:46] Send RollbackCNListUpdate to ComputeNode: { id: 3 on 127.0.0.1:55537 } failed
[Status]: SUCCEED
[ErrorText]: [E112]Not connected to 127.0.0.1:55537 yet, server_id=6 [R1][E112]Not connected to 127.0.0.1:55537 yet, server_id=6 [R2][E112]Not connected to 127.0.0.1:55537 yet, server_id=6 [R3][E112]Not connected to 127.0.0.1:55537 yet, server_id=6
[Remain retry count]: 2
E20240722 06:13:38.921839 2098191 master_compute_node_manager.cc:46] Send RollbackCNListUpdate to ComputeNode: { id: 3 on 127.0.0.1:55537 } failed
[Status]: SUCCEED
[ErrorText]: [E112]Not connected to 127.0.0.1:55537 yet, server_id=6 [R1][E112]Not connected to 127.0.0.1:55537 yet, server_id=6 [R2][E112]Not connected to 127.0.0.1:55537 yet, server_id=6 [R3][E112]Not connected to 127.0.0.1:55537 yet, server_id=6
[Remain retry count]: 1
E20240722 06:13:38.921911 2098191 master_compute_node_manager.cc:46] Send RollbackCNListUpdate to ComputeNode: { id: 3 on 127.0.0.1:55537 } failed
[Status]: SUCCEED
[ErrorText]: [E112]Not connected to 127.0.0.1:55537 yet, server_id=6 [R1][E112]Not connected to 127.0.0.1:55537 yet, server_id=6 [R2][E112]Not connected to 127.0.0.1:55537 yet, server_id=6 [R3][E112]Not connected to 127.0.0.1:55537 yet, server_id=6
[Remain retry count]: 0
E20240722 06:13:38.922061 2098191 master_compute_node_manager.cc:41] Finally Send RollbackCNListUpdate to ComputeNode: { id: 3 on 127.0.0.1:55537 } failed
[Status]: SUCCEED
[ErrorText]: [E112]Not connected to 127.0.0.1:55537 yet, server_id=6 [R1][E112]Not connected to 127.0.0.1:55537 yet, server_id=6 [R2][E112]Not connected to 127.0.0.1:55537 yet, server_id=6 [R3][E112]Not connected to 127.0.0.1:55537 yet, server_id=6
[Total retry count]: 3
E20240722 06:13:38.921741 2098167 master_compute_node_manager.cc:46] Send RollbackCNListUpdate to ComputeNode: { id: 1 on 127.0.0.1:55535 } failed
[Status]: SUCCEED
[ErrorText]: [E112]Not connected to 127.0.0.1:55535 yet, server_id=0 [R1][E112]Not connected to 127.0.0.1:55535 yet, server_id=0 [R2][E112]Not connected to 127.0.0.1:55535 yet, server_id=0 [R3][E112]Not connected to 127.0.0.1:55535 yet, server_id=0
[Remain retry count]: 1
E20240722 06:13:38.922168 2098167 master_compute_node_manager.cc:46] Send RollbackCNListUpdate to ComputeNode: { id: 1 on 127.0.0.1:55535 } failed
[Status]: SUCCEED
[ErrorText]: [E112]Not connected to 127.0.0.1:55535 yet, server_id=0 [R1][E112]Not connected to 127.0.0.1:55535 yet, server_id=0 [R2][E112]Not connected to 127.0.0.1:55535 yet, server_id=0 [R3][E112]Not connected to 127.0.0.1:55535 yet, server_id=0
[Remain retry count]: 0
E20240722 06:13:38.922260 2098167 master_compute_node_manager.cc:41] Finally Send RollbackCNListUpdate to ComputeNode: { id: 1 on 127.0.0.1:55535 } failed
[Status]: SUCCEED
[ErrorText]: [E112]Not connected to 127.0.0.1:55535 yet, server_id=0 [R1][E112]Not connected to 127.0.0.1:55535 yet, server_id=0 [R2][E112]Not connected to 127.0.0.1:55535 yet, server_id=0 [R3][E112]Not connected to 127.0.0.1:55535 yet, server_id=0
[Total retry count]: 3
E20240722 06:13:38.922389 2098172 master_compute_node_manager.cc:46] Send RollbackCNListUpdate to ComputeNode: { id: 2 on 127.0.0.1:55536 } failed
[Status]: CN_LIST_VERSION_MISMATCH
[ErrorText]: 
[Remain retry count]: 2
E20240722 06:13:38.922896 2098167 master_compute_node_manager.cc:46] Send RollbackCNListUpdate to ComputeNode: { id: 2 on 127.0.0.1:55536 } failed
[Status]: CN_LIST_VERSION_MISMATCH
[ErrorText]: 
[Remain retry count]: 1
E20240722 06:13:38.923558 2098185 master_compute_node_manager.cc:46] Send RollbackCNListUpdate to ComputeNode: { id: 2 on 127.0.0.1:55536 } failed
[Status]: CN_LIST_VERSION_MISMATCH
[ErrorText]: 
[Remain retry count]: 0
E20240722 06:13:38.924098 2098191 graph.h:801] Get Forward Edge Label failed, No such edge table: __internal_anonymous_reverse_edge_label_job_reuse_label_9
E20240722 06:13:38.924232 2098191 meta_service.cc:1425] getEdgeRowIndexFileInfo() failed, got NoSuchEdgeTableException: [CatalogException][NoSuchEdgeTableException]Get Forward Edge Label failed, No such edge table: __internal_anonymous_reverse_edge_label_job_reuse_label_9
E20240722 06:13:38.925626 2098188 master_compute_node_manager.cc:41] Finally Send RollbackCNListUpdate to ComputeNode: { id: 2 on 127.0.0.1:55536 } failed
[Status]: CN_LIST_VERSION_MISMATCH
[ErrorText]: 
[Total retry count]: 3
I20240722 06:13:38.925742 2098188 master_compute_node_manager.cc:264] [MetaServer::CNManager] Remove CNs {1, } fail, current CNList: CNList: {
version:2
infos:[ComputeNode: { id: 1 on 127.0.0.1:55535 }, ComputeNode: { id: 2 on 127.0.0.1:55536 }, ComputeNode: { id: 3 on 127.0.0.1:55537 }, ]
}
I20240722 06:13:39.021188 2098171 socket.cpp:2465] Checking Socket{id=6 addr=127.0.0.1:55537} (0x63100003d700)
E20240722 06:13:39.126163 2098185 master_compute_node_manager.cc:46] Send PrepareCNListUpdate to ComputeNode: { id: 3 on 127.0.0.1:55537 } failed
[Status]: SUCCEED
[ErrorText]: [E112]Not connected to 127.0.0.1:55537 yet, server_id=6 [R1][E112]Not connected to 127.0.0.1:55537 yet, server_id=6 [R2][E112]Not connected to 127.0.0.1:55537 yet, server_id=6 [R3][E112]Not connected to 127.0.0.1:55537 yet, server_id=6
[Remain retry count]: 2
E20240722 06:13:39.126343 2098185 master_compute_node_manager.cc:46] Send PrepareCNListUpdate to ComputeNode: { id: 3 on 127.0.0.1:55537 } failed
[Status]: SUCCEED
[ErrorText]: [E112]Not connected to 127.0.0.1:55537 yet, server_id=6 [R1][E112]Not connected to 127.0.0.1:55537 yet, server_id=6 [R2][E112]Not connected to 127.0.0.1:55537 yet, server_id=6 [R3][E112]Not connected to 127.0.0.1:55537 yet, server_id=6
[Remain retry count]: 1
E20240722 06:13:39.126412 2098185 master_compute_node_manager.cc:46] Send PrepareCNListUpdate to ComputeNode: { id: 3 on 127.0.0.1:55537 } failed
[Status]: SUCCEED
[ErrorText]: [E112]Not connected to 127.0.0.1:55537 yet, server_id=6 [R1][E112]Not connected to 127.0.0.1:55537 yet, server_id=6 [R2][E112]Not connected to 127.0.0.1:55537 yet, server_id=6 [R3][E112]Not connected to 127.0.0.1:55537 yet, server_id=6
[Remain retry count]: 0
E20240722 06:13:39.126470 2098185 master_compute_node_manager.cc:41] Finally Send PrepareCNListUpdate to ComputeNode: { id: 3 on 127.0.0.1:55537 } failed
[Status]: SUCCEED
[ErrorText]: [E112]Not connected to 127.0.0.1:55537 yet, server_id=6 [R1][E112]Not connected to 127.0.0.1:55537 yet, server_id=6 [R2][E112]Not connected to 127.0.0.1:55537 yet, server_id=6 [R3][E112]Not connected to 127.0.0.1:55537 yet, server_id=6
[Total retry count]: 3
E20240722 06:13:39.190395 2098171 master_compute_node_manager.cc:46] Send PrepareCNListUpdate to ComputeNode: { id: 2 on 127.0.0.1:55536 } failed
[Status]: SUCCEED
[ErrorText]: [E1008]Reached timeout=64ms @127.0.0.1:55536
[Remain retry count]: 2
E20240722 06:13:39.318703 2098167 master_compute_node_manager.cc:46] Send PrepareCNListUpdate to ComputeNode: { id: 2 on 127.0.0.1:55536 } failed
[Status]: SUCCEED
[ErrorText]: [E1008]Reached timeout=128ms @127.0.0.1:55536
[Remain retry count]: 1
W20240722 06:13:39.358076 2098171 input_messenger.cpp:375] Fail to read from Socket{id=4 fd=10 addr=127.0.0.1:55536:57882} (0x63100003d200): Connection reset by peer [104]
E20240722 06:13:39.358450 2098175 master_compute_node_manager.cc:46] Send PrepareCNListUpdate to ComputeNode: { id: 2 on 127.0.0.1:55536 } failed
[Status]: SUCCEED
[ErrorText]: [E104]Fail to read from Socket{id=4 fd=10 addr=127.0.0.1:55536:57882} (0x0x63100003d200): Connection reset by peer [R1][E111]Fail to connect Socket{id=612 addr=127.0.0.1:55536} (0x0x631000154800): Connection refused [R2][E112]Not connected to 127.0.0.1:55536 yet, server_id=3 [R3][E112]Not connected to 127.0.0.1:55536 yet, server_id=3
[Remain retry count]: 0
E20240722 06:13:39.358644 2098175 master_compute_node_manager.cc:41] Finally Send PrepareCNListUpdate to ComputeNode: { id: 2 on 127.0.0.1:55536 } failed
[Status]: SUCCEED
[ErrorText]: [E112]Not connected to 127.0.0.1:55536 yet, server_id=3 [R1][E112]Not connected to 127.0.0.1:55536 yet, server_id=3 [R2][E112]Not connected to 127.0.0.1:55536 yet, server_id=3 [R3][E112]Not connected to 127.0.0.1:55536 yet, server_id=3
[Total retry count]: 3
E20240722 06:13:39.358778 2098171 master_compute_node_manager.cc:46] Send RollbackCNListUpdate to ComputeNode: { id: 1 on 127.0.0.1:55535 } failed
[Status]: SUCCEED
[ErrorText]: [E112]Not connected to 127.0.0.1:55535 yet, server_id=0 [R1][E112]Not connected to 127.0.0.1:55535 yet, server_id=0 [R2][E112]Not connected to 127.0.0.1:55535 yet, server_id=0 [R3][E112]Not connected to 127.0.0.1:55535 yet, server_id=0
[Remain retry count]: 2
E20240722 06:13:39.358835 2098191 master_compute_node_manager.cc:46] Send RollbackCNListUpdate to ComputeNode: { id: 2 on 127.0.0.1:55536 } failed
[Status]: SUCCEED
[ErrorText]: [E112]Not connected to 127.0.0.1:55536 yet, server_id=3 [R1][E112]Not connected to 127.0.0.1:55536 yet, server_id=3 [R2][E112]Not connected to 127.0.0.1:55536 yet, server_id=3 [R3][E112]Not connected to 127.0.0.1:55536 yet, server_id=3
[Remain retry count]: 2
E20240722 06:13:39.358882 2098171 master_compute_node_manager.cc:46] Send RollbackCNListUpdate to ComputeNode: { id: 1 on 127.0.0.1:55535 } failed
[Status]: SUCCEED
[ErrorText]: [E112]Not connected to 127.0.0.1:55535 yet, server_id=0 [R1][E112]Not connected to 127.0.0.1:55535 yet, server_id=0 [R2][E112]Not connected to 127.0.0.1:55535 yet, server_id=0 [R3][E112]Not connected to 127.0.0.1:55535 yet, server_id=0
[Remain retry count]: 1
E20240722 06:13:39.358973 2098171 master_compute_node_manager.cc:46] Send RollbackCNListUpdate to ComputeNode: { id: 1 on 127.0.0.1:55535 } failed
[Status]: SUCCEED
[ErrorText]: [E112]Not connected to 127.0.0.1:55535 yet, server_id=0 [R1][E112]Not connected to 127.0.0.1:55535 yet, server_id=0 [R2][E112]Not connected to 127.0.0.1:55535 yet, server_id=0 [R3][E112]Not connected to 127.0.0.1:55535 yet, server_id=0
[Remain retry count]: 0
E20240722 06:13:39.359004 2098191 master_compute_node_manager.cc:46] Send RollbackCNListUpdate to ComputeNode: { id: 2 on 127.0.0.1:55536 } failed
[Status]: SUCCEED
[ErrorText]: [E112]Not connected to 127.0.0.1:55536 yet, server_id=3 [R1][E112]Not connected to 127.0.0.1:55536 yet, server_id=3 [R2][E112]Not connected to 127.0.0.1:55536 yet, server_id=3 [R3][E112]Not connected to 127.0.0.1:55536 yet, server_id=3
[Remain retry count]: 1
E20240722 06:13:39.359073 2098171 master_compute_node_manager.cc:41] Finally Send RollbackCNListUpdate to ComputeNode: { id: 1 on 127.0.0.1:55535 } failed
[Status]: SUCCEED
[ErrorText]: [E112]Not connected to 127.0.0.1:55535 yet, server_id=0 [R1][E112]Not connected to 127.0.0.1:55535 yet, server_id=0 [R2][E112]Not connected to 127.0.0.1:55535 yet, server_id=0 [R3][E112]Not connected to 127.0.0.1:55535 yet, server_id=0
[Total retry count]: 3
E20240722 06:13:39.359156 2098191 master_compute_node_manager.cc:46] Send RollbackCNListUpdate to ComputeNode: { id: 2 on 127.0.0.1:55536 } failed
[Status]: SUCCEED
[ErrorText]: [E112]Not connected to 127.0.0.1:55536 yet, server_id=3 [R1][E112]Not connected to 127.0.0.1:55536 yet, server_id=3 [R2][E112]Not connected to 127.0.0.1:55536 yet, server_id=3 [R3][E112]Not connected to 127.0.0.1:55536 yet, server_id=3
[Remain retry count]: 0
E20240722 06:13:39.358968 2098185 master_compute_node_manager.cc:46] Send RollbackCNListUpdate to ComputeNode: { id: 3 on 127.0.0.1:55537 } failed
[Status]: SUCCEED
[ErrorText]: [E112]Not connected to 127.0.0.1:55537 yet, server_id=6 [R1][E112]Not connected to 127.0.0.1:55537 yet, server_id=6 [R2][E112]Not connected to 127.0.0.1:55537 yet, server_id=6 [R3][E112]Not connected to 127.0.0.1:55537 yet, server_id=6
[Remain retry count]: 2
E20240722 06:13:39.359251 2098191 master_compute_node_manager.cc:41] Finally Send RollbackCNListUpdate to ComputeNode: { id: 2 on 127.0.0.1:55536 } failed
[Status]: SUCCEED
[ErrorText]: [E112]Not connected to 127.0.0.1:55536 yet, server_id=3 [R1][E112]Not connected to 127.0.0.1:55536 yet, server_id=3 [R2][E112]Not connected to 127.0.0.1:55536 yet, server_id=3 [R3][E112]Not connected to 127.0.0.1:55536 yet, server_id=3
[Total retry count]: 3
E20240722 06:13:39.359324 2098185 master_compute_node_manager.cc:46] Send RollbackCNListUpdate to ComputeNode: { id: 3 on 127.0.0.1:55537 } failed
[Status]: SUCCEED
[ErrorText]: [E112]Not connected to 127.0.0.1:55537 yet, server_id=6 [R1][E112]Not connected to 127.0.0.1:55537 yet, server_id=6 [R2][E112]Not connected to 127.0.0.1:55537 yet, server_id=6 [R3][E112]Not connected to 127.0.0.1:55537 yet, server_id=6
[Remain retry count]: 1
E20240722 06:13:39.359406 2098185 master_compute_node_manager.cc:46] Send RollbackCNListUpdate to ComputeNode: { id: 3 on 127.0.0.1:55537 } failed
[Status]: SUCCEED
[ErrorText]: [E112]Not connected to 127.0.0.1:55537 yet, server_id=6 [R1][E112]Not connected to 127.0.0.1:55537 yet, server_id=6 [R2][E112]Not connected to 127.0.0.1:55537 yet, server_id=6 [R3][E112]Not connected to 127.0.0.1:55537 yet, server_id=6
[Remain retry count]: 0
E20240722 06:13:39.359480 2098185 master_compute_node_manager.cc:41] Finally Send RollbackCNListUpdate to ComputeNode: { id: 3 on 127.0.0.1:55537 } failed
[Status]: SUCCEED
[ErrorText]: [E112]Not connected to 127.0.0.1:55537 yet, server_id=6 [R1][E112]Not connected to 127.0.0.1:55537 yet, server_id=6 [R2][E112]Not connected to 127.0.0.1:55537 yet, server_id=6 [R3][E112]Not connected to 127.0.0.1:55537 yet, server_id=6
[Total retry count]: 3
I20240722 06:13:39.359517 2098185 master_compute_node_manager.cc:264] [MetaServer::CNManager] Remove CNs {1, } fail, current CNList: CNList: {
version:2
infos:[ComputeNode: { id: 1 on 127.0.0.1:55535 }, ComputeNode: { id: 2 on 127.0.0.1:55536 }, ComputeNode: { id: 3 on 127.0.0.1:55537 }, ]
}
I20240722 06:13:39.458531 2098191 socket.cpp:2465] Checking Socket{id=3 addr=127.0.0.1:55536} (0x63100003cf80)
E20240722 06:13:39.559973 2098191 master_compute_node_manager.cc:46] Send PrepareCNListUpdate to ComputeNode: { id: 3 on 127.0.0.1:55537 } failed
[Status]: SUCCEED
[ErrorText]: [E112]Not connected to 127.0.0.1:55537 yet, server_id=6 [R1][E112]Not connected to 127.0.0.1:55537 yet, server_id=6 [R2][E112]Not connected to 127.0.0.1:55537 yet, server_id=6 [R3][E112]Not connected to 127.0.0.1:55537 yet, server_id=6
[Remain retry count]: 2
E20240722 06:13:39.559999 2098175 master_compute_node_manager.cc:46] Send PrepareCNListUpdate to ComputeNode: { id: 2 on 127.0.0.1:55536 } failed
[Status]: SUCCEED
[ErrorText]: [E112]Not connected to 127.0.0.1:55536 yet, server_id=3 [R1][E112]Not connected to 127.0.0.1:55536 yet, server_id=3 [R2][E112]Not connected to 127.0.0.1:55536 yet, server_id=3 [R3][E112]Not connected to 127.0.0.1:55536 yet, server_id=3
[Remain retry count]: 2
E20240722 06:13:39.560204 2098191 master_compute_node_manager.cc:46] Send PrepareCNListUpdate to ComputeNode: { id: 3 on 127.0.0.1:55537 } failed
[Status]: SUCCEED
[ErrorText]: [E112]Not connected to 127.0.0.1:55537 yet, server_id=6 [R1][E112]Not connected to 127.0.0.1:55537 yet, server_id=6 [R2][E112]Not connected to 127.0.0.1:55537 yet, server_id=6 [R3][E112]Not connected to 127.0.0.1:55537 yet, server_id=6
[Remain retry count]: 1
E20240722 06:13:39.560220 2098171 master_compute_node_manager.cc:46] Send PrepareCNListUpdate to ComputeNode: { id: 2 on 127.0.0.1:55536 } failed
[Status]: SUCCEED
[ErrorText]: [E112]Not connected to 127.0.0.1:55536 yet, server_id=3 [R1][E112]Not connected to 127.0.0.1:55536 yet, server_id=3 [R2][E112]Not connected to 127.0.0.1:55536 yet, server_id=3 [R3][E112]Not connected to 127.0.0.1:55536 yet, server_id=3
[Remain retry count]: 1
E20240722 06:13:39.560309 2098191 master_compute_node_manager.cc:46] Send PrepareCNListUpdate to ComputeNode: { id: 3 on 127.0.0.1:55537 } failed
[Status]: SUCCEED
[ErrorText]: [E112]Not connected to 127.0.0.1:55537 yet, server_id=6 [R1][E112]Not connected to 127.0.0.1:55537 yet, server_id=6 [R2][E112]Not connected to 127.0.0.1:55537 yet, server_id=6 [R3][E112]Not connected to 127.0.0.1:55537 yet, server_id=6
[Remain retry count]: 0
E20240722 06:13:39.560353 2098171 master_compute_node_manager.cc:46] Send PrepareCNListUpdate to ComputeNode: { id: 2 on 127.0.0.1:55536 } failed
[Status]: SUCCEED
[ErrorText]: [E112]Not connected to 127.0.0.1:55536 yet, server_id=3 [R1][E112]Not connected to 127.0.0.1:55536 yet, server_id=3 [R2][E112]Not connected to 127.0.0.1:55536 yet, server_id=3 [R3][E112]Not connected to 127.0.0.1:55536 yet, server_id=3
[Remain retry count]: 0
E20240722 06:13:39.560425 2098171 master_compute_node_manager.cc:41] Finally Send PrepareCNListUpdate to ComputeNode: { id: 2 on 127.0.0.1:55536 } failed
[Status]: SUCCEED
[ErrorText]: [E112]Not connected to 127.0.0.1:55536 yet, server_id=3 [R1][E112]Not connected to 127.0.0.1:55536 yet, server_id=3 [R2][E112]Not connected to 127.0.0.1:55536 yet, server_id=3 [R3][E112]Not connected to 127.0.0.1:55536 yet, server_id=3
[Total retry count]: 3
E20240722 06:13:39.560429 2098191 master_compute_node_manager.cc:41] Finally Send PrepareCNListUpdate to ComputeNode: { id: 3 on 127.0.0.1:55537 } failed
[Status]: SUCCEED
[ErrorText]: [E112]Not connected to 127.0.0.1:55537 yet, server_id=6 [R1][E112]Not connected to 127.0.0.1:55537 yet, server_id=6 [R2][E112]Not connected to 127.0.0.1:55537 yet, server_id=6 [R3][E112]Not connected to 127.0.0.1:55537 yet, server_id=6
[Total retry count]: 3
E20240722 06:13:39.560631 2098175 master_compute_node_manager.cc:46] Send RollbackCNListUpdate to ComputeNode: { id: 1 on 127.0.0.1:55535 } failed
[Status]: SUCCEED
[ErrorText]: [E112]Not connected to 127.0.0.1:55535 yet, server_id=0 [R1][E112]Not connected to 127.0.0.1:55535 yet, server_id=0 [R2][E112]Not connected to 127.0.0.1:55535 yet, server_id=0 [R3][E112]Not connected to 127.0.0.1:55535 yet, server_id=0
[Remain retry count]: 2
E20240722 06:13:39.560706 2098185 master_compute_node_manager.cc:46] Send RollbackCNListUpdate to ComputeNode: { id: 2 on 127.0.0.1:55536 } failed
[Status]: SUCCEED
[ErrorText]: [E112]Not connected to 127.0.0.1:55536 yet, server_id=3 [R1][E112]Not connected to 127.0.0.1:55536 yet, server_id=3 [R2][E112]Not connected to 127.0.0.1:55536 yet, server_id=3 [R3][E112]Not connected to 127.0.0.1:55536 yet, server_id=3
[Remain retry count]: 2
E20240722 06:13:39.560773 2098175 master_compute_node_manager.cc:46] Send RollbackCNListUpdate to ComputeNode: { id: 1 on 127.0.0.1:55535 } failed
[Status]: SUCCEED
[ErrorText]: [E112]Not connected to 127.0.0.1:55535 yet, server_id=0 [R1][E112]Not connected to 127.0.0.1:55535 yet, server_id=0 [R2][E112]Not connected to 127.0.0.1:55535 yet, server_id=0 [R3][E112]Not connected to 127.0.0.1:55535 yet, server_id=0
[Remain retry count]: 1
E20240722 06:13:39.560854 2098175 master_compute_node_manager.cc:46] Send RollbackCNListUpdate to ComputeNode: { id: 1 on 127.0.0.1:55535 } failed
[Status]: SUCCEED
[ErrorText]: [E112]Not connected to 127.0.0.1:55535 yet, server_id=0 [R1][E112]Not connected to 127.0.0.1:55535 yet, server_id=0 [R2][E112]Not connected to 127.0.0.1:55535 yet, server_id=0 [R3][E112]Not connected to 127.0.0.1:55535 yet, server_id=0
[Remain retry count]: 0
E20240722 06:13:39.560870 2098171 master_compute_node_manager.cc:46] Send RollbackCNListUpdate to ComputeNode: { id: 2 on 127.0.0.1:55536 } failed
[Status]: SUCCEED
[ErrorText]: [E112]Not connected to 127.0.0.1:55536 yet, server_id=3 [R1][E112]Not connected to 127.0.0.1:55536 yet, server_id=3 [R2][E112]Not connected to 127.0.0.1:55536 yet, server_id=3 [R3][E112]Not connected to 127.0.0.1:55536 yet, server_id=3
[Remain retry count]: 1
E20240722 06:13:39.560981 2098175 master_compute_node_manager.cc:41] Finally Send RollbackCNListUpdate to ComputeNode: { id: 1 on 127.0.0.1:55535 } failed
[Status]: SUCCEED
[ErrorText]: [E112]Not connected to 127.0.0.1:55535 yet, server_id=0 [R1][E112]Not connected to 127.0.0.1:55535 yet, server_id=0 [R2][E112]Not connected to 127.0.0.1:55535 yet, server_id=0 [R3][E112]Not connected to 127.0.0.1:55535 yet, server_id=0
[Total retry count]: 3
E20240722 06:13:39.561010 2098171 master_compute_node_manager.cc:46] Send RollbackCNListUpdate to ComputeNode: { id: 2 on 127.0.0.1:55536 } failed
[Status]: SUCCEED
[ErrorText]: [E112]Not connected to 127.0.0.1:55536 yet, server_id=3 [R1][E112]Not connected to 127.0.0.1:55536 yet, server_id=3 [R2][E112]Not connected to 127.0.0.1:55536 yet, server_id=3 [R3][E112]Not connected to 127.0.0.1:55536 yet, server_id=3
[Remain retry count]: 0
E20240722 06:13:39.561707 2098171 master_compute_node_manager.cc:41] Finally Send RollbackCNListUpdate to ComputeNode: { id: 2 on 127.0.0.1:55536 } failed
[Status]: SUCCEED
[ErrorText]: [E112]Not connected to 127.0.0.1:55536 yet, server_id=3 [R1][E112]Not connected to 127.0.0.1:55536 yet, server_id=3 [R2][E112]Not connected to 127.0.0.1:55536 yet, server_id=3 [R3][E112]Not connected to 127.0.0.1:55536 yet, server_id=3
[Total retry count]: 3
E20240722 06:13:39.561666 2098170 master_compute_node_manager.cc:46] Send RollbackCNListUpdate to ComputeNode: { id: 3 on 127.0.0.1:55537 } failed
[Status]: SUCCEED
[ErrorText]: [E112]Not connected to 127.0.0.1:55537 yet, server_id=6 [R1][E112]Not connected to 127.0.0.1:55537 yet, server_id=6 [R2][E112]Not connected to 127.0.0.1:55537 yet, server_id=6 [R3][E112]Not connected to 127.0.0.1:55537 yet, server_id=6
[Remain retry count]: 2
E20240722 06:13:39.562498 2098170 master_compute_node_manager.cc:46] Send RollbackCNListUpdate to ComputeNode: { id: 3 on 127.0.0.1:55537 } failed
[Status]: SUCCEED
[ErrorText]: [E112]Not connected to 127.0.0.1:55537 yet, server_id=6 [R1][E112]Not connected to 127.0.0.1:55537 yet, server_id=6 [R2][E112]Not connected to 127.0.0.1:55537 yet, server_id=6 [R3][E112]Not connected to 127.0.0.1:55537 yet, server_id=6
[Remain retry count]: 1
E20240722 06:13:39.562577 2098170 master_compute_node_manager.cc:46] Send RollbackCNListUpdate to ComputeNode: { id: 3 on 127.0.0.1:55537 } failed
[Status]: SUCCEED
[ErrorText]: [E112]Not connected to 127.0.0.1:55537 yet, server_id=6 [R1][E112]Not connected to 127.0.0.1:55537 yet, server_id=6 [R2][E112]Not connected to 127.0.0.1:55537 yet, server_id=6 [R3][E112]Not connected to 127.0.0.1:55537 yet, server_id=6
[Remain retry count]: 0
E20240722 06:13:39.562647 2098170 master_compute_node_manager.cc:41] Finally Send RollbackCNListUpdate to ComputeNode: { id: 3 on 127.0.0.1:55537 } failed
[Status]: SUCCEED
[ErrorText]: [E112]Not connected to 127.0.0.1:55537 yet, server_id=6 [R1][E112]Not connected to 127.0.0.1:55537 yet, server_id=6 [R2][E112]Not connected to 127.0.0.1:55537 yet, server_id=6 [R3][E112]Not connected to 127.0.0.1:55537 yet, server_id=6
[Total retry count]: 3
I20240722 06:13:39.562702 2098171 master_compute_node_manager.cc:264] [MetaServer::CNManager] Remove CNs {1, } fail, current CNList: CNList: {
version:2
infos:[ComputeNode: { id: 1 on 127.0.0.1:55535 }, ComputeNode: { id: 2 on 127.0.0.1:55536 }, ComputeNode: { id: 3 on 127.0.0.1:55537 }, ]
}
E20240722 06:13:39.763155 2098175 master_compute_node_manager.cc:46] Send PrepareCNListUpdate to ComputeNode: { id: 3 on 127.0.0.1:55537 } failed
[Status]: SUCCEED
[ErrorText]: [E112]Not connected to 127.0.0.1:55537 yet, server_id=6 [R1][E112]Not connected to 127.0.0.1:55537 yet, server_id=6 [R2][E112]Not connected to 127.0.0.1:55537 yet, server_id=6 [R3][E112]Not connected to 127.0.0.1:55537 yet, server_id=6
[Remain retry count]: 2
E20240722 06:13:39.763248 2098171 master_compute_node_manager.cc:46] Send PrepareCNListUpdate to ComputeNode: { id: 2 on 127.0.0.1:55536 } failed
[Status]: SUCCEED
[ErrorText]: [E112]Not connected to 127.0.0.1:55536 yet, server_id=3 [R1][E112]Not connected to 127.0.0.1:55536 yet, server_id=3 [R2][E112]Not connected to 127.0.0.1:55536 yet, server_id=3 [R3][E112]Not connected to 127.0.0.1:55536 yet, server_id=3
[Remain retry count]: 2
E20240722 06:13:39.763346 2098175 master_compute_node_manager.cc:46] Send PrepareCNListUpdate to ComputeNode: { id: 3 on 127.0.0.1:55537 } failed
[Status]: SUCCEED
[ErrorText]: [E112]Not connected to 127.0.0.1:55537 yet, server_id=6 [R1][E112]Not connected to 127.0.0.1:55537 yet, server_id=6 [R2][E112]Not connected to 127.0.0.1:55537 yet, server_id=6 [R3][E112]Not connected to 127.0.0.1:55537 yet, server_id=6
[Remain retry count]: 1
E20240722 06:13:39.763389 2098171 master_compute_node_manager.cc:46] Send PrepareCNListUpdate to ComputeNode: { id: 2 on 127.0.0.1:55536 } failed
[Status]: SUCCEED
[ErrorText]: [E112]Not connected to 127.0.0.1:55536 yet, server_id=3 [R1][E112]Not connected to 127.0.0.1:55536 yet, server_id=3 [R2][E112]Not connected to 127.0.0.1:55536 yet, server_id=3 [R3][E112]Not connected to 127.0.0.1:55536 yet, server_id=3
[Remain retry count]: 1
E20240722 06:13:39.763417 2098175 master_compute_node_manager.cc:46] Send PrepareCNListUpdate to ComputeNode: { id: 3 on 127.0.0.1:55537 } failed
[Status]: SUCCEED
[ErrorText]: [E112]Not connected to 127.0.0.1:55537 yet, server_id=6 [R1][E112]Not connected to 127.0.0.1:55537 yet, server_id=6 [R2][E112]Not connected to 127.0.0.1:55537 yet, server_id=6 [R3][E112]Not connected to 127.0.0.1:55537 yet, server_id=6
[Remain retry count]: 0
E20240722 06:13:39.763465 2098171 master_compute_node_manager.cc:46] Send PrepareCNListUpdate to ComputeNode: { id: 2 on 127.0.0.1:55536 } failed
[Status]: SUCCEED
[ErrorText]: [E112]Not connected to 127.0.0.1:55536 yet, server_id=3 [R1][E112]Not connected to 127.0.0.1:55536 yet, server_id=3 [R2][E112]Not connected to 127.0.0.1:55536 yet, server_id=3 [R3][E112]Not connected to 127.0.0.1:55536 yet, server_id=3
[Remain retry count]: 0
E20240722 06:13:39.763494 2098185 master_compute_node_manager.cc:41] Finally Send PrepareCNListUpdate to ComputeNode: { id: 3 on 127.0.0.1:55537 } failed
[Status]: SUCCEED
[ErrorText]: [E112]Not connected to 127.0.0.1:55537 yet, server_id=6 [R1][E112]Not connected to 127.0.0.1:55537 yet, server_id=6 [R2][E112]Not connected to 127.0.0.1:55537 yet, server_id=6 [R3][E112]Not connected to 127.0.0.1:55537 yet, server_id=6
[Total retry count]: 3
E20240722 06:13:39.763540 2098191 master_compute_node_manager.cc:41] Finally Send PrepareCNListUpdate to ComputeNode: { id: 2 on 127.0.0.1:55536 } failed
[Status]: SUCCEED
[ErrorText]: [E112]Not connected to 127.0.0.1:55536 yet, server_id=3 [R1][E112]Not connected to 127.0.0.1:55536 yet, server_id=3 [R2][E112]Not connected to 127.0.0.1:55536 yet, server_id=3 [R3][E112]Not connected to 127.0.0.1:55536 yet, server_id=3
[Total retry count]: 3
E20240722 06:13:39.763666 2098171 master_compute_node_manager.cc:46] Send RollbackCNListUpdate to ComputeNode: { id: 1 on 127.0.0.1:55535 } failed
[Status]: SUCCEED
[ErrorText]: [E112]Not connected to 127.0.0.1:55535 yet, server_id=0 [R1][E112]Not connected to 127.0.0.1:55535 yet, server_id=0 [R2][E112]Not connected to 127.0.0.1:55535 yet, server_id=0 [R3][E112]Not connected to 127.0.0.1:55535 yet, server_id=0
[Remain retry count]: 2
E20240722 06:13:39.763696 2098175 master_compute_node_manager.cc:46] Send RollbackCNListUpdate to ComputeNode: { id: 2 on 127.0.0.1:55536 } failed
[Status]: SUCCEED
[ErrorText]: [E112]Not connected to 127.0.0.1:55536 yet, server_id=3 [R1][E112]Not connected to 127.0.0.1:55536 yet, server_id=3 [R2][E112]Not connected to 127.0.0.1:55536 yet, server_id=3 [R3][E112]Not connected to 127.0.0.1:55536 yet, server_id=3
[Remain retry count]: 2
E20240722 06:13:39.763737 2098185 master_compute_node_manager.cc:46] Send RollbackCNListUpdate to ComputeNode: { id: 3 on 127.0.0.1:55537 } failed
[Status]: SUCCEED
[ErrorText]: [E112]Not connected to 127.0.0.1:55537 yet, server_id=6 [R1][E112]Not connected to 127.0.0.1:55537 yet, server_id=6 [R2][E112]Not connected to 127.0.0.1:55537 yet, server_id=6 [R3][E112]Not connected to 127.0.0.1:55537 yet, server_id=6
[Remain retry count]: 2
E20240722 06:13:39.763746 2098171 master_compute_node_manager.cc:46] Send RollbackCNListUpdate to ComputeNode: { id: 1 on 127.0.0.1:55535 } failed
[Status]: SUCCEED
[ErrorText]: [E112]Not connected to 127.0.0.1:55535 yet, server_id=0 [R1][E112]Not connected to 127.0.0.1:55535 yet, server_id=0 [R2][E112]Not connected to 127.0.0.1:55535 yet, server_id=0 [R3][E112]Not connected to 127.0.0.1:55535 yet, server_id=0
[Remain retry count]: 1
E20240722 06:13:39.763800 2098175 master_compute_node_manager.cc:46] Send RollbackCNListUpdate to ComputeNode: { id: 2 on 127.0.0.1:55536 } failed
[Status]: SUCCEED
[ErrorText]: [E112]Not connected to 127.0.0.1:55536 yet, server_id=3 [R1][E112]Not connected to 127.0.0.1:55536 yet, server_id=3 [R2][E112]Not connected to 127.0.0.1:55536 yet, server_id=3 [R3][E112]Not connected to 127.0.0.1:55536 yet, server_id=3
[Remain retry count]: 1
