I20240711 13:29:19.412775 3139877 resource_pool.cc:97] Async data cache is enabled, ssd_cache_max_mb: 1024, ssd_cache_num_shards: 16, ssd_cache_file_prefix: /tmp/flavius/cache/53121
I20240711 13:29:19.457515 3139877 HiveConnector.cpp:66] Hive connector hive_connector created with maximum of 20000 cached file handles.
I20240711 13:29:19.457774 3139877 HiveConnector.cpp:66] Hive connector localfs-hive created with maximum of 20000 cached file handles.
I20240711 13:29:19.457990 3139877 HiveConnector.cpp:66] Hive connector s3-hive created with maximum of 20000 cached file handles.
I20240711 13:29:19.480612 3139877 server.cpp:1127] Server[flavius::exec::TaskServiceImpl+flavius::exec::ComputeServiceImpl+flavius::server::GraphStorageServiceImpl2] is serving on port=53121.
I20240711 13:29:19.480706 3139877 server.cpp:1130] Check out http://920f477ca690:53121 in web browser.
I20240711 13:29:19.981192 3139877 flavius_worker.cc:65] Start Worker: MirrorComputeNodeManagerWorker, thread cnt: 1, interval: 200
I20240711 13:29:19.983915 3139920 mirror_compute_node_manager.cc:61] >>>>>>>>>>>>>>>>>>>> Set my CN info: id 2 on 127.0.0.1:53121
I20240711 13:29:20.918020 3139920 state_machine-inl.h:201] fireStateChanged VeloxExecTask state changed to 1
W20240711 13:29:20.919737 3139950 substrait_to_velox_plan_converter.cc:731] The current CN 2 got no input for table scan node base_schema { names: "__vid__" names: "id" names: "firstName" names: "lastName" struct { types { i64 { nullability: NULLABILITY_REQUIRED } } types { i64 { nullability: NULLABILITY_REQUIRED } } types { string { nullability: NULLABILITY_REQUIRED } } types { string { nullability: NULLABILITY_REQUIRED } } } } table { names: "test" names: "ns" names: "ldbc_snb" names: "Person" snapshot_version: 0 table_kind: VERTEX_TABLE }
I20240711 13:29:20.920147 3139950 query_exec_task.cc:142] query task query_id: "q1" stage_id: 0 task_id: 1 plan -- PartitionedOutput[SINGLE] -> __vid__:BIGINT, id:BIGINT, firstName:VARCHAR, lastName:VARCHAR
  -- TableScan[table: test.ns.ldbc_snb.Person] -> __vid__:BIGINT, id:BIGINT, firstName:VARCHAR, lastName:VARCHAR
I20240711 13:29:20.926432 3140050 Task.cpp:983] All drivers (8) finished for task 127.0.0.1:53121/task/q1_0_0_1_0 after running for 6 ms.
I20240711 13:29:20.938416 3139920 Task.cpp:1665] Terminating task 127.0.0.1:53121/task/q1_0_0_1_0 with state Finished after running for 18 ms.
I20240711 13:29:20.938529 3140047 state_machine-inl.h:201] fireStateChanged VeloxExecTask state changed to 2
I20240711 13:29:32.074966 3139920 state_machine-inl.h:201] fireStateChanged VeloxExecTask state changed to 1
I20240711 13:29:32.077344 3139950 vertex_segment_base.cc:86] createMutableVertexIdIndex --------- commit_key 0.test.ns.ldbc_snb.Person.29.snapshot-vid-index
I20240711 13:29:32.078018 3139950 vertex_segment_base.cc:86] createMutableVertexIdIndex --------- commit_key 0.test.ns.ldbc_snb.Person.24.snapshot-vid-index
I20240711 13:29:32.079010 3139920 vertex_segment_base.cc:86] createMutableVertexIdIndex --------- commit_key 0.test.ns.ldbc_snb.Person.17.snapshot-vid-index
I20240711 13:29:32.079561 3139950 vertex_segment_base.cc:86] createMutableVertexIdIndex --------- commit_key 0.test.ns.ldbc_snb.Person.12.snapshot-vid-index
I20240711 13:29:32.080085 3139950 vertex_segment_base.cc:86] createMutableVertexIdIndex --------- commit_key 0.test.ns.ldbc_snb.Person.5.snapshot-vid-index
I20240711 13:29:32.080886 3139920 vertex_segment_base.cc:86] createMutableVertexIdIndex --------- commit_key 0.test.ns.ldbc_snb.Person.25.snapshot-vid-index
I20240711 13:29:32.081678 3139920 vertex_segment_base.cc:86] createMutableVertexIdIndex --------- commit_key 0.test.ns.ldbc_snb.Person.4.snapshot-vid-index
I20240711 13:29:32.082307 3139950 vertex_segment_base.cc:103] createMutableVertexRowIndex --------- commit_key 0.test.ns.ldbc_snb.Person.29.snapshot-vtx-row-index
I20240711 13:29:32.082857 3139920 vertex_segment_base.cc:103] createMutableVertexRowIndex --------- commit_key 0.test.ns.ldbc_snb.Person.24.snapshot-vtx-row-index
I20240711 13:29:32.083540 3139950 vertex_segment_base.cc:103] createMutableVertexRowIndex --------- commit_key 0.test.ns.ldbc_snb.Person.17.snapshot-vtx-row-index
I20240711 13:29:32.084105 3139920 vertex_segment_base.cc:103] createMutableVertexRowIndex --------- commit_key 0.test.ns.ldbc_snb.Person.12.snapshot-vtx-row-index
I20240711 13:29:32.084625 3139950 vertex_segment_base.cc:103] createMutableVertexRowIndex --------- commit_key 0.test.ns.ldbc_snb.Person.5.snapshot-vtx-row-index
I20240711 13:29:32.085170 3139920 vertex_segment_base.cc:103] createMutableVertexRowIndex --------- commit_key 0.test.ns.ldbc_snb.Person.25.snapshot-vtx-row-index
I20240711 13:29:32.085667 3139950 vertex_segment_base.cc:103] createMutableVertexRowIndex --------- commit_key 0.test.ns.ldbc_snb.Person.4.snapshot-vtx-row-index
I20240711 13:29:32.085770 3139950 vertex_import_write_exec_task.cc:146] ============================================ VertexImportWriteExecTask schema
ROW<id:BIGINT,firstName:VARCHAR,lastName:VARCHAR>
I20240711 13:29:32.088140 3140050 remote_exchange_source.h:58] remote exchange brpc://127.0.0.1:53122/task/0-vertex-import-read/0
I20240711 13:29:32.089006 3140049 remote_exchange_source.h:58] remote exchange brpc://127.0.0.1:53122/task/0-vertex-import-read/0
I20240711 13:29:32.089391 3140044 remote_exchange_source.h:58] remote exchange brpc://127.0.0.1:53122/task/0-vertex-import-read/0
I20240711 13:29:32.089594 3140047 remote_exchange_source.h:58] remote exchange brpc://127.0.0.1:53122/task/0-vertex-import-read/0
I20240711 13:29:32.090386 3140050 remote_exchange_source.h:58] remote exchange brpc://127.0.0.1:53122/task/0-vertex-import-read/0
I20240711 13:29:32.091022 3140050 remote_exchange_source.h:58] remote exchange brpc://127.0.0.1:53122/task/0-vertex-import-read/0
I20240711 13:29:32.091248 3140049 remote_exchange_source.h:58] remote exchange brpc://127.0.0.1:53122/task/0-vertex-import-read/0
I20240711 13:29:32.091886 3139920 graph_storage_service2.cc:344] Received get task status request for job_id: 0, task_id: 1 task_status: pending { } call id: 2207613190149
I20240711 13:29:32.092087 3140042 graph_storage_service2.cc:276] Getting task status for Task: 0_1 task_status: running { } call id: 2207613190149
I20240711 13:29:32.092131 3140042 graph_storage_service2.cc:291] Get task status success for Task: 0_1 task_status: running { } call id: 2207613190149 latency: 1ms.
I20240711 13:29:32.093384 3139950 graph_storage_service2.cc:344] Received get task status request for job_id: 0, task_id: 1 task_status: running { } call id: 1108101562421
I20240711 13:29:32.148253 3140050 Task.cpp:983] All drivers (1) finished for task local://localhost:0/task/0-vertex-import-write/29 after running for 62 ms.
I20240711 13:29:32.148520 3140050 Task.cpp:1665] Terminating task local://localhost:0/task/0-vertex-import-write/29 with state Finished after running for 62 ms.
I20240711 13:29:32.148793 3140047 Task.cpp:983] All drivers (1) finished for task local://localhost:0/task/0-vertex-import-write/12 after running for 61 ms.
I20240711 13:29:32.148844 3140047 Task.cpp:1665] Terminating task local://localhost:0/task/0-vertex-import-write/12 with state Finished after running for 61 ms.
I20240711 13:29:32.151566 3140046 Task.cpp:983] All drivers (1) finished for task local://localhost:0/task/0-vertex-import-write/4 after running for 61 ms.
I20240711 13:29:32.151628 3140046 Task.cpp:1665] Terminating task local://localhost:0/task/0-vertex-import-write/4 with state Finished after running for 61 ms.
I20240711 13:29:32.155740 3140049 Task.cpp:983] All drivers (1) finished for task local://localhost:0/task/0-vertex-import-write/5 after running for 67 ms.
I20240711 13:29:32.155798 3140049 Task.cpp:1665] Terminating task local://localhost:0/task/0-vertex-import-write/5 with state Finished after running for 67 ms.
I20240711 13:29:32.158071 3140045 Task.cpp:983] All drivers (1) finished for task local://localhost:0/task/0-vertex-import-write/25 after running for 69 ms.
I20240711 13:29:32.158129 3140045 Task.cpp:1665] Terminating task local://localhost:0/task/0-vertex-import-write/25 with state Finished after running for 69 ms.
I20240711 13:29:32.158764 3140044 Task.cpp:983] All drivers (1) finished for task local://localhost:0/task/0-vertex-import-write/24 after running for 72 ms.
I20240711 13:29:32.158811 3140044 Task.cpp:1665] Terminating task local://localhost:0/task/0-vertex-import-write/24 with state Finished after running for 72 ms.
I20240711 13:29:32.158918 3140048 Task.cpp:983] All drivers (1) finished for task local://localhost:0/task/0-vertex-import-write/17 after running for 71 ms.
I20240711 13:29:32.158982 3140048 Task.cpp:1665] Terminating task local://localhost:0/task/0-vertex-import-write/17 with state Finished after running for 71 ms.
I20240711 13:29:32.162441 3140045 meta_service_client.cc:755] Successfully submitImportJobFiles
I20240711 13:29:32.162650 3140045 state_machine-inl.h:201] fireStateChanged VeloxExecTask state changed to 2
I20240711 13:29:32.162837 3140042 graph_storage_service2.cc:276] Getting task status for Task: 0_1 task_status: finished { } call id: 1108101562421
I20240711 13:29:32.162915 3140042 graph_storage_service2.cc:291] Get task status success for Task: 0_1 task_status: finished { } call id: 1108101562421 latency: 69ms.
I20240711 13:29:32.327836 3139950 local_data_manager.cc:71] Successfully updated the vertex id index for job 0 with snapshot id: 1
I20240711 13:29:32.327888 3139950 local_data_manager.cc:71] Successfully updated the vertex id index for job 0 with snapshot id: 1
I20240711 13:29:32.327912 3139950 local_data_manager.cc:71] Successfully updated the vertex id index for job 0 with snapshot id: 1
I20240711 13:29:32.327982 3139950 local_data_manager.cc:71] Successfully updated the vertex id index for job 0 with snapshot id: 1
I20240711 13:29:32.328023 3139950 local_data_manager.cc:71] Successfully updated the vertex id index for job 0 with snapshot id: 1
I20240711 13:29:32.328055 3139950 local_data_manager.cc:71] Successfully updated the vertex id index for job 0 with snapshot id: 1
I20240711 13:29:32.328085 3139950 local_data_manager.cc:71] Successfully updated the vertex id index for job 0 with snapshot id: 1
I20240711 13:29:33.075302 3139920 state_machine-inl.h:201] fireStateChanged VeloxExecTask state changed to 1
I20240711 13:29:33.076161 3139950 vertex_segment_base.cc:86] createMutableVertexIdIndex --------- commit_key 1.test.ns.ldbc_snb.Forum.29.snapshot-vid-index
I20240711 13:29:33.076699 3139920 vertex_segment_base.cc:86] createMutableVertexIdIndex --------- commit_key 1.test.ns.ldbc_snb.Forum.24.snapshot-vid-index
I20240711 13:29:33.077203 3139950 vertex_segment_base.cc:86] createMutableVertexIdIndex --------- commit_key 1.test.ns.ldbc_snb.Forum.17.snapshot-vid-index
I20240711 13:29:33.077648 3139920 vertex_segment_base.cc:86] createMutableVertexIdIndex --------- commit_key 1.test.ns.ldbc_snb.Forum.12.snapshot-vid-index
I20240711 13:29:33.078141 3139950 vertex_segment_base.cc:86] createMutableVertexIdIndex --------- commit_key 1.test.ns.ldbc_snb.Forum.5.snapshot-vid-index
I20240711 13:29:33.078588 3139920 vertex_segment_base.cc:86] createMutableVertexIdIndex --------- commit_key 1.test.ns.ldbc_snb.Forum.25.snapshot-vid-index
I20240711 13:29:33.079030 3139950 vertex_segment_base.cc:86] createMutableVertexIdIndex --------- commit_key 1.test.ns.ldbc_snb.Forum.4.snapshot-vid-index
I20240711 13:29:33.079491 3139920 vertex_segment_base.cc:103] createMutableVertexRowIndex --------- commit_key 1.test.ns.ldbc_snb.Forum.29.snapshot-vtx-row-index
I20240711 13:29:33.079965 3139950 vertex_segment_base.cc:103] createMutableVertexRowIndex --------- commit_key 1.test.ns.ldbc_snb.Forum.24.snapshot-vtx-row-index
I20240711 13:29:33.080428 3139920 vertex_segment_base.cc:103] createMutableVertexRowIndex --------- commit_key 1.test.ns.ldbc_snb.Forum.17.snapshot-vtx-row-index
I20240711 13:29:33.080838 3139950 vertex_segment_base.cc:103] createMutableVertexRowIndex --------- commit_key 1.test.ns.ldbc_snb.Forum.12.snapshot-vtx-row-index
I20240711 13:29:33.081269 3139920 vertex_segment_base.cc:103] createMutableVertexRowIndex --------- commit_key 1.test.ns.ldbc_snb.Forum.5.snapshot-vtx-row-index
I20240711 13:29:33.081758 3139950 vertex_segment_base.cc:103] createMutableVertexRowIndex --------- commit_key 1.test.ns.ldbc_snb.Forum.25.snapshot-vtx-row-index
I20240711 13:29:33.082243 3139920 vertex_segment_base.cc:103] createMutableVertexRowIndex --------- commit_key 1.test.ns.ldbc_snb.Forum.4.snapshot-vtx-row-index
I20240711 13:29:33.082309 3139920 vertex_import_write_exec_task.cc:146] ============================================ VertexImportWriteExecTask schema
ROW<id:BIGINT,title:VARCHAR>
I20240711 13:29:33.083989 3140045 remote_exchange_source.h:58] remote exchange brpc://127.0.0.1:53120/task/1-vertex-import-read/0
I20240711 13:29:33.084012 3140333 remote_exchange_source.h:58] remote exchange brpc://127.0.0.1:53120/task/1-vertex-import-read/0
I20240711 13:29:33.084375 3140048 remote_exchange_source.h:58] remote exchange brpc://127.0.0.1:53120/task/1-vertex-import-read/0
I20240711 13:29:33.084682 3140045 remote_exchange_source.h:58] remote exchange brpc://127.0.0.1:53120/task/1-vertex-import-read/0
I20240711 13:29:33.085083 3140048 remote_exchange_source.h:58] remote exchange brpc://127.0.0.1:53120/task/1-vertex-import-read/0
I20240711 13:29:33.085466 3140045 remote_exchange_source.h:58] remote exchange brpc://127.0.0.1:53120/task/1-vertex-import-read/0
I20240711 13:29:33.085964 3140045 remote_exchange_source.h:58] remote exchange brpc://127.0.0.1:53120/task/1-vertex-import-read/0
I20240711 13:29:33.086184 3139950 graph_storage_service2.cc:344] Received get task status request for job_id: 1, task_id: 11 task_status: pending { } call id: 16505559318533
I20240711 13:29:33.086362 3140334 graph_storage_service2.cc:276] Getting task status for Task: 1_11 task_status: running { } call id: 16505559318533
I20240711 13:29:33.086424 3140334 graph_storage_service2.cc:291] Get task status success for Task: 1_11 task_status: running { } call id: 16505559318533 latency: 0ms.
I20240711 13:29:33.087124 3139920 graph_storage_service2.cc:344] Received get task status request for job_id: 1, task_id: 11 task_status: running { } call id: 17592186044457
I20240711 13:29:33.159243 3140048 Task.cpp:983] All drivers (1) finished for task local://localhost:0/task/1-vertex-import-write/4 after running for 74 ms.
I20240711 13:29:33.159674 3140048 Task.cpp:1665] Terminating task local://localhost:0/task/1-vertex-import-write/4 with state Finished after running for 74 ms.
I20240711 13:29:33.162355 3140045 Task.cpp:983] All drivers (1) finished for task local://localhost:0/task/1-vertex-import-write/29 after running for 80 ms.
I20240711 13:29:33.162429 3140045 Task.cpp:1665] Terminating task local://localhost:0/task/1-vertex-import-write/29 with state Finished after running for 80 ms.
I20240711 13:29:33.166049 3140050 Task.cpp:983] All drivers (1) finished for task local://localhost:0/task/1-vertex-import-write/17 after running for 83 ms.
I20240711 13:29:33.166136 3140050 Task.cpp:1665] Terminating task local://localhost:0/task/1-vertex-import-write/17 with state Finished after running for 83 ms.
I20240711 13:29:33.166999 3140044 Task.cpp:983] All drivers (1) finished for task local://localhost:0/task/1-vertex-import-write/5 after running for 83 ms.
I20240711 13:29:33.167007 3140333 Task.cpp:983] All drivers (1) finished for task local://localhost:0/task/1-vertex-import-write/25 after running for 83 ms.
I20240711 13:29:33.167121 3140044 Task.cpp:1665] Terminating task local://localhost:0/task/1-vertex-import-write/5 with state Finished after running for 83 ms.
I20240711 13:29:33.167121 3140333 Task.cpp:1665] Terminating task local://localhost:0/task/1-vertex-import-write/25 with state Finished after running for 83 ms.
I20240711 13:29:33.168081 3140049 Task.cpp:983] All drivers (1) finished for task local://localhost:0/task/1-vertex-import-write/24 after running for 85 ms.
I20240711 13:29:33.168146 3140049 Task.cpp:1665] Terminating task local://localhost:0/task/1-vertex-import-write/24 with state Finished after running for 85 ms.
I20240711 13:29:33.168578 3140043 Task.cpp:983] All drivers (1) finished for task local://localhost:0/task/1-vertex-import-write/12 after running for 85 ms.
I20240711 13:29:33.168645 3140043 Task.cpp:1665] Terminating task local://localhost:0/task/1-vertex-import-write/12 with state Finished after running for 85 ms.
I20240711 13:29:33.172092 3140044 meta_service_client.cc:755] Successfully submitImportJobFiles
I20240711 13:29:33.172243 3140044 state_machine-inl.h:201] fireStateChanged VeloxExecTask state changed to 2
I20240711 13:29:33.172379 3140334 graph_storage_service2.cc:276] Getting task status for Task: 1_11 task_status: finished { } call id: 17592186044457
I20240711 13:29:33.172426 3140334 graph_storage_service2.cc:291] Get task status success for Task: 1_11 task_status: finished { } call id: 17592186044457 latency: 85ms.
I20240711 13:29:33.320614 3139922 local_data_manager.cc:71] Successfully updated the vertex id index for job 1 with snapshot id: 1
I20240711 13:29:33.320725 3139922 local_data_manager.cc:71] Successfully updated the vertex id index for job 1 with snapshot id: 1
I20240711 13:29:33.320834 3139922 local_data_manager.cc:71] Successfully updated the vertex id index for job 1 with snapshot id: 1
I20240711 13:29:33.320946 3139922 local_data_manager.cc:71] Successfully updated the vertex id index for job 1 with snapshot id: 1
I20240711 13:29:33.321038 3139922 local_data_manager.cc:71] Successfully updated the vertex id index for job 1 with snapshot id: 1
I20240711 13:29:33.321125 3139922 local_data_manager.cc:71] Successfully updated the vertex id index for job 1 with snapshot id: 1
I20240711 13:29:33.321218 3139922 local_data_manager.cc:71] Successfully updated the vertex id index for job 1 with snapshot id: 1
I20240711 13:29:34.084355 3139947 state_machine-inl.h:201] fireStateChanged VeloxExecTask state changed to 1
I20240711 13:29:34.085217 3139922 vertex_segment_base.cc:86] createMutableVertexIdIndex --------- commit_key 2.test.ns.ldbc_snb.Tag.29.snapshot-vid-index
I20240711 13:29:34.085695 3139921 vertex_segment_base.cc:86] createMutableVertexIdIndex --------- commit_key 2.test.ns.ldbc_snb.Tag.24.snapshot-vid-index
I20240711 13:29:34.086166 3139947 vertex_segment_base.cc:86] createMutableVertexIdIndex --------- commit_key 2.test.ns.ldbc_snb.Tag.17.snapshot-vid-index
I20240711 13:29:34.086671 3139922 vertex_segment_base.cc:86] createMutableVertexIdIndex --------- commit_key 2.test.ns.ldbc_snb.Tag.12.snapshot-vid-index
I20240711 13:29:34.087087 3139921 vertex_segment_base.cc:86] createMutableVertexIdIndex --------- commit_key 2.test.ns.ldbc_snb.Tag.5.snapshot-vid-index
I20240711 13:29:34.087486 3139947 vertex_segment_base.cc:86] createMutableVertexIdIndex --------- commit_key 2.test.ns.ldbc_snb.Tag.25.snapshot-vid-index
I20240711 13:29:34.087867 3139922 vertex_segment_base.cc:86] createMutableVertexIdIndex --------- commit_key 2.test.ns.ldbc_snb.Tag.4.snapshot-vid-index
I20240711 13:29:34.088354 3139921 vertex_segment_base.cc:103] createMutableVertexRowIndex --------- commit_key 2.test.ns.ldbc_snb.Tag.29.snapshot-vtx-row-index
I20240711 13:29:34.088752 3139947 vertex_segment_base.cc:103] createMutableVertexRowIndex --------- commit_key 2.test.ns.ldbc_snb.Tag.24.snapshot-vtx-row-index
I20240711 13:29:34.089275 3139922 vertex_segment_base.cc:103] createMutableVertexRowIndex --------- commit_key 2.test.ns.ldbc_snb.Tag.17.snapshot-vtx-row-index
I20240711 13:29:34.089727 3139921 vertex_segment_base.cc:103] createMutableVertexRowIndex --------- commit_key 2.test.ns.ldbc_snb.Tag.12.snapshot-vtx-row-index
I20240711 13:29:34.090147 3139947 vertex_segment_base.cc:103] createMutableVertexRowIndex --------- commit_key 2.test.ns.ldbc_snb.Tag.5.snapshot-vtx-row-index
I20240711 13:29:34.090590 3139922 vertex_segment_base.cc:103] createMutableVertexRowIndex --------- commit_key 2.test.ns.ldbc_snb.Tag.25.snapshot-vtx-row-index
I20240711 13:29:34.090968 3139921 vertex_segment_base.cc:103] createMutableVertexRowIndex --------- commit_key 2.test.ns.ldbc_snb.Tag.4.snapshot-vtx-row-index
I20240711 13:29:34.091048 3139921 vertex_import_write_exec_task.cc:146] ============================================ VertexImportWriteExecTask schema
ROW<id:BIGINT,name:VARCHAR,url:VARCHAR>
I20240711 13:29:34.092445 3140333 remote_exchange_source.h:58] remote exchange brpc://127.0.0.1:53120/task/2-vertex-import-read/0
I20240711 13:29:34.092617 3140044 remote_exchange_source.h:58] remote exchange brpc://127.0.0.1:53120/task/2-vertex-import-read/0
I20240711 13:29:34.093098 3140043 remote_exchange_source.h:58] remote exchange brpc://127.0.0.1:53120/task/2-vertex-import-read/0
I20240711 13:29:34.093317 3140044 remote_exchange_source.h:58] remote exchange brpc://127.0.0.1:53120/task/2-vertex-import-read/0
I20240711 13:29:34.093744 3140043 remote_exchange_source.h:58] remote exchange brpc://127.0.0.1:53120/task/2-vertex-import-read/0
I20240711 13:29:34.094071 3140044 remote_exchange_source.h:58] remote exchange brpc://127.0.0.1:53120/task/2-vertex-import-read/0
I20240711 13:29:34.094523 3140043 remote_exchange_source.h:58] remote exchange brpc://127.0.0.1:53120/task/2-vertex-import-read/0
I20240711 13:29:34.094616 3139947 graph_storage_service2.cc:344] Received get task status request for job_id: 2, task_id: 21 task_status: pending { } call id: 16522739187745
I20240711 13:29:34.094720 3140334 graph_storage_service2.cc:276] Getting task status for Task: 2_21 task_status: running { } call id: 16522739187745
I20240711 13:29:34.094766 3140334 graph_storage_service2.cc:291] Get task status success for Task: 2_21 task_status: running { } call id: 16522739187745 latency: 0ms.
I20240711 13:29:34.095331 3139922 graph_storage_service2.cc:344] Received get task status request for job_id: 2, task_id: 21 task_status: running { } call id: 3311419785257
I20240711 13:29:34.175472 3140049 Task.cpp:983] All drivers (1) finished for task local://localhost:0/task/2-vertex-import-write/4 after running for 82 ms.
I20240711 13:29:34.175582 3140049 Task.cpp:1665] Terminating task local://localhost:0/task/2-vertex-import-write/4 with state Finished after running for 82 ms.
I20240711 13:29:34.177163 3140044 Task.cpp:983] All drivers (1) finished for task local://localhost:0/task/2-vertex-import-write/24 after running for 86 ms.
I20240711 13:29:34.177233 3140044 Task.cpp:1665] Terminating task local://localhost:0/task/2-vertex-import-write/24 with state Finished after running for 86 ms.
I20240711 13:29:34.178766 3140332 Task.cpp:983] All drivers (1) finished for task local://localhost:0/task/2-vertex-import-write/5 after running for 85 ms.
I20240711 13:29:34.178834 3140043 Task.cpp:983] All drivers (1) finished for task local://localhost:0/task/2-vertex-import-write/29 after running for 87 ms.
I20240711 13:29:34.179098 3140332 Task.cpp:1665] Terminating task local://localhost:0/task/2-vertex-import-write/5 with state Finished after running for 86 ms.
I20240711 13:29:34.179127 3140333 Task.cpp:983] All drivers (1) finished for task local://localhost:0/task/2-vertex-import-write/25 after running for 86 ms.
I20240711 13:29:34.179100 3140043 Task.cpp:1665] Terminating task local://localhost:0/task/2-vertex-import-write/29 with state Finished after running for 88 ms.
I20240711 13:29:34.179185 3140333 Task.cpp:1665] Terminating task local://localhost:0/task/2-vertex-import-write/25 with state Finished after running for 86 ms.
I20240711 13:29:34.179208 3140045 Task.cpp:983] All drivers (1) finished for task local://localhost:0/task/2-vertex-import-write/12 after running for 87 ms.
I20240711 13:29:34.179255 3140045 Task.cpp:1665] Terminating task local://localhost:0/task/2-vertex-import-write/12 with state Finished after running for 87 ms.
I20240711 13:29:34.180629 3140048 Task.cpp:983] All drivers (1) finished for task local://localhost:0/task/2-vertex-import-write/17 after running for 88 ms.
I20240711 13:29:34.180694 3140048 Task.cpp:1665] Terminating task local://localhost:0/task/2-vertex-import-write/17 with state Finished after running for 88 ms.
I20240711 13:29:34.183877 3140333 meta_service_client.cc:755] Successfully submitImportJobFiles
I20240711 13:29:34.184047 3140333 state_machine-inl.h:201] fireStateChanged VeloxExecTask state changed to 2
I20240711 13:29:34.184182 3140334 graph_storage_service2.cc:276] Getting task status for Task: 2_21 task_status: finished { } call id: 3311419785257
I20240711 13:29:34.184242 3140334 graph_storage_service2.cc:291] Get task status success for Task: 2_21 task_status: finished { } call id: 3311419785257 latency: 89ms.
I20240711 13:29:34.329349 3139949 local_data_manager.cc:71] Successfully updated the vertex id index for job 2 with snapshot id: 1
I20240711 13:29:34.329514 3139949 local_data_manager.cc:71] Successfully updated the vertex id index for job 2 with snapshot id: 1
I20240711 13:29:34.329622 3139949 local_data_manager.cc:71] Successfully updated the vertex id index for job 2 with snapshot id: 1
I20240711 13:29:34.329715 3139949 local_data_manager.cc:71] Successfully updated the vertex id index for job 2 with snapshot id: 1
I20240711 13:29:34.329811 3139949 local_data_manager.cc:71] Successfully updated the vertex id index for job 2 with snapshot id: 1
I20240711 13:29:34.329944 3139949 local_data_manager.cc:71] Successfully updated the vertex id index for job 2 with snapshot id: 1
I20240711 13:29:34.330057 3139949 local_data_manager.cc:71] Successfully updated the vertex id index for job 2 with snapshot id: 1
I20240711 13:29:35.083844 3139948 state_machine-inl.h:201] fireStateChanged VeloxExecTask state changed to 1
I20240711 13:29:35.084724 3139919 edge_segment_base.cc:68] createMutableEdgeRowIndex --------- commit_key 3.test.ns.ldbc_snb.__internal_anonymous_reverse_edge_label_knows.4.snapshot-edge-row-index
I20240711 13:29:35.085219 3139949 edge_segment_base.cc:68] createMutableEdgeRowIndex --------- commit_key 3.test.ns.ldbc_snb.__internal_anonymous_reverse_edge_label_knows.5.snapshot-edge-row-index
I20240711 13:29:35.085664 3139926 edge_segment_base.cc:68] createMutableEdgeRowIndex --------- commit_key 3.test.ns.ldbc_snb.__internal_anonymous_reverse_edge_label_knows.12.snapshot-edge-row-index
I20240711 13:29:35.086181 3139951 edge_segment_base.cc:68] createMutableEdgeRowIndex --------- commit_key 3.test.ns.ldbc_snb.__internal_anonymous_reverse_edge_label_knows.17.snapshot-edge-row-index
I20240711 13:29:35.086736 3139956 edge_segment_base.cc:68] createMutableEdgeRowIndex --------- commit_key 3.test.ns.ldbc_snb.__internal_anonymous_reverse_edge_label_knows.24.snapshot-edge-row-index
I20240711 13:29:35.087263 3139948 edge_segment_base.cc:68] createMutableEdgeRowIndex --------- commit_key 3.test.ns.ldbc_snb.__internal_anonymous_reverse_edge_label_knows.25.snapshot-edge-row-index
I20240711 13:29:35.087693 3139919 edge_segment_base.cc:68] createMutableEdgeRowIndex --------- commit_key 3.test.ns.ldbc_snb.__internal_anonymous_reverse_edge_label_knows.29.snapshot-edge-row-index
I20240711 13:29:35.087844 3139919 edge_import_write_exec_task.cc:154] =========================== exchange schema ===========================
ROW<__srcid__:BIGINT,__dstid__:BIGINT,creationDate:VARCHAR>
I20240711 13:29:35.093143 3139949 graph_storage_service2.cc:344] Received get task status request for job_id: 3, task_id: 35 task_status: pending { } call id: 4406636445753
I20240711 13:29:35.093273 3140334 graph_storage_service2.cc:276] Getting task status for Task: 3_35 task_status: running { } call id: 4406636445753
I20240711 13:29:35.093325 3140334 graph_storage_service2.cc:291] Get task status success for Task: 3_35 task_status: running { } call id: 4406636445753 latency: 0ms.
I20240711 13:29:35.093858 3139926 graph_storage_service2.cc:344] Received get task status request for job_id: 3, task_id: 35 task_status: running { } call id: 17596481011777
I20240711 13:29:35.119967 3139956 state_machine-inl.h:201] fireStateChanged VeloxExecTask state changed to 1
I20240711 13:29:35.120702 3139926 edge_segment_base.cc:68] createMutableEdgeRowIndex --------- commit_key 3.test.ns.ldbc_snb.knows.4.snapshot-edge-row-index
I20240711 13:29:35.121170 3139948 edge_segment_base.cc:68] createMutableEdgeRowIndex --------- commit_key 3.test.ns.ldbc_snb.knows.5.snapshot-edge-row-index
I20240711 13:29:35.121595 3139951 edge_segment_base.cc:68] createMutableEdgeRowIndex --------- commit_key 3.test.ns.ldbc_snb.knows.12.snapshot-edge-row-index
I20240711 13:29:35.122021 3139949 edge_segment_base.cc:68] createMutableEdgeRowIndex --------- commit_key 3.test.ns.ldbc_snb.knows.17.snapshot-edge-row-index
I20240711 13:29:35.122457 3139919 edge_segment_base.cc:68] createMutableEdgeRowIndex --------- commit_key 3.test.ns.ldbc_snb.knows.24.snapshot-edge-row-index
I20240711 13:29:35.122888 3139956 edge_segment_base.cc:68] createMutableEdgeRowIndex --------- commit_key 3.test.ns.ldbc_snb.knows.25.snapshot-edge-row-index
I20240711 13:29:35.123361 3139926 edge_segment_base.cc:68] createMutableEdgeRowIndex --------- commit_key 3.test.ns.ldbc_snb.knows.29.snapshot-edge-row-index
I20240711 13:29:35.123476 3139926 edge_import_write_exec_task.cc:154] =========================== exchange schema ===========================
ROW<__srcid__:BIGINT,__dstid__:BIGINT,creationDate:VARCHAR>
I20240711 13:29:35.128994 3139948 graph_storage_service2.cc:344] Received get task status request for job_id: 3, task_id: 32 task_status: pending { } call id: 20890720927761
I20240711 13:29:35.129107 3140334 graph_storage_service2.cc:276] Getting task status for Task: 3_32 task_status: running { } call id: 20890720927761
I20240711 13:29:35.129154 3140334 graph_storage_service2.cc:291] Get task status success for Task: 3_32 task_status: running { } call id: 20890720927761 latency: 1ms.
I20240711 13:29:35.129678 3139951 graph_storage_service2.cc:344] Received get task status request for job_id: 3, task_id: 32 task_status: running { } call id: 18713172508697
I20240711 13:29:35.144428 3139926 state_machine-inl.h:201] fireStateChanged VeloxExecTask state changed to 1
E20240711 13:29:35.144764 3139926 edge_import_read_exec_task.cc:99] creationDate, 2
I20240711 13:29:35.145622 3139926 edge_import_read_exec_task.cc:201] ======================= exchange schema =======================
ROW<__srcid__:BIGINT,__dstid__:BIGINT,creationDate:VARCHAR>
ROW<__srcid__:BIGINT,__dstid__:BIGINT,creationDate:VARCHAR>
I20240711 13:29:35.146484 3140331 remote_exchange_source.h:58] remote exchange brpc://127.0.0.1:53122/task/3-edge-import-read-forward/0
I20240711 13:29:35.146677 3140047 remote_exchange_source.h:58] remote exchange brpc://127.0.0.1:53122/task/3-edge-import-read-forward/0
I20240711 13:29:35.147727 3140389 remote_exchange_source.h:58] remote exchange brpc://127.0.0.1:53122/task/3-edge-import-read-forward/0
I20240711 13:29:35.148643 3140390 remote_exchange_source.h:58] remote exchange brpc://127.0.0.1:53122/task/3-edge-import-read-forward/0
I20240711 13:29:35.149390 3140391 remote_exchange_source.h:58] remote exchange brpc://127.0.0.1:53122/task/3-edge-import-read-forward/0
I20240711 13:29:35.160959 3139956 graph_storage_service2.cc:344] Received get task status request for job_id: 3, task_id: 30 task_status: pending { } call id: 14297946128385
I20240711 13:29:35.161165 3140334 graph_storage_service2.cc:276] Getting task status for Task: 3_30 task_status: running { } call id: 14297946128385
I20240711 13:29:35.161226 3140334 graph_storage_service2.cc:291] Get task status success for Task: 3_30 task_status: running { } call id: 14297946128385 latency: 1ms.
I20240711 13:29:35.161991 3139919 graph_storage_service2.cc:344] Received get task status request for job_id: 3, task_id: 30 task_status: running { } call id: 9904194584585
W20240711 13:29:35.167743 3140047 csv_data_source.cc:149] returning row vector larger than the given size
I20240711 13:29:35.185740 3140046 remote_exchange_source.h:58] remote exchange brpc://127.0.0.1:53122/task/3-edge-import-read-forward/0
I20240711 13:29:35.186393 3140044 remote_exchange_source.h:58] remote exchange brpc://127.0.0.1:53122/task/3-edge-import-read-forward/0
I20240711 13:29:35.188055 3140044 Task.cpp:983] All drivers (10) finished for task brpc://127.0.0.1:53121/task/3-edge-import-read-load/ after running for 30 ms.
I20240711 13:29:35.188117 3140044 Task.cpp:1665] Terminating task brpc://127.0.0.1:53121/task/3-edge-import-read-load/ with state Finished after running for 30 ms.
I20240711 13:29:35.230940 3140333 remote_exchange_source.h:58] remote exchange brpc://127.0.0.1:53122/task/3-edge-import-read-reverse/0
I20240711 13:29:35.233422 3140045 remote_exchange_source.h:58] remote exchange brpc://127.0.0.1:53122/task/3-edge-import-read-reverse/0
I20240711 13:29:35.234262 3140049 remote_exchange_source.h:58] remote exchange brpc://127.0.0.1:53122/task/3-edge-import-read-reverse/0
I20240711 13:29:35.234402 3140048 remote_exchange_source.h:58] remote exchange brpc://127.0.0.1:53122/task/3-edge-import-read-reverse/0
I20240711 13:29:35.235354 3140050 remote_exchange_source.h:58] remote exchange brpc://127.0.0.1:53122/task/3-edge-import-read-reverse/0
I20240711 13:29:35.235548 3140043 remote_exchange_source.h:58] remote exchange brpc://127.0.0.1:53122/task/3-edge-import-read-reverse/0
I20240711 13:29:35.236385 3140332 remote_exchange_source.h:58] remote exchange brpc://127.0.0.1:53122/task/3-edge-import-read-reverse/0
I20240711 13:29:35.262454 3140389 Task.cpp:983] All drivers (64) finished for task brpc://127.0.0.1:53121/task/3-edge-import-read-forward/0 after running for 116 ms.
I20240711 13:29:35.265012 3139955 Task.cpp:1665] Terminating task brpc://127.0.0.1:53121/task/3-edge-import-read-forward/0 with state Finished after running for 119 ms.
I20240711 13:29:35.293540 3140391 Task.cpp:983] All drivers (64) finished for task brpc://127.0.0.1:53121/task/3-edge-import-read-reverse/0 after running for 140 ms.
I20240711 13:29:35.301141 3139922 Task.cpp:1665] Terminating task brpc://127.0.0.1:53121/task/3-edge-import-read-reverse/0 with state Finished after running for 148 ms.
I20240711 13:29:35.302141 3140391 state_machine-inl.h:201] fireStateChanged VeloxExecTask state changed to 2
I20240711 13:29:35.302340 3140334 graph_storage_service2.cc:276] Getting task status for Task: 3_30 task_status: finished { } call id: 9904194584585
I20240711 13:29:35.302409 3140334 graph_storage_service2.cc:291] Get task status success for Task: 3_30 task_status: finished { } call id: 9904194584585 latency: 141ms.
I20240711 13:29:35.338052 3140043 Task.cpp:983] All drivers (1) finished for task 3-edge-import-write-forward5 after running for 214 ms.
I20240711 13:29:35.338781 3140043 Task.cpp:1665] Terminating task 3-edge-import-write-forward5 with state Finished after running for 214 ms.
I20240711 13:29:35.354103 3140331 Task.cpp:983] All drivers (1) finished for task 3-edge-import-write-forward24 after running for 228 ms.
I20240711 13:29:35.354326 3140331 Task.cpp:1665] Terminating task 3-edge-import-write-forward24 with state Finished after running for 228 ms.
I20240711 13:29:35.372256 3140046 Task.cpp:983] All drivers (1) finished for task 3-edge-import-write-reverse4 after running for 283 ms.
I20240711 13:29:35.372849 3140046 Task.cpp:1665] Terminating task 3-edge-import-write-reverse4 with state Finished after running for 283 ms.
I20240711 13:29:35.382602 3140048 Task.cpp:983] All drivers (1) finished for task 3-edge-import-write-reverse29 after running for 290 ms.
I20240711 13:29:35.382613 3140333 Task.cpp:983] All drivers (1) finished for task 3-edge-import-write-forward4 after running for 258 ms.
I20240711 13:29:35.382668 3140048 Task.cpp:1665] Terminating task 3-edge-import-write-reverse29 with state Finished after running for 290 ms.
I20240711 13:29:35.382684 3140333 Task.cpp:1665] Terminating task 3-edge-import-write-forward4 with state Finished after running for 258 ms.
I20240711 13:29:35.389514 3140392 Task.cpp:983] All drivers (1) finished for task 3-edge-import-write-reverse17 after running for 299 ms.
I20240711 13:29:35.389755 3140392 Task.cpp:1665] Terminating task 3-edge-import-write-reverse17 with state Finished after running for 299 ms.
I20240711 13:29:35.390676 3140332 Task.cpp:983] All drivers (1) finished for task 3-edge-import-write-forward25 after running for 264 ms.
I20240711 13:29:35.391052 3140332 Task.cpp:1665] Terminating task 3-edge-import-write-forward25 with state Finished after running for 265 ms.
I20240711 13:29:35.392709 3140389 Task.cpp:983] All drivers (1) finished for task 3-edge-import-write-reverse12 after running for 302 ms.
I20240711 13:29:35.392761 3140389 Task.cpp:1665] Terminating task 3-edge-import-write-reverse12 with state Finished after running for 302 ms.
I20240711 13:29:35.393522 3140049 Task.cpp:983] All drivers (1) finished for task 3-edge-import-write-forward12 after running for 268 ms.
I20240711 13:29:35.393570 3140049 Task.cpp:1665] Terminating task 3-edge-import-write-forward12 with state Finished after running for 268 ms.
I20240711 13:29:35.393637 3140044 Task.cpp:983] All drivers (1) finished for task 3-edge-import-write-forward29 after running for 266 ms.
I20240711 13:29:35.393682 3140044 Task.cpp:1665] Terminating task 3-edge-import-write-forward29 with state Finished after running for 266 ms.
I20240711 13:29:35.396624 3140047 Task.cpp:983] All drivers (1) finished for task 3-edge-import-write-reverse24 after running for 305 ms.
I20240711 13:29:35.396690 3140047 Task.cpp:1665] Terminating task 3-edge-import-write-reverse24 with state Finished after running for 305 ms.
I20240711 13:29:35.397080 3140050 Task.cpp:983] All drivers (1) finished for task 3-edge-import-write-forward17 after running for 272 ms.
I20240711 13:29:35.397125 3140050 Task.cpp:1665] Terminating task 3-edge-import-write-forward17 with state Finished after running for 272 ms.
I20240711 13:29:35.401432 3140390 Task.cpp:983] All drivers (1) finished for task 3-edge-import-write-reverse25 after running for 310 ms.
I20240711 13:29:35.401486 3140389 meta_service_client.cc:755] Successfully submitImportJobFiles
I20240711 13:29:35.401438 3140393 Task.cpp:983] All drivers (1) finished for task 3-edge-import-write-reverse5 after running for 312 ms.
I20240711 13:29:35.401525 3140390 Task.cpp:1665] Terminating task 3-edge-import-write-reverse25 with state Finished after running for 310 ms.
I20240711 13:29:35.401568 3140393 Task.cpp:1665] Terminating task 3-edge-import-write-reverse5 with state Finished after running for 312 ms.
I20240711 13:29:35.401599 3140389 state_machine-inl.h:201] fireStateChanged VeloxExecTask state changed to 2
I20240711 13:29:35.401758 3140334 graph_storage_service2.cc:276] Getting task status for Task: 3_32 task_status: finished { } call id: 18713172508697
I20240711 13:29:35.401811 3140334 graph_storage_service2.cc:291] Get task status success for Task: 3_32 task_status: finished { } call id: 18713172508697 latency: 272ms.
I20240711 13:29:35.404913 3140049 meta_service_client.cc:755] Successfully submitImportJobFiles
I20240711 13:29:35.405033 3140049 state_machine-inl.h:201] fireStateChanged VeloxExecTask state changed to 2
I20240711 13:29:35.405174 3140334 graph_storage_service2.cc:276] Getting task status for Task: 3_35 task_status: finished { } call id: 17596481011777
I20240711 13:29:35.405221 3140334 graph_storage_service2.cc:291] Get task status success for Task: 3_35 task_status: finished { } call id: 17596481011777 latency: 312ms.
I20240711 13:29:36.091363 3139926 state_machine-inl.h:201] fireStateChanged VeloxExecTask state changed to 1
I20240711 13:29:36.092020 3139951 edge_segment_base.cc:68] createMutableEdgeRowIndex --------- commit_key 4.test.ns.ldbc_snb.__internal_anonymous_reverse_edge_label_hasModerator.4.snapshot-edge-row-index
I20240711 13:29:36.092530 3139919 edge_segment_base.cc:68] createMutableEdgeRowIndex --------- commit_key 4.test.ns.ldbc_snb.__internal_anonymous_reverse_edge_label_hasModerator.5.snapshot-edge-row-index
I20240711 13:29:36.093040 3139949 edge_segment_base.cc:68] createMutableEdgeRowIndex --------- commit_key 4.test.ns.ldbc_snb.__internal_anonymous_reverse_edge_label_hasModerator.12.snapshot-edge-row-index
I20240711 13:29:36.093541 3139948 edge_segment_base.cc:68] createMutableEdgeRowIndex --------- commit_key 4.test.ns.ldbc_snb.__internal_anonymous_reverse_edge_label_hasModerator.17.snapshot-edge-row-index
I20240711 13:29:36.093987 3139956 edge_segment_base.cc:68] createMutableEdgeRowIndex --------- commit_key 4.test.ns.ldbc_snb.__internal_anonymous_reverse_edge_label_hasModerator.24.snapshot-edge-row-index
I20240711 13:29:36.094430 3139926 edge_segment_base.cc:68] createMutableEdgeRowIndex --------- commit_key 4.test.ns.ldbc_snb.__internal_anonymous_reverse_edge_label_hasModerator.25.snapshot-edge-row-index
I20240711 13:29:36.094883 3139951 edge_segment_base.cc:68] createMutableEdgeRowIndex --------- commit_key 4.test.ns.ldbc_snb.__internal_anonymous_reverse_edge_label_hasModerator.29.snapshot-edge-row-index
I20240711 13:29:36.095005 3139951 edge_import_write_exec_task.cc:154] =========================== exchange schema ===========================
ROW<__srcid__:BIGINT,__dstid__:BIGINT>
I20240711 13:29:36.096580 3140044 remote_exchange_source.h:58] remote exchange brpc://127.0.0.1:53122/task/4-edge-import-read-reverse/0
I20240711 13:29:36.097061 3140049 remote_exchange_source.h:58] remote exchange brpc://127.0.0.1:53122/task/4-edge-import-read-reverse/0
I20240711 13:29:36.097254 3140044 remote_exchange_source.h:58] remote exchange brpc://127.0.0.1:53122/task/4-edge-import-read-reverse/0
I20240711 13:29:36.097668 3140049 remote_exchange_source.h:58] remote exchange brpc://127.0.0.1:53122/task/4-edge-import-read-reverse/0
I20240711 13:29:36.097965 3140044 remote_exchange_source.h:58] remote exchange brpc://127.0.0.1:53122/task/4-edge-import-read-reverse/0
I20240711 13:29:36.098414 3140049 remote_exchange_source.h:58] remote exchange brpc://127.0.0.1:53122/task/4-edge-import-read-reverse/0
I20240711 13:29:36.098664 3140044 remote_exchange_source.h:58] remote exchange brpc://127.0.0.1:53122/task/4-edge-import-read-reverse/0
I20240711 13:29:36.098832 3139919 graph_storage_service2.cc:344] Received get task status request for job_id: 4, task_id: 48 task_status: pending { } call id: 3328599654417
I20240711 13:29:36.098958 3140334 graph_storage_service2.cc:276] Getting task status for Task: 4_48 task_status: running { } call id: 3328599654417
I20240711 13:29:36.099005 3140334 graph_storage_service2.cc:291] Get task status success for Task: 4_48 task_status: running { } call id: 3328599654417 latency: 1ms.
I20240711 13:29:36.099515 3139949 graph_storage_service2.cc:344] Received get task status request for job_id: 4, task_id: 48 task_status: running { } call id: 15397457756185
I20240711 13:29:36.120064 3139948 state_machine-inl.h:201] fireStateChanged VeloxExecTask state changed to 1
I20240711 13:29:36.120632 3139956 edge_segment_base.cc:68] createMutableEdgeRowIndex --------- commit_key 4.test.ns.ldbc_snb.hasModerator.4.snapshot-edge-row-index
I20240711 13:29:36.121047 3139926 edge_segment_base.cc:68] createMutableEdgeRowIndex --------- commit_key 4.test.ns.ldbc_snb.hasModerator.5.snapshot-edge-row-index
I20240711 13:29:36.121445 3139951 edge_segment_base.cc:68] createMutableEdgeRowIndex --------- commit_key 4.test.ns.ldbc_snb.hasModerator.12.snapshot-edge-row-index
I20240711 13:29:36.121824 3139919 edge_segment_base.cc:68] createMutableEdgeRowIndex --------- commit_key 4.test.ns.ldbc_snb.hasModerator.17.snapshot-edge-row-index
I20240711 13:29:36.122238 3139949 edge_segment_base.cc:68] createMutableEdgeRowIndex --------- commit_key 4.test.ns.ldbc_snb.hasModerator.24.snapshot-edge-row-index
I20240711 13:29:36.122668 3139948 edge_segment_base.cc:68] createMutableEdgeRowIndex --------- commit_key 4.test.ns.ldbc_snb.hasModerator.25.snapshot-edge-row-index
I20240711 13:29:36.123108 3139956 edge_segment_base.cc:68] createMutableEdgeRowIndex --------- commit_key 4.test.ns.ldbc_snb.hasModerator.29.snapshot-edge-row-index
I20240711 13:29:36.123179 3139956 edge_import_write_exec_task.cc:154] =========================== exchange schema ===========================
ROW<__srcid__:BIGINT,__dstid__:BIGINT>
I20240711 13:29:36.124577 3140044 remote_exchange_source.h:58] remote exchange brpc://127.0.0.1:53122/task/4-edge-import-read-forward/0
I20240711 13:29:36.124982 3140044 remote_exchange_source.h:58] remote exchange brpc://127.0.0.1:53122/task/4-edge-import-read-forward/0
I20240711 13:29:36.125488 3140049 remote_exchange_source.h:58] remote exchange brpc://127.0.0.1:53122/task/4-edge-import-read-forward/0
I20240711 13:29:36.125712 3140044 remote_exchange_source.h:58] remote exchange brpc://127.0.0.1:53122/task/4-edge-import-read-forward/0
I20240711 13:29:36.126148 3140049 remote_exchange_source.h:58] remote exchange brpc://127.0.0.1:53122/task/4-edge-import-read-forward/0
I20240711 13:29:36.126421 3140044 remote_exchange_source.h:58] remote exchange brpc://127.0.0.1:53122/task/4-edge-import-read-forward/0
I20240711 13:29:36.126850 3140049 remote_exchange_source.h:58] remote exchange brpc://127.0.0.1:53122/task/4-edge-import-read-forward/0
I20240711 13:29:36.126983 3139926 graph_storage_service2.cc:344] Received get task status request for job_id: 4, task_id: 45 task_status: pending { } call id: 17609365913641
I20240711 13:29:36.127115 3140334 graph_storage_service2.cc:276] Getting task status for Task: 4_45 task_status: running { } call id: 17609365913641
I20240711 13:29:36.127158 3140334 graph_storage_service2.cc:291] Get task status success for Task: 4_45 task_status: running { } call id: 17609365913641 latency: 1ms.
I20240711 13:29:36.127763 3139951 graph_storage_service2.cc:344] Received get task status request for job_id: 4, task_id: 45 task_status: running { } call id: 18717467475993
I20240711 13:29:36.226464 3140044 Task.cpp:983] All drivers (1) finished for task 4-edge-import-write-forward17 after running for 101 ms.
I20240711 13:29:36.227216 3140044 Task.cpp:1665] Terminating task 4-edge-import-write-forward17 with state Finished after running for 102 ms.
I20240711 13:29:36.244066 3140050 Task.cpp:983] All drivers (1) finished for task 4-edge-import-write-forward24 after running for 119 ms.
I20240711 13:29:36.244158 3140050 Task.cpp:1665] Terminating task 4-edge-import-write-forward24 with state Finished after running for 119 ms.
I20240711 13:29:36.251816 3140390 Task.cpp:983] All drivers (1) finished for task 4-edge-import-write-forward5 after running for 127 ms.
I20240711 13:29:36.252143 3140390 Task.cpp:1665] Terminating task 4-edge-import-write-forward5 with state Finished after running for 128 ms.
I20240711 13:29:36.252305 3140333 Task.cpp:983] All drivers (1) finished for task 4-edge-import-write-forward25 after running for 127 ms.
I20240711 13:29:36.252357 3140333 Task.cpp:1665] Terminating task 4-edge-import-write-forward25 with state Finished after running for 127 ms.
I20240711 13:29:36.270841 3140044 Task.cpp:983] All drivers (1) finished for task 4-edge-import-write-reverse5 after running for 174 ms.
I20240711 13:29:36.270896 3140044 Task.cpp:1665] Terminating task 4-edge-import-write-reverse5 with state Finished after running for 174 ms.
I20240711 13:29:36.278105 3140392 Task.cpp:983] All drivers (1) finished for task 4-edge-import-write-reverse29 after running for 180 ms.
I20240711 13:29:36.278180 3140392 Task.cpp:1665] Terminating task 4-edge-import-write-reverse29 with state Finished after running for 180 ms.
I20240711 13:29:36.278676 3140048 Task.cpp:983] All drivers (1) finished for task 4-edge-import-write-reverse24 after running for 181 ms.
I20240711 13:29:36.278717 3140048 Task.cpp:1665] Terminating task 4-edge-import-write-reverse24 with state Finished after running for 181 ms.
I20240711 13:29:36.280089 3140332 Task.cpp:983] All drivers (1) finished for task 4-edge-import-write-reverse17 after running for 183 ms.
I20240711 13:29:36.280148 3140049 Task.cpp:983] All drivers (1) finished for task 4-edge-import-write-forward4 after running for 157 ms.
I20240711 13:29:36.280210 3140049 Task.cpp:1665] Terminating task 4-edge-import-write-forward4 with state Finished after running for 157 ms.
I20240711 13:29:36.280157 3140332 Task.cpp:1665] Terminating task 4-edge-import-write-reverse17 with state Finished after running for 183 ms.
I20240711 13:29:36.281016 3140043 Task.cpp:983] All drivers (1) finished for task 4-edge-import-write-reverse25 after running for 184 ms.
I20240711 13:29:36.281029 3140389 Task.cpp:983] All drivers (1) finished for task 4-edge-import-write-reverse4 after running for 186 ms.
I20240711 13:29:36.281067 3140043 Task.cpp:1665] Terminating task 4-edge-import-write-reverse25 with state Finished after running for 184 ms.
I20240711 13:29:36.281086 3140389 Task.cpp:1665] Terminating task 4-edge-import-write-reverse4 with state Finished after running for 186 ms.
I20240711 13:29:36.281502 3140393 Task.cpp:983] All drivers (1) finished for task 4-edge-import-write-forward12 after running for 157 ms.
I20240711 13:29:36.281541 3140393 Task.cpp:1665] Terminating task 4-edge-import-write-forward12 with state Finished after running for 157 ms.
I20240711 13:29:36.282941 3140047 Task.cpp:983] All drivers (1) finished for task 4-edge-import-write-forward29 after running for 156 ms.
I20240711 13:29:36.283013 3140047 Task.cpp:1665] Terminating task 4-edge-import-write-forward29 with state Finished after running for 157 ms.
I20240711 13:29:36.283627 3140331 Task.cpp:983] All drivers (1) finished for task 4-edge-import-write-reverse12 after running for 187 ms.
I20240711 13:29:36.283679 3140331 Task.cpp:1665] Terminating task 4-edge-import-write-reverse12 with state Finished after running for 187 ms.
