I20240711 13:29:38.444053 3140491 producer_consumer_queue.h:113] ProducerConsumerQueue noMoreProducer
I20240711 13:29:38.444025 3140490 producer_consumer_queue.h:113] ProducerConsumerQueue noMoreProducer
I20240711 13:29:38.444027 3140492 producer_consumer_queue.h:113] ProducerConsumerQueue noMoreProducer
I20240711 13:29:38.450487 3140494 producer_consumer_queue.h:274] enqueue wake up a consumer
I20240711 13:29:38.450531 3140481 producer_consumer_queue.h:274] enqueue wake up a consumer
I20240711 13:29:38.450546 3140494 producer_consumer_queue.h:142] ProducerConsumerQueue::Producer closed file:///tmp/flavius/data/1708410945/3_34/7_b3c022e7-5c25-47f9-bd0c-4a0a382e8ecb
I20240711 13:29:38.450603 3140494 producer_consumer_queue.h:295] allProducersFinished, wake up all 0 consumers, last producer file:///tmp/flavius/data/1708410945/3_34/7_b3c022e7-5c25-47f9-bd0c-4a0a382e8ecb
I20240711 13:29:38.450799 3140487 producer_consumer_queue.h:274] enqueue wake up a consumer
I20240711 13:29:38.450884 3140487 producer_consumer_queue.h:142] ProducerConsumerQueue::Producer closed file:///tmp/flavius/data/1708410945/3_34/1_c327173d-f4e5-434a-b03f-aa37e0ee3bbc
I20240711 13:29:38.450912 3140487 producer_consumer_queue.h:295] allProducersFinished, wake up all 0 consumers, last producer file:///tmp/flavius/data/1708410945/3_34/1_c327173d-f4e5-434a-b03f-aa37e0ee3bbc
I20240711 13:29:38.451453 3140485 producer_consumer_queue.h:274] enqueue wake up a consumer
I20240711 13:29:38.452857 3140495 producer_consumer_queue.h:274] enqueue wake up a consumer
I20240711 13:29:38.452955 3140485 producer_consumer_queue.h:142] ProducerConsumerQueue::Producer closed file:///tmp/flavius/data/1708410945/5_60/13_3a39b795-76b5-4461-a15e-c4143c200ba0
I20240711 13:29:38.452983 3140485 producer_consumer_queue.h:295] allProducersFinished, wake up all 0 consumers, last producer file:///tmp/flavius/data/1708410945/5_60/13_3a39b795-76b5-4461-a15e-c4143c200ba0
I20240711 13:29:38.456023 3140482 producer_consumer_queue.h:274] enqueue wake up a consumer
I20240711 13:29:38.456122 3140482 producer_consumer_queue.h:142] ProducerConsumerQueue::Producer closed file:///tmp/flavius/data/1708410945/3_34/14_dcfe2bc3-84c5-4c80-86f0-d780fe01885e
I20240711 13:29:38.456146 3140482 producer_consumer_queue.h:295] allProducersFinished, wake up all 0 consumers, last producer file:///tmp/flavius/data/1708410945/3_34/14_dcfe2bc3-84c5-4c80-86f0-d780fe01885e
I20240711 13:29:38.456267 3140495 producer_consumer_queue.h:142] ProducerConsumerQueue::Producer closed file:///tmp/flavius/data/1708410945/3_34/0_b98bd233-26fa-4221-9ada-ba3a0e86258b
I20240711 13:29:38.456321 3140495 producer_consumer_queue.h:295] allProducersFinished, wake up all 0 consumers, last producer file:///tmp/flavius/data/1708410945/3_34/0_b98bd233-26fa-4221-9ada-ba3a0e86258b
I20240711 13:29:38.457231 3140481 producer_consumer_queue.h:142] ProducerConsumerQueue::Producer closed file:///tmp/flavius/data/1708410945/5_60/7_0fd22718-7724-4151-acce-e160672bbc10
I20240711 13:29:38.457275 3140481 producer_consumer_queue.h:295] allProducersFinished, wake up all 0 consumers, last producer file:///tmp/flavius/data/1708410945/5_60/7_0fd22718-7724-4151-acce-e160672bbc10
I20240711 13:29:38.457316 3140493 producer_consumer_queue.h:274] enqueue wake up a consumer
I20240711 13:29:38.457387 3140493 producer_consumer_queue.h:142] ProducerConsumerQueue::Producer closed file:///tmp/flavius/data/1708410945/3_34/13_4df5e692-6f7e-4757-a80e-98e86193f4bf
I20240711 13:29:38.457425 3140493 producer_consumer_queue.h:295] allProducersFinished, wake up all 0 consumers, last producer file:///tmp/flavius/data/1708410945/3_34/13_4df5e692-6f7e-4757-a80e-98e86193f4bf
I20240711 13:29:38.457916 3140486 producer_consumer_queue.h:274] enqueue wake up a consumer
I20240711 13:29:38.458206 3140486 producer_consumer_queue.h:142] ProducerConsumerQueue::Producer closed file:///tmp/flavius/data/1708410945/5_60/0_47166b57-28a2-4888-92d7-48802adb4b40
I20240711 13:29:38.458242 3140486 producer_consumer_queue.h:295] allProducersFinished, wake up all 0 consumers, last producer file:///tmp/flavius/data/1708410945/5_60/0_47166b57-28a2-4888-92d7-48802adb4b40
I20240711 13:29:38.458258 3140497 producer_consumer_queue.h:274] enqueue wake up a consumer
I20240711 13:29:38.458273 3140483 producer_consumer_queue.h:274] enqueue wake up a consumer
I20240711 13:29:38.458384 3140483 producer_consumer_queue.h:142] ProducerConsumerQueue::Producer closed file:///tmp/flavius/data/1708410945/5_60/8_76483ce1-e011-476b-8cc1-0bea4cd29f22
I20240711 13:29:38.458416 3140497 producer_consumer_queue.h:142] ProducerConsumerQueue::Producer closed file:///tmp/flavius/data/1708410945/3_34/8_def64374-ecd8-480d-9297-e140fe6930b4
I20240711 13:29:38.458464 3140497 producer_consumer_queue.h:295] allProducersFinished, wake up all 0 consumers, last producer file:///tmp/flavius/data/1708410945/3_34/8_def64374-ecd8-480d-9297-e140fe6930b4
I20240711 13:29:38.458420 3140483 producer_consumer_queue.h:295] allProducersFinished, wake up all 0 consumers, last producer file:///tmp/flavius/data/1708410945/5_60/8_76483ce1-e011-476b-8cc1-0bea4cd29f22
I20240711 13:29:38.458889 3140490 producer_consumer_queue.h:274] enqueue wake up a consumer
I20240711 13:29:38.459203 3140484 producer_consumer_queue.h:274] enqueue wake up a consumer
I20240711 13:29:38.459282 3140484 producer_consumer_queue.h:142] ProducerConsumerQueue::Producer closed file:///tmp/flavius/data/1708410945/3_34/15_b6f958f1-255a-4dd2-9bf9-d519580e0420
I20240711 13:29:38.459322 3140484 producer_consumer_queue.h:295] allProducersFinished, wake up all 0 consumers, last producer file:///tmp/flavius/data/1708410945/3_34/15_b6f958f1-255a-4dd2-9bf9-d519580e0420
I20240711 13:29:38.463466 3140489 producer_consumer_queue.h:274] enqueue wake up a consumer
I20240711 13:29:38.463551 3140489 producer_consumer_queue.h:142] ProducerConsumerQueue::Producer closed file:///tmp/flavius/data/1708410945/3_34/2_71510da6-b796-4bdb-b717-828f9c88cd2c
I20240711 13:29:38.463603 3140489 producer_consumer_queue.h:295] allProducersFinished, wake up all 0 consumers, last producer file:///tmp/flavius/data/1708410945/3_34/2_71510da6-b796-4bdb-b717-828f9c88cd2c
I20240711 13:29:38.464125 3140492 producer_consumer_queue.h:274] enqueue wake up a consumer
I20240711 13:29:38.464195 3140492 producer_consumer_queue.h:142] ProducerConsumerQueue::Producer closed file:///tmp/flavius/data/1708410945/5_60/1_59f327d9-a4cc-4477-a019-cc77dd87c33a
I20240711 13:29:38.464227 3140492 producer_consumer_queue.h:295] allProducersFinished, wake up all 0 consumers, last producer file:///tmp/flavius/data/1708410945/5_60/1_59f327d9-a4cc-4477-a019-cc77dd87c33a
I20240711 13:29:38.464395 3140488 producer_consumer_queue.h:274] enqueue wake up a consumer
I20240711 13:29:38.464474 3140488 producer_consumer_queue.h:142] ProducerConsumerQueue::Producer closed file:///tmp/flavius/data/1708410945/5_60/15_148a32fa-39fd-4ab6-bb59-409f7fee13ba
I20240711 13:29:38.464540 3140490 producer_consumer_queue.h:142] ProducerConsumerQueue::Producer closed file:///tmp/flavius/data/1708410945/5_60/2_8dd84192-93b5-4a56-a0e8-915a2863ffc7
I20240711 13:29:38.464588 3140490 producer_consumer_queue.h:295] allProducersFinished, wake up all 0 consumers, last producer file:///tmp/flavius/data/1708410945/5_60/2_8dd84192-93b5-4a56-a0e8-915a2863ffc7
I20240711 13:29:38.465844 3140488 producer_consumer_queue.h:295] allProducersFinished, wake up all 0 consumers, last producer file:///tmp/flavius/data/1708410945/5_60/15_148a32fa-39fd-4ab6-bb59-409f7fee13ba
I20240711 13:29:38.495308 3140491 producer_consumer_queue.h:274] enqueue wake up a consumer
I20240711 13:29:38.496918 3140491 producer_consumer_queue.h:142] ProducerConsumerQueue::Producer closed file:///tmp/flavius/data/1708410945/5_60/14_8e82cbef-1251-481f-a2ba-aa7a0a39fa30
I20240711 13:29:38.496999 3140491 producer_consumer_queue.h:295] allProducersFinished, wake up all 0 consumers, last producer file:///tmp/flavius/data/1708410945/5_60/14_8e82cbef-1251-481f-a2ba-aa7a0a39fa30
I20240711 13:29:38.503275 3139940 producer_consumer_queue.h:86] ProducerConsumerQueue destructed
I20240711 13:29:38.503329 3139944 producer_consumer_queue.h:86] ProducerConsumerQueue destructed
I20240711 13:29:38.503540 3139940 index_scanner_if.h:61] IndexScanner io_stats: {
  "ioWaitNanos": 0,
  "localReadBytes": 0,
  "numLocalRead": 0,
  "numPrefetch": 0,
  "numRamRead": 1,
  "numStorageRead": 0,
  "overreadBytes": 0,
  "prefetchBytes": 0,
  "queryThreadIoLatency": 0,
  "ramReadBytes": 18296,
  "storageReadBytes": 0,
  "totalScanTime": 0
}
I20240711 13:29:38.505214 3139944 index_scanner_if.h:61] IndexScanner io_stats: {
  "ioWaitNanos": 0,
  "localReadBytes": 0,
  "numLocalRead": 0,
  "numPrefetch": 0,
  "numRamRead": 1,
  "numStorageRead": 0,
  "overreadBytes": 0,
  "prefetchBytes": 0,
  "queryThreadIoLatency": 0,
  "ramReadBytes": 8779,
  "storageReadBytes": 0,
  "totalScanTime": 0
}
I20240711 13:29:38.512120 3139908 producer_consumer_queue.h:86] ProducerConsumerQueue destructed
I20240711 13:29:38.512221 3139908 index_scanner_if.h:61] IndexScanner io_stats: {
  "ioWaitNanos": 0,
  "localReadBytes": 0,
  "numLocalRead": 0,
  "numPrefetch": 0,
  "numRamRead": 1,
  "numStorageRead": 0,
  "overreadBytes": 0,
  "prefetchBytes": 0,
  "queryThreadIoLatency": 0,
  "ramReadBytes": 13665,
  "storageReadBytes": 0,
  "totalScanTime": 0
}
I20240711 13:29:38.512462 3139938 producer_consumer_queue.h:86] ProducerConsumerQueue destructed
I20240711 13:29:38.512820 3139938 index_scanner_if.h:61] IndexScanner io_stats: {
  "ioWaitNanos": 579000,
  "localReadBytes": 0,
  "numLocalRead": 0,
  "numPrefetch": 0,
  "numRamRead": 0,
  "numStorageRead": 1,
  "overreadBytes": 0,
  "prefetchBytes": 0,
  "queryThreadIoLatency": 1,
  "ramReadBytes": 0,
  "storageReadBytes": 12747,
  "totalScanTime": 0
}
I20240711 13:29:38.518381 3139913 producer_consumer_queue.h:86] ProducerConsumerQueue destructed
I20240711 13:29:38.518905 3139913 index_scanner_if.h:61] IndexScanner io_stats: {
  "ioWaitNanos": 211000,
  "localReadBytes": 0,
  "numLocalRead": 0,
  "numPrefetch": 0,
  "numRamRead": 0,
  "numStorageRead": 1,
  "overreadBytes": 0,
  "prefetchBytes": 0,
  "queryThreadIoLatency": 1,
  "ramReadBytes": 0,
  "storageReadBytes": 14619,
  "totalScanTime": 0
}
I20240711 13:29:38.531419 3139943 producer_consumer_queue.h:86] ProducerConsumerQueue destructed
I20240711 13:29:38.531517 3139943 index_scanner_if.h:61] IndexScanner io_stats: {
  "ioWaitNanos": 0,
  "localReadBytes": 0,
  "numLocalRead": 0,
  "numPrefetch": 0,
  "numRamRead": 1,
  "numStorageRead": 0,
  "overreadBytes": 0,
  "prefetchBytes": 0,
  "queryThreadIoLatency": 0,
  "ramReadBytes": 18259,
  "storageReadBytes": 0,
  "totalScanTime": 0
}
I20240711 13:29:38.533895 3139912 producer_consumer_queue.h:86] ProducerConsumerQueue destructed
I20240711 13:29:38.533994 3139912 index_scanner_if.h:61] IndexScanner io_stats: {
  "ioWaitNanos": 0,
  "localReadBytes": 0,
  "numLocalRead": 0,
  "numPrefetch": 0,
  "numRamRead": 1,
  "numStorageRead": 0,
  "overreadBytes": 0,
  "prefetchBytes": 0,
  "queryThreadIoLatency": 0,
  "ramReadBytes": 7482,
  "storageReadBytes": 0,
  "totalScanTime": 0
}
I20240711 13:29:38.541525 3139914 producer_consumer_queue.h:86] ProducerConsumerQueue destructed
I20240711 13:29:38.541644 3139914 index_scanner_if.h:61] IndexScanner io_stats: {
  "ioWaitNanos": 0,
  "localReadBytes": 0,
  "numLocalRead": 0,
  "numPrefetch": 0,
  "numRamRead": 1,
  "numStorageRead": 0,
  "overreadBytes": 0,
  "prefetchBytes": 0,
  "queryThreadIoLatency": 0,
  "ramReadBytes": 14997,
  "storageReadBytes": 0,
  "totalScanTime": 0
}
I20240711 13:29:38.547466 3139939 producer_consumer_queue.h:86] ProducerConsumerQueue destructed
I20240711 13:29:38.548499 3139909 producer_consumer_queue.h:86] ProducerConsumerQueue destructed
I20240711 13:29:38.548974 3139909 index_scanner_if.h:61] IndexScanner io_stats: {
  "ioWaitNanos": 693000,
  "localReadBytes": 0,
  "numLocalRead": 0,
  "numPrefetch": 0,
  "numRamRead": 0,
  "numStorageRead": 1,
  "overreadBytes": 0,
  "prefetchBytes": 0,
  "queryThreadIoLatency": 1,
  "ramReadBytes": 0,
  "storageReadBytes": 22347,
  "totalScanTime": 0
}
I20240711 13:29:38.550258 3139939 index_scanner_if.h:61] IndexScanner io_stats: {
  "ioWaitNanos": 0,
  "localReadBytes": 0,
  "numLocalRead": 0,
  "numPrefetch": 0,
  "numRamRead": 1,
  "numStorageRead": 0,
  "overreadBytes": 0,
  "prefetchBytes": 0,
  "queryThreadIoLatency": 0,
  "ramReadBytes": 15632,
  "storageReadBytes": 0,
  "totalScanTime": 0
}
I20240711 13:29:38.556951 3139941 producer_consumer_queue.h:86] ProducerConsumerQueue destructed
I20240711 13:29:38.559455 3139915 producer_consumer_queue.h:86] ProducerConsumerQueue destructed
I20240711 13:29:38.559533 3139915 index_scanner_if.h:61] IndexScanner io_stats: {
  "ioWaitNanos": 121000,
  "localReadBytes": 0,
  "numLocalRead": 0,
  "numPrefetch": 0,
  "numRamRead": 0,
  "numStorageRead": 1,
  "overreadBytes": 0,
  "prefetchBytes": 0,
  "queryThreadIoLatency": 1,
  "ramReadBytes": 0,
  "storageReadBytes": 13739,
  "totalScanTime": 0
}
I20240711 13:29:38.558869 3139941 index_scanner_if.h:61] IndexScanner io_stats: {
  "ioWaitNanos": 419000,
  "localReadBytes": 0,
  "numLocalRead": 0,
  "numPrefetch": 0,
  "numRamRead": 0,
  "numStorageRead": 1,
  "overreadBytes": 0,
  "prefetchBytes": 0,
  "queryThreadIoLatency": 1,
  "ramReadBytes": 0,
  "storageReadBytes": 16999,
  "totalScanTime": 0
}
I20240711 13:29:38.567873 3139937 producer_consumer_queue.h:86] ProducerConsumerQueue destructed
I20240711 13:29:38.570076 3139937 index_scanner_if.h:61] IndexScanner io_stats: {
  "ioWaitNanos": 203000,
  "localReadBytes": 0,
  "numLocalRead": 0,
  "numPrefetch": 0,
  "numRamRead": 0,
  "numStorageRead": 1,
  "overreadBytes": 0,
  "prefetchBytes": 0,
  "queryThreadIoLatency": 1,
  "ramReadBytes": 0,
  "storageReadBytes": 27483,
  "totalScanTime": 0
}
I20240711 13:29:38.572996 3139907 producer_consumer_queue.h:86] ProducerConsumerQueue destructed
I20240711 13:29:38.580137 3139907 index_scanner_if.h:61] IndexScanner io_stats: {
  "ioWaitNanos": 99000,
  "localReadBytes": 0,
  "numLocalRead": 0,
  "numPrefetch": 0,
  "numRamRead": 0,
  "numStorageRead": 1,
  "overreadBytes": 0,
  "prefetchBytes": 0,
  "queryThreadIoLatency": 1,
  "ramReadBytes": 0,
  "storageReadBytes": 15451,
  "totalScanTime": 0
}
I20240711 13:29:38.584050 3139944 producer_consumer_queue.h:86] ProducerConsumerQueue destructed
I20240711 13:29:38.584152 3139944 index_scanner_if.h:61] IndexScanner io_stats: {
  "ioWaitNanos": 6127000,
  "localReadBytes": 0,
  "numLocalRead": 0,
  "numPrefetch": 0,
  "numRamRead": 0,
  "numStorageRead": 1,
  "overreadBytes": 0,
  "prefetchBytes": 0,
  "queryThreadIoLatency": 1,
  "ramReadBytes": 0,
  "storageReadBytes": 18139,
  "totalScanTime": 0
}
I20240711 13:29:38.587841 3139910 producer_consumer_queue.h:86] ProducerConsumerQueue destructed
I20240711 13:29:38.587965 3139910 index_scanner_if.h:61] IndexScanner io_stats: {
  "ioWaitNanos": 0,
  "localReadBytes": 0,
  "numLocalRead": 0,
  "numPrefetch": 0,
  "numRamRead": 1,
  "numStorageRead": 0,
  "overreadBytes": 0,
  "prefetchBytes": 0,
  "queryThreadIoLatency": 0,
  "ramReadBytes": 16261,
  "storageReadBytes": 0,
  "totalScanTime": 0
}
I20240711 13:29:38.638958 3140327 union_all_remote_lookup_join_operator.cc:205] segment base 8 result is last batch for table 0
I20240711 13:29:38.651286 3140037 union_all_remote_lookup_join_operator.cc:205] segment base 15 result is last batch for table 0
I20240711 13:29:38.658834 3140327 union_all_remote_lookup_join_operator.cc:205] segment base 8 result is last batch for table 1
I20240711 13:29:38.660329 3140336 union_all_remote_lookup_join_operator.cc:205] segment base 14 result is last batch for table 0
I20240711 13:29:38.661099 3140037 union_all_remote_lookup_join_operator.cc:205] segment base 15 result is last batch for table 1
I20240711 13:29:38.666400 3140037 table_scanner.h:85] >>>>>>>>>>>>>>>>>>> table scanner output type ROW<__vid__:BIGINT,id:BIGINT,firstName:VARCHAR,lastName:VARCHAR>
I20240711 13:29:38.687354 3140037 table_scanner.h:86] 1
I20240711 13:29:38.688513 3140035 union_all_remote_lookup_join_operator.cc:205] segment base 1 result is last batch for table 0
I20240711 13:29:38.667034 3140327 table_scanner.h:85] >>>>>>>>>>>>>>>>>>> table scanner output type ROW<__vid__:BIGINT,id:BIGINT,firstName:VARCHAR,lastName:VARCHAR>
I20240711 13:29:38.688907 3140327 table_scanner.h:86] 1
I20240711 13:29:38.690845 3140040 union_all_remote_lookup_join_operator.cc:205] segment base 7 result is last batch for table 0
I20240711 13:29:38.691540 3140035 union_all_remote_lookup_join_operator.cc:205] segment base 1 result is last batch for table 1
I20240711 13:29:38.691834 3140338 union_all_remote_lookup_join_operator.cc:205] segment base 0 result is last batch for table 0
I20240711 13:29:38.692413 3140481 Task.cpp:983] All drivers (4) finished for task TableScannerTask_32_file after running for 29 ms.
I20240711 13:29:38.692590 3140481 Task.cpp:1665] Terminating task TableScannerTask_32_file with state Finished after running for 29 ms.
I20240711 13:29:38.694370 3139939 producer_consumer_queue.h:335] ProducerConsumerQueue empty! wait producer.  consumer_promises_.size() = 1 producer_cnt_ = 0
I20240711 13:29:38.694594 3140041 union_all_remote_lookup_join_operator.cc:205] segment base 13 result is last batch for table 0
I20240711 13:29:38.694803 3140485 producer_consumer_queue.h:113] ProducerConsumerQueue noMoreProducer
I20240711 13:29:38.695040 3140494 Task.cpp:983] All drivers (4) finished for task TableScannerTask_33_file after running for 31 ms.
I20240711 13:29:38.695086 3140494 Task.cpp:1665] Terminating task TableScannerTask_33_file with state Finished after running for 31 ms.
I20240711 13:29:38.695557 3139940 producer_consumer_queue.h:335] ProducerConsumerQueue empty! wait producer.  consumer_promises_.size() = 1 producer_cnt_ = 0
I20240711 13:29:38.695698 3139937 producer_consumer_queue.h:335] ProducerConsumerQueue empty! wait producer.  consumer_promises_.size() = 1 producer_cnt_ = 0
I20240711 13:29:38.695955 3140486 producer_consumer_queue.h:113] ProducerConsumerQueue noMoreProducer
I20240711 13:29:38.695991 3139913 producer_consumer_queue.h:335] ProducerConsumerQueue empty! wait producer.  consumer_promises_.size() = 1 producer_cnt_ = 0
I20240711 13:29:38.696096 3140487 producer_consumer_queue.h:113] ProducerConsumerQueue noMoreProducer
I20240711 13:29:38.696028 3140035 table_scanner.h:85] >>>>>>>>>>>>>>>>>>> table scanner output type ROW<__vid__:BIGINT,id:BIGINT,firstName:VARCHAR,lastName:VARCHAR>
I20240711 13:29:38.696594 3140035 table_scanner.h:86] 1
I20240711 13:29:38.698503 3140336 union_all_remote_lookup_join_operator.cc:205] segment base 14 result is last batch for table 1
I20240711 13:29:38.698575 3140041 union_all_remote_lookup_join_operator.cc:205] segment base 13 result is last batch for table 1
I20240711 13:29:38.698592 3140485 producer_consumer_queue.h:274] enqueue wake up a consumer
I20240711 13:29:38.698649 3140485 producer_consumer_queue.h:142] ProducerConsumerQueue::Producer closed file:///tmp/flavius/data/1708410945/3_34/21_4caf2937-bf1b-4f31-8de2-67b739613e1a
I20240711 13:29:38.698665 3140485 producer_consumer_queue.h:295] allProducersFinished, wake up all 0 consumers, last producer file:///tmp/flavius/data/1708410945/3_34/21_4caf2937-bf1b-4f31-8de2-67b739613e1a
I20240711 13:29:38.699258 3140490 producer_consumer_queue.h:113] ProducerConsumerQueue noMoreProducer
I20240711 13:29:38.699479 3140487 producer_consumer_queue.h:274] enqueue wake up a consumer
I20240711 13:29:38.699801 3140487 producer_consumer_queue.h:142] ProducerConsumerQueue::Producer closed file:///tmp/flavius/data/1708410945/5_60/20_f36a73c9-bbc0-43ef-b308-ad4cf59a1871
I20240711 13:29:38.699847 3140487 producer_consumer_queue.h:295] allProducersFinished, wake up all 0 consumers, last producer file:///tmp/flavius/data/1708410945/5_60/20_f36a73c9-bbc0-43ef-b308-ad4cf59a1871
I20240711 13:29:38.700235 3140486 producer_consumer_queue.h:274] enqueue wake up a consumer
I20240711 13:29:38.700327 3140486 producer_consumer_queue.h:142] ProducerConsumerQueue::Producer closed file:///tmp/flavius/data/1708410945/3_34/20_260aba28-b155-4e90-a572-ede6c616fce6
I20240711 13:29:38.700359 3140486 producer_consumer_queue.h:295] allProducersFinished, wake up all 0 consumers, last producer file:///tmp/flavius/data/1708410945/3_34/20_260aba28-b155-4e90-a572-ede6c616fce6
I20240711 13:29:38.700947 3140338 union_all_remote_lookup_join_operator.cc:205] segment base 0 result is last batch for table 1
I20240711 13:29:38.702020 3140039 union_all_remote_lookup_join_operator.cc:205] segment base 2 result is last batch for table 0
I20240711 13:29:38.702704 3140040 union_all_remote_lookup_join_operator.cc:205] segment base 7 result is last batch for table 1
I20240711 13:29:38.700667 3140041 table_scanner.h:85] >>>>>>>>>>>>>>>>>>> table scanner output type ROW<__vid__:BIGINT,id:BIGINT,firstName:VARCHAR,lastName:VARCHAR>
I20240711 13:29:38.703037 3140041 table_scanner.h:86] 1
I20240711 13:29:38.704213 3140490 producer_consumer_queue.h:274] enqueue wake up a consumer
I20240711 13:29:38.704375 3140490 producer_consumer_queue.h:142] ProducerConsumerQueue::Producer closed file:///tmp/flavius/data/1708410945/5_60/21_a5ec4fae-e776-4690-9525-ca9c5a0ef5bc
I20240711 13:29:38.704422 3140490 producer_consumer_queue.h:295] allProducersFinished, wake up all 0 consumers, last producer file:///tmp/flavius/data/1708410945/5_60/21_a5ec4fae-e776-4690-9525-ca9c5a0ef5bc
I20240711 13:29:38.706369 3140040 remote_lookup_join_stream_manager.cc:71] [RemoteLookupJoinStreamManager] Wait for all streams to be closed. Current closed streams: 2 / 2
I20240711 13:29:38.706418 3140040 remote_lookup_join_stream_manager.cc:85] [RemoteLookupJoinStreamManager] all 2 stream(s) closed
I20240711 13:29:38.707659 3140491 Task.cpp:983] All drivers (4) finished for task TableScannerTask_34_file after running for 15 ms.
I20240711 13:29:38.708074 3140491 Task.cpp:1665] Terminating task TableScannerTask_34_file with state Finished after running for 16 ms.
I20240711 13:29:38.708384 3139937 producer_consumer_queue.h:335] ProducerConsumerQueue empty! wait producer.  consumer_promises_.size() = 1 producer_cnt_ = 0
I20240711 13:29:38.708886 3139944 producer_consumer_queue.h:335] ProducerConsumerQueue empty! wait producer.  consumer_promises_.size() = 1 producer_cnt_ = 0
I20240711 13:29:38.709102 3140039 union_all_remote_lookup_join_operator.cc:205] segment base 2 result is last batch for table 1
I20240711 13:29:38.710270 3140336 remote_lookup_join_stream_manager.cc:71] [RemoteLookupJoinStreamManager] Wait for all streams to be closed. Current closed streams: 1 / 2
I20240711 13:29:38.710330 3140336 remote_lookup_join_stream_manager.cc:85] [RemoteLookupJoinStreamManager] all 2 stream(s) closed
I20240711 13:29:38.710700 3140481 producer_consumer_queue.h:113] ProducerConsumerQueue noMoreProducer
I20240711 13:29:38.711437 3140482 producer_consumer_queue.h:113] ProducerConsumerQueue noMoreProducer
I20240711 13:29:38.712745 3140039 remote_lookup_join_stream_manager.cc:71] [RemoteLookupJoinStreamManager] Wait for all streams to be closed. Current closed streams: 1 / 2
I20240711 13:29:38.718981 3140481 producer_consumer_queue.h:274] enqueue wake up a consumer
I20240711 13:29:38.719058 3140481 producer_consumer_queue.h:142] ProducerConsumerQueue::Producer closed file:///tmp/flavius/data/1708410945/3_34/26_fd1f039b-6e9c-4d9b-89f7-cd6bba7e2bf3
I20240711 13:29:38.719080 3140481 producer_consumer_queue.h:295] allProducersFinished, wake up all 0 consumers, last producer file:///tmp/flavius/data/1708410945/3_34/26_fd1f039b-6e9c-4d9b-89f7-cd6bba7e2bf3
I20240711 13:29:38.719802 3140482 producer_consumer_queue.h:274] enqueue wake up a consumer
I20240711 13:29:38.719872 3140482 producer_consumer_queue.h:142] ProducerConsumerQueue::Producer closed file:///tmp/flavius/data/1708410945/5_60/26_08032f47-1227-4510-81e9-842ee0b0e2d0
I20240711 13:29:38.719898 3140482 producer_consumer_queue.h:295] allProducersFinished, wake up all 0 consumers, last producer file:///tmp/flavius/data/1708410945/5_60/26_08032f47-1227-4510-81e9-842ee0b0e2d0
I20240711 13:29:38.720371 3139911 producer_consumer_queue.h:86] ProducerConsumerQueue destructed
I20240711 13:29:38.720667 3139911 index_scanner_if.h:61] IndexScanner io_stats: {
  "ioWaitNanos": 0,
  "localReadBytes": 0,
  "numLocalRead": 0,
  "numPrefetch": 0,
  "numRamRead": 1,
  "numStorageRead": 0,
  "overreadBytes": 0,
  "prefetchBytes": 0,
  "queryThreadIoLatency": 0,
  "ramReadBytes": 11926,
  "storageReadBytes": 0,
  "totalScanTime": 0
}
I20240711 13:29:38.721319 3140494 Task.cpp:983] All drivers (4) finished for task TableScannerTask_35_file after running for 22 ms.
I20240711 13:29:38.721391 3140494 Task.cpp:1665] Terminating task TableScannerTask_35_file with state Finished after running for 22 ms.
I20240711 13:29:38.723032 3139907 producer_consumer_queue.h:335] ProducerConsumerQueue empty! wait producer.  consumer_promises_.size() = 1 producer_cnt_ = 0
I20240711 13:29:38.723860 3139943 producer_consumer_queue.h:335] ProducerConsumerQueue empty! wait producer.  consumer_promises_.size() = 1 producer_cnt_ = 0
I20240711 13:29:38.723873 3140483 producer_consumer_queue.h:113] ProducerConsumerQueue noMoreProducer
I20240711 13:29:38.725688 3140484 producer_consumer_queue.h:113] ProducerConsumerQueue noMoreProducer
I20240711 13:29:38.728950 3140483 producer_consumer_queue.h:274] enqueue wake up a consumer
I20240711 13:29:38.729053 3140483 producer_consumer_queue.h:142] ProducerConsumerQueue::Producer closed file:///tmp/flavius/data/1708410945/3_34/27_ce78f635-4be7-442e-b346-0bb68918d24c
I20240711 13:29:38.729748 3140483 producer_consumer_queue.h:295] allProducersFinished, wake up all 0 consumers, last producer file:///tmp/flavius/data/1708410945/3_34/27_ce78f635-4be7-442e-b346-0bb68918d24c
I20240711 13:29:38.730408 3139914 producer_consumer_queue.h:86] ProducerConsumerQueue destructed
I20240711 13:29:38.730630 3139914 index_scanner_if.h:61] IndexScanner io_stats: {
  "ioWaitNanos": 0,
  "localReadBytes": 0,
  "numLocalRead": 0,
  "numPrefetch": 0,
  "numRamRead": 1,
  "numStorageRead": 0,
  "overreadBytes": 0,
  "prefetchBytes": 0,
  "queryThreadIoLatency": 0,
  "ramReadBytes": 12222,
  "storageReadBytes": 0,
  "totalScanTime": 0
}
I20240711 13:29:38.732432 3139939 producer_consumer_queue.h:86] ProducerConsumerQueue destructed
I20240711 13:29:38.732548 3139939 index_scanner_if.h:61] IndexScanner io_stats: {
  "ioWaitNanos": 370000,
  "localReadBytes": 0,
  "numLocalRead": 0,
  "numPrefetch": 0,
  "numRamRead": 0,
  "numStorageRead": 1,
  "overreadBytes": 0,
  "prefetchBytes": 0,
  "queryThreadIoLatency": 1,
  "ramReadBytes": 0,
  "storageReadBytes": 16999,
  "totalScanTime": 0
}
I20240711 13:29:38.732596 3140484 producer_consumer_queue.h:274] enqueue wake up a consumer
I20240711 13:29:38.732697 3140484 producer_consumer_queue.h:142] ProducerConsumerQueue::Producer closed file:///tmp/flavius/data/1708410945/5_60/27_e93febbf-d5c5-40e3-99b9-a31aca099b39
I20240711 13:29:38.732721 3140484 producer_consumer_queue.h:295] allProducersFinished, wake up all 0 consumers, last producer file:///tmp/flavius/data/1708410945/5_60/27_e93febbf-d5c5-40e3-99b9-a31aca099b39
I20240711 13:29:38.741680 3139910 producer_consumer_queue.h:86] ProducerConsumerQueue destructed
I20240711 13:29:38.743894 3139910 index_scanner_if.h:61] IndexScanner io_stats: {
  "ioWaitNanos": 243000,
  "localReadBytes": 0,
  "numLocalRead": 0,
  "numPrefetch": 0,
  "numRamRead": 0,
  "numStorageRead": 1,
  "overreadBytes": 0,
  "prefetchBytes": 0,
  "queryThreadIoLatency": 1,
  "ramReadBytes": 0,
  "storageReadBytes": 22283,
  "totalScanTime": 0
}
I20240711 13:29:38.750123 3139909 producer_consumer_queue.h:86] ProducerConsumerQueue destructed
I20240711 13:29:38.750205 3139909 index_scanner_if.h:61] IndexScanner io_stats: {
  "ioWaitNanos": 0,
  "localReadBytes": 0,
  "numLocalRead": 0,
  "numPrefetch": 0,
  "numRamRead": 1,
  "numStorageRead": 0,
  "overreadBytes": 0,
  "prefetchBytes": 0,
  "queryThreadIoLatency": 0,
  "ramReadBytes": 14812,
  "storageReadBytes": 0,
  "totalScanTime": 0
}
I20240711 13:29:38.756538 3139941 producer_consumer_queue.h:86] ProducerConsumerQueue destructed
I20240711 13:29:38.756644 3139941 index_scanner_if.h:61] IndexScanner io_stats: {
  "ioWaitNanos": 248000,
  "localReadBytes": 0,
  "numLocalRead": 0,
  "numPrefetch": 0,
  "numRamRead": 0,
  "numStorageRead": 1,
  "overreadBytes": 0,
  "prefetchBytes": 0,
  "queryThreadIoLatency": 1,
  "ramReadBytes": 0,
  "storageReadBytes": 17339,
  "totalScanTime": 0
}
I20240711 13:29:38.764562 3140330 union_all_remote_lookup_join_operator.cc:205] segment base 21 result is last batch for table 0
I20240711 13:29:38.764832 3139912 producer_consumer_queue.h:86] ProducerConsumerQueue destructed
I20240711 13:29:38.765102 3139912 index_scanner_if.h:61] IndexScanner io_stats: {
  "ioWaitNanos": 96000,
  "localReadBytes": 0,
  "numLocalRead": 0,
  "numPrefetch": 0,
  "numRamRead": 0,
  "numStorageRead": 1,
  "overreadBytes": 0,
  "prefetchBytes": 0,
  "queryThreadIoLatency": 1,
  "ramReadBytes": 0,
  "storageReadBytes": 18171,
  "totalScanTime": 0
}
I20240711 13:29:38.766512 3139942 producer_consumer_queue.h:86] ProducerConsumerQueue destructed
I20240711 13:29:38.766605 3139942 index_scanner_if.h:61] IndexScanner io_stats: {
  "ioWaitNanos": 0,
  "localReadBytes": 0,
  "numLocalRead": 0,
  "numPrefetch": 0,
  "numRamRead": 1,
  "numStorageRead": 0,
  "overreadBytes": 0,
  "prefetchBytes": 0,
  "queryThreadIoLatency": 0,
  "ramReadBytes": 23221,
  "storageReadBytes": 0,
  "totalScanTime": 0
}
I20240711 13:29:38.766966 3140039 remote_lookup_join_stream_manager.cc:85] [RemoteLookupJoinStreamManager] all 2 stream(s) closed
I20240711 13:29:38.772066 3140330 union_all_remote_lookup_join_operator.cc:205] segment base 21 result is last batch for table 1
I20240711 13:29:38.775270 3140035 union_all_remote_lookup_join_operator.cc:205] segment base 20 result is last batch for table 0
I20240711 13:29:38.778630 3140330 remote_lookup_join_stream_manager.cc:71] [RemoteLookupJoinStreamManager] Wait for all streams to be closed. Current closed streams: 2 / 2
I20240711 13:29:38.778673 3140330 remote_lookup_join_stream_manager.cc:85] [RemoteLookupJoinStreamManager] all 2 stream(s) closed
I20240711 13:29:38.778990 3140035 union_all_remote_lookup_join_operator.cc:205] segment base 20 result is last batch for table 1
I20240711 13:29:38.783655 3140336 union_all_remote_lookup_join_operator.cc:205] segment base 27 result is last batch for table 0
I20240711 13:29:38.784842 3140336 union_all_remote_lookup_join_operator.cc:205] segment base 27 result is last batch for table 1
I20240711 13:29:38.786192 3140336 remote_lookup_join_stream_manager.cc:71] [RemoteLookupJoinStreamManager] Wait for all streams to be closed. Current closed streams: 2 / 2
I20240711 13:29:38.786242 3140336 remote_lookup_join_stream_manager.cc:85] [RemoteLookupJoinStreamManager] all 2 stream(s) closed
I20240711 13:29:38.786532 3140035 remote_lookup_join_stream_manager.cc:71] [RemoteLookupJoinStreamManager] Wait for all streams to be closed. Current closed streams: 2 / 2
I20240711 13:29:38.786573 3140035 remote_lookup_join_stream_manager.cc:85] [RemoteLookupJoinStreamManager] all 2 stream(s) closed
I20240711 13:29:38.793686 3140041 union_all_remote_lookup_join_operator.cc:205] segment base 26 result is last batch for table 1
I20240711 13:29:38.793954 3140041 union_all_remote_lookup_join_operator.cc:205] segment base 26 result is last batch for table 0
I20240711 13:29:38.795367 3140041 Task.cpp:983] All drivers (8) finished for task 127.0.0.1:53120/task/q4_0_0_0_0 after running for 371 ms.
I20240711 13:29:38.801509 3139942 Task.cpp:1665] Terminating task 127.0.0.1:53120/task/q4_0_0_0_0 with state Finished after running for 377 ms.
I20240711 13:29:38.801625 3140041 state_machine-inl.h:201] fireStateChanged VeloxExecTask state changed to 2
I20240711 13:29:38.969151 3139912 state_machine-inl.h:201] fireStateChanged VeloxExecTask state changed to 1
I20240711 13:29:38.976512 3139909 substrait_to_velox_plan_converter.cc:522] [RemoteLookupJoin] index join key vertex label: Person label_id: 0 segment_bit_length: 5, left table type: 0x60d000250140
I20240711 13:29:38.977370 3139941 substrait_to_velox_plan_converter.cc:522] [RemoteLookupJoin] index join key vertex label: Person label_id: 0 segment_bit_length: 5, left table type: 0x60d0002403c0
I20240711 13:29:38.977484 3139941 query_exec_task.cc:142] query task query_id: "q5" stage_id: 0 task_id: 0 plan -- PartitionedOutput[SINGLE] -> n1_4:ROW<__vid__:BIGINT,id:BIGINT,firstName:VARCHAR,lastName:VARCHAR>, n2_0:ROW<__srcid__:BIGINT,__dstid__:BIGINT,creationDate:VARCHAR>, n3_0:ROW<__vid__:BIGINT,id:BIGINT,firstName:VARCHAR,lastName:VARCHAR>
  -- RemoteLookupJoinNode[left key: n2_0.__dstid__ type BIGINT; right table(s): table { names: "test" names: "ns" names: "ldbc_snb" names: "Person" snapshot_version: 1 table_kind: VERTEX_TABLE } table_schema { names: "__vid__" names: "id" names: "firstName" names: "lastName" struct { types { i64 { nullability: NULLABILITY_REQUIRED } } types { i64 { nullability: NULLABILITY_REQUIRED } } types { string { nullability: NULLABILITY_REQUIRED } } types { string { nullability: NULLABILITY_REQUIRED } } } } projection { select { struct_items { } struct_items { field: 1 } struct_items { field: 2 } struct_items { field: 3 } } } right_key { direct_reference { struct_field { } } }; union all schema: ROW<__vid__:BIGINT,id:BIGINT,firstName:VARCHAR,lastName:VARCHAR>; rpc cn list version: 2] -> n1_4:ROW<__vid__:BIGINT,id:BIGINT,firstName:VARCHAR,lastName:VARCHAR>, n2_0:ROW<__srcid__:BIGINT,__dstid__:BIGINT,creationDate:VARCHAR>, n3_0:ROW<__vid__:BIGINT,id:BIGINT,firstName:VARCHAR,lastName:VARCHAR>
    -- RemoteLookupJoinNode[left key: n1_4.__vid__ type BIGINT; right table(s): table { names: "test" names: "ns" names: "ldbc_snb" names: "knows" snapshot_version: 1 table_kind: EDGE_TABLE } table_schema { names: "__srcid__" names: "__dstid__" names: "creationDate" struct { types { i64 { nullability: NULLABILITY_REQUIRED } } types { i64 { nullability: NULLABILITY_REQUIRED } } types { string { nullability: NULLABILITY_NULLABLE } } } } projection { select { struct_items { } struct_items { field: 1 } struct_items { field: 2 } } } right_key { direct_reference { struct_field { } } }; union all schema: ROW<__srcid__:BIGINT,__dstid__:BIGINT,creationDate:VARCHAR>; rpc cn list version: 2] -> n1_4:ROW<__vid__:BIGINT,id:BIGINT,firstName:VARCHAR,lastName:VARCHAR>, n2_0:ROW<__srcid__:BIGINT,__dstid__:BIGINT,creationDate:VARCHAR>
      -- Project[expressions: (n1_4:ROW<__vid__:BIGINT,id:BIGINT,firstName:VARCHAR,lastName:VARCHAR>, CONCAT(ROW["__vid__"],ROW["id"],ROW["firstName"],ROW["lastName"]))] -> n1_4:ROW<__vid__:BIGINT,id:BIGINT,firstName:VARCHAR,lastName:VARCHAR>
        -- TableScan[table: test.ns.ldbc_snb.Person] -> __vid__:BIGINT, id:BIGINT, firstName:VARCHAR, lastName:VARCHAR
I20240711 13:29:38.982774 3139941 substrait_to_velox_plan_converter.cc:145] node: 0 table_id: test.ns.ldbc_snb.Person table_type: VERTEX_TABLE version: 1 segment_id: 0
I20240711 13:29:38.982980 3139941 substrait_to_velox_plan_converter.cc:145] node: 0 table_id: test.ns.ldbc_snb.Person table_type: VERTEX_TABLE version: 1 segment_id: 4194304
I20240711 13:29:38.983140 3139941 substrait_to_velox_plan_converter.cc:145] node: 0 table_id: test.ns.ldbc_snb.Person table_type: VERTEX_TABLE version: 1 segment_id: 8388608
I20240711 13:29:38.983305 3139941 substrait_to_velox_plan_converter.cc:145] node: 0 table_id: test.ns.ldbc_snb.Person table_type: VERTEX_TABLE version: 1 segment_id: 29360128
I20240711 13:29:38.983397 3139941 substrait_to_velox_plan_converter.cc:145] node: 0 table_id: test.ns.ldbc_snb.Person table_type: VERTEX_TABLE version: 1 segment_id: 33554432
I20240711 13:29:38.983520 3139941 substrait_to_velox_plan_converter.cc:145] node: 0 table_id: test.ns.ldbc_snb.Person table_type: VERTEX_TABLE version: 1 segment_id: 54525952
I20240711 13:29:38.983623 3139941 substrait_to_velox_plan_converter.cc:145] node: 0 table_id: test.ns.ldbc_snb.Person table_type: VERTEX_TABLE version: 1 segment_id: 58720256
I20240711 13:29:38.983731 3139941 substrait_to_velox_plan_converter.cc:145] node: 0 table_id: test.ns.ldbc_snb.Person table_type: VERTEX_TABLE version: 1 segment_id: 62914560
I20240711 13:29:38.983824 3139941 substrait_to_velox_plan_converter.cc:145] node: 0 table_id: test.ns.ldbc_snb.Person table_type: VERTEX_TABLE version: 1 segment_id: 83886080
I20240711 13:29:38.983911 3139941 substrait_to_velox_plan_converter.cc:145] node: 0 table_id: test.ns.ldbc_snb.Person table_type: VERTEX_TABLE version: 1 segment_id: 88080384
I20240711 13:29:38.984020 3139941 substrait_to_velox_plan_converter.cc:145] node: 0 table_id: test.ns.ldbc_snb.Person table_type: VERTEX_TABLE version: 1 segment_id: 109051904
I20240711 13:29:38.984117 3139941 substrait_to_velox_plan_converter.cc:145] node: 0 table_id: test.ns.ldbc_snb.Person table_type: VERTEX_TABLE version: 1 segment_id: 113246208
I20240711 13:29:38.985574 3140338 table_scanner.h:85] >>>>>>>>>>>>>>>>>>> table scanner output type ROW<__vid__:BIGINT,id:BIGINT,firstName:VARCHAR,lastName:VARCHAR>
I20240711 13:29:38.985636 3140330 table_scanner.h:85] >>>>>>>>>>>>>>>>>>> table scanner output type ROW<__vid__:BIGINT,id:BIGINT,firstName:VARCHAR,lastName:VARCHAR>
I20240711 13:29:38.986392 3140338 table_scanner.h:86] 1
I20240711 13:29:38.986433 3140330 table_scanner.h:86] 1
I20240711 13:29:38.985818 3140041 table_scanner.h:85] >>>>>>>>>>>>>>>>>>> table scanner output type ROW<__vid__:BIGINT,id:BIGINT,firstName:VARCHAR,lastName:VARCHAR>
I20240711 13:29:38.985787 3140336 table_scanner.h:85] >>>>>>>>>>>>>>>>>>> table scanner output type ROW<__vid__:BIGINT,id:BIGINT,firstName:VARCHAR,lastName:VARCHAR>
I20240711 13:29:38.986564 3140041 table_scanner.h:86] 1
I20240711 13:29:38.986584 3140336 table_scanner.h:86] 1
I20240711 13:29:38.985584 3140335 table_scanner.h:85] >>>>>>>>>>>>>>>>>>> table scanner output type ROW<__vid__:BIGINT,id:BIGINT,firstName:VARCHAR,lastName:VARCHAR>
I20240711 13:29:38.987099 3140335 table_scanner.h:86] 1
I20240711 13:29:38.985590 3140035 table_scanner.h:85] >>>>>>>>>>>>>>>>>>> table scanner output type ROW<__vid__:BIGINT,id:BIGINT,firstName:VARCHAR,lastName:VARCHAR>
I20240711 13:29:38.987160 3140035 table_scanner.h:86] 1
I20240711 13:29:38.985210 3140337 table_scanner.h:85] >>>>>>>>>>>>>>>>>>> table scanner output type ROW<__vid__:BIGINT,id:BIGINT,firstName:VARCHAR,lastName:VARCHAR>
I20240711 13:29:38.987746 3140337 table_scanner.h:86] 1
I20240711 13:29:38.985512 3140037 table_scanner.h:85] >>>>>>>>>>>>>>>>>>> table scanner output type ROW<__vid__:BIGINT,id:BIGINT,firstName:VARCHAR,lastName:VARCHAR>
I20240711 13:29:38.987890 3140037 table_scanner.h:86] 1
I20240711 13:29:38.990144 3140485 Task.cpp:983] All drivers (4) finished for task TableScannerTask_37_file after running for 6 ms.
I20240711 13:29:38.990213 3140485 Task.cpp:1665] Terminating task TableScannerTask_37_file with state Finished after running for 6 ms.
I20240711 13:29:38.990499 3140483 Task.cpp:983] All drivers (4) finished for task TableScannerTask_43_file after running for 5 ms.
I20240711 13:29:38.990543 3140483 Task.cpp:1665] Terminating task TableScannerTask_43_file with state Finished after running for 5 ms.
I20240711 13:29:38.990800 3140487 Task.cpp:983] All drivers (4) finished for task TableScannerTask_36_file after running for 6 ms.
I20240711 13:29:38.990851 3140487 Task.cpp:1665] Terminating task TableScannerTask_36_file with state Finished after running for 6 ms.
I20240711 13:29:38.990974 3140489 Task.cpp:983] All drivers (4) finished for task TableScannerTask_38_file after running for 7 ms.
I20240711 13:29:38.991037 3140489 Task.cpp:1665] Terminating task TableScannerTask_38_file with state Finished after running for 7 ms.
I20240711 13:29:38.991081 3140485 Task.cpp:983] All drivers (4) finished for task TableScannerTask_42_file after running for 6 ms.
I20240711 13:29:38.991137 3140485 Task.cpp:1665] Terminating task TableScannerTask_42_file with state Finished after running for 6 ms.
I20240711 13:29:38.991057 3139907 remote_lookup_join_key_stream_handler_builder.cc:62] TODO(check): right table join key __srcid__
I20240711 13:29:38.991367 3140490 Task.cpp:983] All drivers (4) finished for task TableScannerTask_39_file after running for 6 ms.
I20240711 13:29:38.991395 3139943 remote_lookup_join_key_stream_handler_builder.cc:62] TODO(check): right table join key __srcid__
I20240711 13:29:38.991422 3140490 Task.cpp:1665] Terminating task TableScannerTask_39_file with state Finished after running for 6 ms.
I20240711 13:29:38.991453 3140495 Task.cpp:983] All drivers (4) finished for task TableScannerTask_41_file after running for 6 ms.
I20240711 13:29:38.991503 3140495 Task.cpp:1665] Terminating task TableScannerTask_41_file with state Finished after running for 6 ms.
I20240711 13:29:38.991600 3139912 remote_lookup_join_key_stream_handler_builder.cc:62] TODO(check): right table join key __srcid__
I20240711 13:29:38.991685 3139909 remote_lookup_join_key_stream_handler_builder.cc:62] TODO(check): right table join key __srcid__
I20240711 13:29:38.991063 3139942 remote_lookup_join_key_stream_handler_builder.cc:62] TODO(check): right table join key __srcid__
I20240711 13:29:38.991798 3140035 remote_lookup_join_stream_manager.cc:155] created stream 8589936326 connecting cn 1 for table index 0
I20240711 13:29:38.992007 3140337 remote_lookup_join_stream_manager.cc:155] created stream 2244 connecting cn 1 for table index 0
I20240711 13:29:38.992039 3139938 remote_lookup_join_key_stream_handler_builder.cc:62] TODO(check): right table join key __srcid__
I20240711 13:29:38.992074 3140336 remote_lookup_join_stream_manager.cc:155] created stream 17179869696 connecting cn 1 for table index 0
I20240711 13:29:38.992049 3139911 remote_lookup_join_key_stream_handler_builder.cc:62] TODO(check): right table join key __srcid__
I20240711 13:29:38.992177 3140037 remote_lookup_join_stream_manager.cc:155] created stream 1736 connecting cn 1 for table index 0
I20240711 13:29:38.992221 3140490 Task.cpp:983] All drivers (4) finished for task TableScannerTask_40_file after running for 7 ms.
I20240711 13:29:38.992230 3140041 remote_lookup_join_stream_manager.cc:155] created stream 8589936224 connecting cn 1 for table index 0
I20240711 13:29:38.992355 3140490 Task.cpp:1665] Terminating task TableScannerTask_40_file with state Finished after running for 7 ms.
I20240711 13:29:38.992414 3139942 producer_consumer_queue.h:335] ProducerConsumerQueue empty! wait producer.  consumer_promises_.size() = 1 producer_cnt_ = 0
I20240711 13:29:38.992554 3139907 producer_consumer_queue.h:335] ProducerConsumerQueue empty! wait producer.  consumer_promises_.size() = 1 producer_cnt_ = 0
I20240711 13:29:38.992609 3140335 remote_lookup_join_stream_manager.cc:155] created stream 2346 connecting cn 1 for table index 0
I20240711 13:29:38.992666 3139914 producer_consumer_queue.h:335] ProducerConsumerQueue empty! wait producer.  consumer_promises_.size() = 1 producer_cnt_ = 0
I20240711 13:29:38.992787 3139915 producer_consumer_queue.h:335] ProducerConsumerQueue empty! wait producer.  consumer_promises_.size() = 1 producer_cnt_ = 0
I20240711 13:29:38.992807 3139913 producer_consumer_queue.h:335] ProducerConsumerQueue empty! wait producer.  consumer_promises_.size() = 1 producer_cnt_ = 0
I20240711 13:29:38.992828 3140338 remote_lookup_join_stream_manager.cc:155] created stream 17179869596 connecting cn 1 for table index 0
I20240711 13:29:38.992864 3140487 producer_consumer_queue.h:113] ProducerConsumerQueue noMoreProducer
I20240711 13:29:38.992792 3140486 producer_consumer_queue.h:113] ProducerConsumerQueue noMoreProducer
I20240711 13:29:38.992790 3140485 producer_consumer_queue.h:113] ProducerConsumerQueue noMoreProducer
I20240711 13:29:38.993042 3139910 remote_lookup_join_key_stream_handler_builder.cc:62] TODO(check): right table join key __srcid__
I20240711 13:29:38.993068 3139913 producer_consumer_queue.h:335] ProducerConsumerQueue empty! wait producer.  consumer_promises_.size() = 1 producer_cnt_ = 0
I20240711 13:29:38.993094 3140488 producer_consumer_queue.h:113] ProducerConsumerQueue noMoreProducer
I20240711 13:29:38.993070 3140489 producer_consumer_queue.h:113] ProducerConsumerQueue noMoreProducer
I20240711 13:29:38.993304 3139940 producer_consumer_queue.h:335] ProducerConsumerQueue empty! wait producer.  consumer_promises_.size() = 1 producer_cnt_ = 0
I20240711 13:29:38.993324 3140490 producer_consumer_queue.h:113] ProducerConsumerQueue noMoreProducer
I20240711 13:29:38.993366 3140330 remote_lookup_join_stream_manager.cc:155] created stream 17179870000 connecting cn 1 for table index 0
I20240711 13:29:38.993664 3140491 producer_consumer_queue.h:113] ProducerConsumerQueue noMoreProducer
I20240711 13:29:38.994002 3139910 producer_consumer_queue.h:335] ProducerConsumerQueue empty! wait producer.  consumer_promises_.size() = 1 producer_cnt_ = 0
I20240711 13:29:38.994158 3140492 producer_consumer_queue.h:113] ProducerConsumerQueue noMoreProducer
I20240711 13:29:38.994866 3140487 producer_consumer_queue.h:274] enqueue wake up a consumer
I20240711 13:29:38.994884 3140489 producer_consumer_queue.h:274] enqueue wake up a consumer
I20240711 13:29:38.994956 3140485 producer_consumer_queue.h:274] enqueue wake up a consumer
I20240711 13:29:38.994963 3140487 producer_consumer_queue.h:142] ProducerConsumerQueue::Producer closed file:///tmp/flavius/data/1708410945/3_34/1_c327173d-f4e5-434a-b03f-aa37e0ee3bbc
I20240711 13:29:38.994974 3140489 producer_consumer_queue.h:142] ProducerConsumerQueue::Producer closed file:///tmp/flavius/data/1708410945/3_34/15_b6f958f1-255a-4dd2-9bf9-d519580e0420
I20240711 13:29:38.995041 3140487 producer_consumer_queue.h:295] allProducersFinished, wake up all 0 consumers, last producer file:///tmp/flavius/data/1708410945/3_34/1_c327173d-f4e5-434a-b03f-aa37e0ee3bbc
I20240711 13:29:38.995070 3140489 producer_consumer_queue.h:295] allProducersFinished, wake up all 0 consumers, last producer file:///tmp/flavius/data/1708410945/3_34/15_b6f958f1-255a-4dd2-9bf9-d519580e0420
I20240711 13:29:38.995047 3140485 producer_consumer_queue.h:142] ProducerConsumerQueue::Producer closed file:///tmp/flavius/data/1708410945/3_34/14_dcfe2bc3-84c5-4c80-86f0-d780fe01885e
I20240711 13:29:38.995361 3140485 producer_consumer_queue.h:295] allProducersFinished, wake up all 0 consumers, last producer file:///tmp/flavius/data/1708410945/3_34/14_dcfe2bc3-84c5-4c80-86f0-d780fe01885e
I20240711 13:29:38.995433 3140488 producer_consumer_queue.h:274] enqueue wake up a consumer
I20240711 13:29:38.995515 3140488 producer_consumer_queue.h:142] ProducerConsumerQueue::Producer closed file:///tmp/flavius/data/1708410945/3_34/13_4df5e692-6f7e-4757-a80e-98e86193f4bf
I20240711 13:29:38.995560 3140488 producer_consumer_queue.h:295] allProducersFinished, wake up all 0 consumers, last producer file:///tmp/flavius/data/1708410945/3_34/13_4df5e692-6f7e-4757-a80e-98e86193f4bf
I20240711 13:29:38.995863 3140490 producer_consumer_queue.h:274] enqueue wake up a consumer
I20240711 13:29:38.995887 3140486 producer_consumer_queue.h:274] enqueue wake up a consumer
I20240711 13:29:38.995949 3140490 producer_consumer_queue.h:142] ProducerConsumerQueue::Producer closed file:///tmp/flavius/data/1708410945/3_34/7_b3c022e7-5c25-47f9-bd0c-4a0a382e8ecb
I20240711 13:29:38.995992 3140490 producer_consumer_queue.h:295] allProducersFinished, wake up all 0 consumers, last producer file:///tmp/flavius/data/1708410945/3_34/7_b3c022e7-5c25-47f9-bd0c-4a0a382e8ecb
I20240711 13:29:38.996012 3140486 producer_consumer_queue.h:142] ProducerConsumerQueue::Producer closed file:///tmp/flavius/data/1708410945/3_34/0_b98bd233-26fa-4221-9ada-ba3a0e86258b
I20240711 13:29:38.996042 3140486 producer_consumer_queue.h:295] allProducersFinished, wake up all 0 consumers, last producer file:///tmp/flavius/data/1708410945/3_34/0_b98bd233-26fa-4221-9ada-ba3a0e86258b
I20240711 13:29:38.996132 3140491 producer_consumer_queue.h:274] enqueue wake up a consumer
I20240711 13:29:38.996202 3140491 producer_consumer_queue.h:142] ProducerConsumerQueue::Producer closed file:///tmp/flavius/data/1708410945/3_34/2_71510da6-b796-4bdb-b717-828f9c88cd2c
I20240711 13:29:38.996420 3140491 producer_consumer_queue.h:295] allProducersFinished, wake up all 0 consumers, last producer file:///tmp/flavius/data/1708410945/3_34/2_71510da6-b796-4bdb-b717-828f9c88cd2c
I20240711 13:29:38.996742 3140492 producer_consumer_queue.h:274] enqueue wake up a consumer
I20240711 13:29:38.996840 3140492 producer_consumer_queue.h:142] ProducerConsumerQueue::Producer closed file:///tmp/flavius/data/1708410945/3_34/8_def64374-ecd8-480d-9297-e140fe6930b4
I20240711 13:29:38.996871 3140492 producer_consumer_queue.h:295] allProducersFinished, wake up all 0 consumers, last producer file:///tmp/flavius/data/1708410945/3_34/8_def64374-ecd8-480d-9297-e140fe6930b4
I20240711 13:29:38.998714 3139913 remote_lookup_join_key_stream_handler_builder.cc:62] TODO(check): right table join key __vid__
I20240711 13:29:38.998870 3140336 remote_lookup_join_stream_manager.cc:155] created stream 8589935817 connecting cn 2 for table index 0
I20240711 13:29:38.998978 3140338 remote_lookup_join_stream_manager.cc:155] created stream 8589936530 connecting cn 2 for table index 0
I20240711 13:29:38.999490 3140330 remote_lookup_join_stream_manager.cc:155] created stream 17179870102 connecting cn 2 for table index 0
I20240711 13:29:38.999586 3140335 remote_lookup_join_stream_manager.cc:155] created stream 2347 connecting cn 1 for table index 0
