I20240702 04:28:16.483703 2107455 HiveConnector.cpp:66] Hive connector hive_connector created with maximum of 20000 cached file handles.
I20240702 04:28:16.484200 2107455 HiveConnector.cpp:66] Hive connector localfs-hive created with maximum of 20000 cached file handles.
I20240702 04:28:16.484452 2107455 HiveConnector.cpp:66] Hive connector s3-hive created with maximum of 20000 cached file handles.
I20240702 04:28:16.507177 2107455 server.cpp:1127] Server[flavius::exec::TaskServiceImpl+flavius::exec::ComputeServiceImpl+flavius::server::GraphStorageServiceImpl2] is serving on port=55537.
I20240702 04:28:16.507243 2107455 server.cpp:1130] Check out http://920f477ca690:55537 in web browser.
I20240702 04:28:17.007709 2107455 flavius_worker.cc:65] Start Worker: MirrorComputeNodeManagerWorker, thread cnt: 1, interval: 200
I20240702 04:28:17.010455 2107495 mirror_compute_node_manager.cc:58] >>>>>>>>>>>>>>>>>>>> Set my CN info: id 3 on 127.0.0.1:55537
I20240702 04:28:21.687242 2107496 state_machine-inl.h:201] fireStateChanged VeloxExecTask state changed to 1
I20240702 04:28:21.689052 2107495 vertex_segment_base.cc:86] createMutableVertexIdIndex --------- commit_key 0.test.ns.g1.job_reuse_label_0.30.snapshot-vid-index
I20240702 04:28:21.689603 2107498 vertex_segment_base.cc:86] createMutableVertexIdIndex --------- commit_key 0.test.ns.g1.job_reuse_label_0.28.snapshot-vid-index
I20240702 04:28:21.690063 2107487 vertex_segment_base.cc:86] createMutableVertexIdIndex --------- commit_key 0.test.ns.g1.job_reuse_label_0.31.snapshot-vid-index
I20240702 04:28:21.690558 2107496 vertex_segment_base.cc:86] createMutableVertexIdIndex --------- commit_key 0.test.ns.g1.job_reuse_label_0.18.snapshot-vid-index
I20240702 04:28:21.691016 2107495 vertex_segment_base.cc:86] createMutableVertexIdIndex --------- commit_key 0.test.ns.g1.job_reuse_label_0.11.snapshot-vid-index
I20240702 04:28:21.691469 2107498 vertex_segment_base.cc:86] createMutableVertexIdIndex --------- commit_key 0.test.ns.g1.job_reuse_label_0.23.snapshot-vid-index
I20240702 04:28:21.691833 2107487 vertex_segment_base.cc:86] createMutableVertexIdIndex --------- commit_key 0.test.ns.g1.job_reuse_label_0.10.snapshot-vid-index
I20240702 04:28:21.692346 2107496 vertex_segment_base.cc:86] createMutableVertexIdIndex --------- commit_key 0.test.ns.g1.job_reuse_label_0.22.snapshot-vid-index
I20240702 04:28:21.692783 2107495 vertex_segment_base.cc:86] createMutableVertexIdIndex --------- commit_key 0.test.ns.g1.job_reuse_label_0.9.snapshot-vid-index
I20240702 04:28:21.693194 2107498 vertex_segment_base.cc:86] createMutableVertexIdIndex --------- commit_key 0.test.ns.g1.job_reuse_label_0.19.snapshot-vid-index
I20240702 04:28:21.693553 2107487 vertex_segment_base.cc:86] createMutableVertexIdIndex --------- commit_key 0.test.ns.g1.job_reuse_label_0.6.snapshot-vid-index
I20240702 04:28:21.693876 2107496 vertex_segment_base.cc:86] createMutableVertexIdIndex --------- commit_key 0.test.ns.g1.job_reuse_label_0.16.snapshot-vid-index
I20240702 04:28:21.694325 2107495 vertex_segment_base.cc:86] createMutableVertexIdIndex --------- commit_key 0.test.ns.g1.job_reuse_label_0.3.snapshot-vid-index
I20240702 04:28:21.694777 2107498 vertex_segment_base.cc:103] createMutableVertexRowIndex --------- commit_key 0.test.ns.g1.job_reuse_label_0.30.snapshot-vtx-row-index
I20240702 04:28:21.695247 2107487 vertex_segment_base.cc:103] createMutableVertexRowIndex --------- commit_key 0.test.ns.g1.job_reuse_label_0.28.snapshot-vtx-row-index
I20240702 04:28:21.695657 2107496 vertex_segment_base.cc:103] createMutableVertexRowIndex --------- commit_key 0.test.ns.g1.job_reuse_label_0.31.snapshot-vtx-row-index
I20240702 04:28:21.696058 2107495 vertex_segment_base.cc:103] createMutableVertexRowIndex --------- commit_key 0.test.ns.g1.job_reuse_label_0.18.snapshot-vtx-row-index
I20240702 04:28:21.696503 2107498 vertex_segment_base.cc:103] createMutableVertexRowIndex --------- commit_key 0.test.ns.g1.job_reuse_label_0.11.snapshot-vtx-row-index
I20240702 04:28:21.697010 2107487 vertex_segment_base.cc:103] createMutableVertexRowIndex --------- commit_key 0.test.ns.g1.job_reuse_label_0.23.snapshot-vtx-row-index
I20240702 04:28:21.697448 2107496 vertex_segment_base.cc:103] createMutableVertexRowIndex --------- commit_key 0.test.ns.g1.job_reuse_label_0.10.snapshot-vtx-row-index
I20240702 04:28:21.697912 2107495 vertex_segment_base.cc:103] createMutableVertexRowIndex --------- commit_key 0.test.ns.g1.job_reuse_label_0.22.snapshot-vtx-row-index
I20240702 04:28:21.698364 2107498 vertex_segment_base.cc:103] createMutableVertexRowIndex --------- commit_key 0.test.ns.g1.job_reuse_label_0.9.snapshot-vtx-row-index
I20240702 04:28:21.698799 2107487 vertex_segment_base.cc:103] createMutableVertexRowIndex --------- commit_key 0.test.ns.g1.job_reuse_label_0.19.snapshot-vtx-row-index
I20240702 04:28:21.699216 2107496 vertex_segment_base.cc:103] createMutableVertexRowIndex --------- commit_key 0.test.ns.g1.job_reuse_label_0.6.snapshot-vtx-row-index
I20240702 04:28:21.699683 2107495 vertex_segment_base.cc:103] createMutableVertexRowIndex --------- commit_key 0.test.ns.g1.job_reuse_label_0.16.snapshot-vtx-row-index
I20240702 04:28:21.700109 2107498 vertex_segment_base.cc:103] createMutableVertexRowIndex --------- commit_key 0.test.ns.g1.job_reuse_label_0.3.snapshot-vtx-row-index
I20240702 04:28:21.700225 2107498 vertex_import_write_exec_task.cc:140] ============================================ VertexImportWriteExecTask schema
ROW<pkey:INTEGER,int32:INTEGER,str:VARCHAR,float64:DOUBLE>
I20240702 04:28:21.714511 2107487 graph_storage_service2.cc:344] Received get task status request for job_id: 0, task_id: 4 task_status: pending { } call id: 4419521347589
I20240702 04:28:21.714781 2107733 graph_storage_service2.cc:276] Getting task status for Task: 0_4 task_status: running { } call id: 4419521347589
I20240702 04:28:21.714843 2107733 graph_storage_service2.cc:291] Get task status success for Task: 0_4 task_status: running { } call id: 4419521347589 latency: 0ms.
I20240702 04:28:21.716135 2107496 graph_storage_service2.cc:344] Received get task status request for job_id: 0, task_id: 4 task_status: running { } call id: 1099511627837
I20240702 04:28:21.733219 2107495 state_machine-inl.h:201] fireStateChanged VeloxExecTask state changed to 1
I20240702 04:28:21.733666 2107495 vertex_import_read_exec_task.cc:125] ============================================ exchange schema
ROW<pkey:INTEGER,int32:INTEGER,str:VARCHAR,float64:DOUBLE>
I20240702 04:28:21.737067 2107498 graph_storage_service2.cc:344] Received get task status request for job_id: 0, task_id: 2 task_status: pending { } call id: 3298534883373
I20240702 04:28:21.737179 2107733 graph_storage_service2.cc:276] Getting task status for Task: 0_2 task_status: running { } call id: 3298534883373
I20240702 04:28:21.737219 2107733 graph_storage_service2.cc:291] Get task status success for Task: 0_2 task_status: running { } call id: 3298534883373 latency: 0ms.
I20240702 04:28:21.737672 2107487 graph_storage_service2.cc:344] Received get task status request for job_id: 0, task_id: 2 task_status: running { } call id: 4406636445701
I20240702 04:28:21.753232 2107763 Task.cpp:983] All drivers (10) finished for task brpc://127.0.0.1:55537/task/0-vertex-import-read/0 after running for 19 ms.
I20240702 04:28:21.827708 2107485 Task.cpp:1665] Terminating task brpc://127.0.0.1:55537/task/0-vertex-import-read/0 with state Finished after running for 93 ms.
I20240702 04:28:21.828313 2107765 state_machine-inl.h:201] fireStateChanged VeloxExecTask state changed to 2
I20240702 04:28:21.829485 2107733 graph_storage_service2.cc:276] Getting task status for Task: 0_2 task_status: finished { } call id: 4406636445701
I20240702 04:28:21.829552 2107733 graph_storage_service2.cc:291] Get task status success for Task: 0_2 task_status: finished { } call id: 4406636445701 latency: 92ms.
I20240702 04:28:21.885627 2107746 Task.cpp:983] All drivers (1) finished for task local://localhost:0/task/0-vertex-import-write/16 after running for 173 ms.
I20240702 04:28:21.885648 2107739 Task.cpp:983] All drivers (1) finished for task local://localhost:0/task/0-vertex-import-write/28 after running for 184 ms.
I20240702 04:28:21.885720 2107746 Task.cpp:1665] Terminating task local://localhost:0/task/0-vertex-import-write/16 with state Finished after running for 173 ms.
I20240702 04:28:21.885737 2107739 Task.cpp:1665] Terminating task local://localhost:0/task/0-vertex-import-write/28 with state Finished after running for 184 ms.
I20240702 04:28:21.887465 2107740 Task.cpp:983] All drivers (1) finished for task local://localhost:0/task/0-vertex-import-write/22 after running for 179 ms.
I20240702 04:28:21.887513 2107740 Task.cpp:1665] Terminating task local://localhost:0/task/0-vertex-import-write/22 with state Finished after running for 179 ms.
I20240702 04:28:21.888908 2107741 Task.cpp:983] All drivers (1) finished for task local://localhost:0/task/0-vertex-import-write/11 after running for 183 ms.
I20240702 04:28:21.888984 2107741 Task.cpp:1665] Terminating task local://localhost:0/task/0-vertex-import-write/11 with state Finished after running for 184 ms.
I20240702 04:28:21.891301 2107745 Task.cpp:983] All drivers (1) finished for task local://localhost:0/task/0-vertex-import-write/6 after running for 180 ms.
I20240702 04:28:21.891360 2107745 Task.cpp:1665] Terminating task local://localhost:0/task/0-vertex-import-write/6 with state Finished after running for 180 ms.
I20240702 04:28:21.892588 2107743 Task.cpp:983] All drivers (1) finished for task local://localhost:0/task/0-vertex-import-write/10 after running for 185 ms.
I20240702 04:28:21.892637 2107743 Task.cpp:1665] Terminating task local://localhost:0/task/0-vertex-import-write/10 with state Finished after running for 185 ms.
I20240702 04:28:21.894652 2107748 Task.cpp:983] All drivers (1) finished for task local://localhost:0/task/0-vertex-import-write/3 after running for 182 ms.
I20240702 04:28:21.894892 2107748 Task.cpp:1665] Terminating task local://localhost:0/task/0-vertex-import-write/3 with state Finished after running for 182 ms.
I20240702 04:28:21.895076 2107747 Task.cpp:983] All drivers (1) finished for task local://localhost:0/task/0-vertex-import-write/9 after running for 186 ms.
I20240702 04:28:21.895435 2107747 Task.cpp:1665] Terminating task local://localhost:0/task/0-vertex-import-write/9 with state Finished after running for 186 ms.
I20240702 04:28:21.897110 2107742 Task.cpp:983] All drivers (1) finished for task local://localhost:0/task/0-vertex-import-write/19 after running for 187 ms.
I20240702 04:28:21.897368 2107744 Task.cpp:983] All drivers (1) finished for task local://localhost:0/task/0-vertex-import-write/23 after running for 191 ms.
I20240702 04:28:21.897367 2107742 Task.cpp:1665] Terminating task local://localhost:0/task/0-vertex-import-write/19 with state Finished after running for 187 ms.
I20240702 04:28:21.897423 2107744 Task.cpp:1665] Terminating task local://localhost:0/task/0-vertex-import-write/23 with state Finished after running for 191 ms.
I20240702 04:28:21.898368 2107763 Task.cpp:983] All drivers (1) finished for task local://localhost:0/task/0-vertex-import-write/31 after running for 196 ms.
I20240702 04:28:21.898414 2107763 Task.cpp:1665] Terminating task local://localhost:0/task/0-vertex-import-write/31 with state Finished after running for 196 ms.
I20240702 04:28:21.900317 2107738 Task.cpp:983] All drivers (1) finished for task local://localhost:0/task/0-vertex-import-write/18 after running for 197 ms.
I20240702 04:28:21.900365 2107738 Task.cpp:1665] Terminating task local://localhost:0/task/0-vertex-import-write/18 with state Finished after running for 197 ms.
I20240702 04:28:21.900986 2107764 Task.cpp:983] All drivers (1) finished for task local://localhost:0/task/0-vertex-import-write/30 after running for 201 ms.
I20240702 04:28:21.901031 2107764 Task.cpp:1665] Terminating task local://localhost:0/task/0-vertex-import-write/30 with state Finished after running for 201 ms.
I20240702 04:28:21.907402 2107744 meta_service_client.cc:729] Successfully submitImportJobFiles
I20240702 04:28:21.907616 2107744 state_machine-inl.h:201] fireStateChanged VeloxExecTask state changed to 2
I20240702 04:28:21.907987 2107801 graph_storage_service2.cc:276] Getting task status for Task: 0_4 task_status: finished { } call id: 1099511627837
I20240702 04:28:21.908054 2107801 graph_storage_service2.cc:291] Get task status success for Task: 0_4 task_status: finished { } call id: 1099511627837 latency: 192ms.
I20240702 04:28:21.977357 2107485 local_data_manager.cc:71] Successfully updated the vertex id index for job 0 with snapshot id: 1
I20240702 04:28:21.977427 2107485 local_data_manager.cc:71] Successfully updated the vertex id index for job 0 with snapshot id: 1
I20240702 04:28:21.977459 2107485 local_data_manager.cc:71] Successfully updated the vertex id index for job 0 with snapshot id: 1
I20240702 04:28:21.977497 2107485 local_data_manager.cc:71] Successfully updated the vertex id index for job 0 with snapshot id: 1
I20240702 04:28:21.977531 2107485 local_data_manager.cc:71] Successfully updated the vertex id index for job 0 with snapshot id: 1
I20240702 04:28:21.977564 2107485 local_data_manager.cc:71] Successfully updated the vertex id index for job 0 with snapshot id: 1
I20240702 04:28:21.977594 2107485 local_data_manager.cc:71] Successfully updated the vertex id index for job 0 with snapshot id: 1
I20240702 04:28:21.977625 2107485 local_data_manager.cc:71] Successfully updated the vertex id index for job 0 with snapshot id: 1
I20240702 04:28:21.977663 2107485 local_data_manager.cc:71] Successfully updated the vertex id index for job 0 with snapshot id: 1
I20240702 04:28:21.977695 2107485 local_data_manager.cc:71] Successfully updated the vertex id index for job 0 with snapshot id: 1
I20240702 04:28:21.977726 2107485 local_data_manager.cc:71] Successfully updated the vertex id index for job 0 with snapshot id: 1
I20240702 04:28:21.977762 2107485 local_data_manager.cc:71] Successfully updated the vertex id index for job 0 with snapshot id: 1
I20240702 04:28:21.977792 2107485 local_data_manager.cc:71] Successfully updated the vertex id index for job 0 with snapshot id: 1
I20240702 04:28:29.474557 2107490 graph_storage_service2.cc:344] Received get task status request for job_id: 1, task_id: 16 task_status: pending { } call id: 34084860461065
==2107455==WARNING: ASan is ignoring requested __asan_handle_no_return: stack type: default top: 0x7fd4511531c0; bottom 0x7fd41f536000; size: 0x000031c1d1c0 (834785728)
False positive error reports may follow
For details see https://github.com/google/sanitizers/issues/189
I20240702 04:28:29.474980 2107499 graph_storage_service2.cc:344] Received get task status request for job_id: 1, task_id: 12 task_status: pending { } call id: 32985348833289
E20240702 04:28:29.475010 2107490 graph_storage_service2.cc:361] [JobException] [InvalidTaskIdException] Task does not exist. TaskId 1_16
E20240702 04:28:29.475193 2107499 graph_storage_service2.cc:361] [JobException] [InvalidTaskIdException] Task does not exist. TaskId 1_12
I20240702 04:28:37.899572 2107499 graph_storage_service2.cc:344] Received get task status request for job_id: 2, task_id: 28 task_status: pending { } call id: 8804682956809
E20240702 04:28:37.899734 2107499 graph_storage_service2.cc:361] [JobException] [InvalidTaskIdException] Task does not exist. TaskId 2_28
I20240702 04:28:37.899863 2107491 graph_storage_service2.cc:344] Received get task status request for job_id: 2, task_id: 25 task_status: pending { } call id: 4423816314889
E20240702 04:28:37.900068 2107491 graph_storage_service2.cc:361] [JobException] [InvalidTaskIdException] Task does not exist. TaskId 2_25
W20240702 04:28:40.232122 2107488 compute_service.cc:154] [getPartitionedOutput] brpc://127.0.0.1:55537/task/2-vertex-import-read/0 from 127.0.0.1:57670 destination 21 sequence 0 max try count 8
W20240702 04:28:40.232264 2107486 compute_service.cc:154] [getPartitionedOutput] brpc://127.0.0.1:55537/task/2-vertex-import-read/0 from 127.0.0.1:57670 destination 8 sequence 0 max try count 8
W20240702 04:28:40.232445 2107486 compute_service.cc:154] [getPartitionedOutput] brpc://127.0.0.1:55537/task/2-vertex-import-read/0 from 127.0.0.1:57670 destination 20 sequence 0 max try count 8
W20240702 04:28:40.232733 2107486 compute_service.cc:154] [getPartitionedOutput] brpc://127.0.0.1:55537/task/2-vertex-import-read/0 from 127.0.0.1:57670 destination 7 sequence 0 max try count 8
W20240702 04:28:40.232985 2107483 compute_service.cc:154] [getPartitionedOutput] brpc://127.0.0.1:55537/task/2-vertex-import-read/0 from 127.0.0.1:57670 destination 15 sequence 0 max try count 8
W20240702 04:28:40.233461 2107484 compute_service.cc:154] [getPartitionedOutput] brpc://127.0.0.1:55537/task/2-vertex-import-read/0 from 127.0.0.1:57670 destination 2 sequence 0 max try count 8
W20240702 04:28:40.234062 2107486 compute_service.cc:154] [getPartitionedOutput] brpc://127.0.0.1:55537/task/2-vertex-import-read/0 from 127.0.0.1:57670 destination 27 sequence 0 max try count 8
W20240702 04:28:40.234055 2107488 compute_service.cc:154] [getPartitionedOutput] brpc://127.0.0.1:55537/task/2-vertex-import-read/0 from 127.0.0.1:57670 destination 14 sequence 0 max try count 8
W20240702 04:28:40.234688 2107483 compute_service.cc:154] [getPartitionedOutput] brpc://127.0.0.1:55537/task/2-vertex-import-read/0 from 127.0.0.1:57670 destination 1 sequence 0 max try count 8
W20240702 04:28:40.234942 2107484 compute_service.cc:154] [getPartitionedOutput] brpc://127.0.0.1:55537/task/2-vertex-import-read/0 from 127.0.0.1:57670 destination 26 sequence 0 max try count 8
W20240702 04:28:40.235427 2107486 compute_service.cc:154] [getPartitionedOutput] brpc://127.0.0.1:55537/task/2-vertex-import-read/0 from 127.0.0.1:57670 destination 13 sequence 0 max try count 8
W20240702 04:28:40.235945 2107488 compute_service.cc:154] [getPartitionedOutput] brpc://127.0.0.1:55537/task/2-vertex-import-read/0 from 127.0.0.1:57670 destination 0 sequence 0 max try count 8
I20240702 04:28:44.526540 2107499 state_machine-inl.h:201] fireStateChanged VeloxExecTask state changed to 1
I20240702 04:28:44.527761 2107490 vertex_segment_base.cc:86] createMutableVertexIdIndex --------- commit_key 3.test.ns.g1.job_reuse_label_3.30.snapshot-vid-index
I20240702 04:28:44.528259 2107491 vertex_segment_base.cc:86] createMutableVertexIdIndex --------- commit_key 3.test.ns.g1.job_reuse_label_3.28.snapshot-vid-index
I20240702 04:28:44.528667 2107499 vertex_segment_base.cc:86] createMutableVertexIdIndex --------- commit_key 3.test.ns.g1.job_reuse_label_3.31.snapshot-vid-index
I20240702 04:28:44.529021 2107489 vertex_segment_base.cc:86] createMutableVertexIdIndex --------- commit_key 3.test.ns.g1.job_reuse_label_3.18.snapshot-vid-index
I20240702 04:28:44.529394 2107485 vertex_segment_base.cc:86] createMutableVertexIdIndex --------- commit_key 3.test.ns.g1.job_reuse_label_3.11.snapshot-vid-index
I20240702 04:28:44.529785 2107490 vertex_segment_base.cc:86] createMutableVertexIdIndex --------- commit_key 3.test.ns.g1.job_reuse_label_3.23.snapshot-vid-index
I20240702 04:28:44.530179 2107491 vertex_segment_base.cc:86] createMutableVertexIdIndex --------- commit_key 3.test.ns.g1.job_reuse_label_3.10.snapshot-vid-index
I20240702 04:28:44.530553 2107499 vertex_segment_base.cc:86] createMutableVertexIdIndex --------- commit_key 3.test.ns.g1.job_reuse_label_3.22.snapshot-vid-index
I20240702 04:28:44.530951 2107489 vertex_segment_base.cc:86] createMutableVertexIdIndex --------- commit_key 3.test.ns.g1.job_reuse_label_3.9.snapshot-vid-index
I20240702 04:28:44.531352 2107490 vertex_segment_base.cc:86] createMutableVertexIdIndex --------- commit_key 3.test.ns.g1.job_reuse_label_3.19.snapshot-vid-index
I20240702 04:28:44.531740 2107491 vertex_segment_base.cc:86] createMutableVertexIdIndex --------- commit_key 3.test.ns.g1.job_reuse_label_3.6.snapshot-vid-index
I20240702 04:28:44.532107 2107499 vertex_segment_base.cc:86] createMutableVertexIdIndex --------- commit_key 3.test.ns.g1.job_reuse_label_3.16.snapshot-vid-index
I20240702 04:28:44.532490 2107489 vertex_segment_base.cc:86] createMutableVertexIdIndex --------- commit_key 3.test.ns.g1.job_reuse_label_3.3.snapshot-vid-index
I20240702 04:28:44.532974 2107485 vertex_segment_base.cc:103] createMutableVertexRowIndex --------- commit_key 3.test.ns.g1.job_reuse_label_3.30.snapshot-vtx-row-index
I20240702 04:28:44.533390 2107490 vertex_segment_base.cc:103] createMutableVertexRowIndex --------- commit_key 3.test.ns.g1.job_reuse_label_3.28.snapshot-vtx-row-index
I20240702 04:28:44.533751 2107491 vertex_segment_base.cc:103] createMutableVertexRowIndex --------- commit_key 3.test.ns.g1.job_reuse_label_3.31.snapshot-vtx-row-index
I20240702 04:28:44.534161 2107499 vertex_segment_base.cc:103] createMutableVertexRowIndex --------- commit_key 3.test.ns.g1.job_reuse_label_3.18.snapshot-vtx-row-index
I20240702 04:28:44.534652 2107489 vertex_segment_base.cc:103] createMutableVertexRowIndex --------- commit_key 3.test.ns.g1.job_reuse_label_3.11.snapshot-vtx-row-index
I20240702 04:28:44.535040 2107485 vertex_segment_base.cc:103] createMutableVertexRowIndex --------- commit_key 3.test.ns.g1.job_reuse_label_3.23.snapshot-vtx-row-index
I20240702 04:28:44.535452 2107490 vertex_segment_base.cc:103] createMutableVertexRowIndex --------- commit_key 3.test.ns.g1.job_reuse_label_3.10.snapshot-vtx-row-index
I20240702 04:28:44.535843 2107491 vertex_segment_base.cc:103] createMutableVertexRowIndex --------- commit_key 3.test.ns.g1.job_reuse_label_3.22.snapshot-vtx-row-index
I20240702 04:28:44.536267 2107499 vertex_segment_base.cc:103] createMutableVertexRowIndex --------- commit_key 3.test.ns.g1.job_reuse_label_3.9.snapshot-vtx-row-index
I20240702 04:28:44.536734 2107489 vertex_segment_base.cc:103] createMutableVertexRowIndex --------- commit_key 3.test.ns.g1.job_reuse_label_3.19.snapshot-vtx-row-index
I20240702 04:28:44.537159 2107485 vertex_segment_base.cc:103] createMutableVertexRowIndex --------- commit_key 3.test.ns.g1.job_reuse_label_3.6.snapshot-vtx-row-index
I20240702 04:28:44.537549 2107490 vertex_segment_base.cc:103] createMutableVertexRowIndex --------- commit_key 3.test.ns.g1.job_reuse_label_3.16.snapshot-vtx-row-index
I20240702 04:28:44.537895 2107491 vertex_segment_base.cc:103] createMutableVertexRowIndex --------- commit_key 3.test.ns.g1.job_reuse_label_3.3.snapshot-vtx-row-index
I20240702 04:28:44.537972 2107491 vertex_import_write_exec_task.cc:140] ============================================ VertexImportWriteExecTask schema
ROW<pkey:INTEGER,int32:INTEGER,str:VARCHAR,float64:DOUBLE>
I20240702 04:28:44.544253 2107499 graph_storage_service2.cc:344] Received get task status request for job_id: 3, task_id: 40 task_status: pending { } call id: 14306536063001
I20240702 04:28:44.544394 2107803 graph_storage_service2.cc:276] Getting task status for Task: 3_40 task_status: running { } call id: 14306536063001
I20240702 04:28:44.544452 2107803 graph_storage_service2.cc:291] Get task status success for Task: 3_40 task_status: running { } call id: 14306536063001 latency: 0ms.
I20240702 04:28:44.545074 2107489 graph_storage_service2.cc:344] Received get task status request for job_id: 3, task_id: 40 task_status: running { } call id: 12103217840173
I20240702 04:28:44.555994 2107490 state_machine-inl.h:201] fireStateChanged VeloxExecTask state changed to 1
I20240702 04:28:44.556411 2107490 vertex_import_read_exec_task.cc:125] ============================================ exchange schema
ROW<pkey:INTEGER,int32:INTEGER,str:VARCHAR,float64:DOUBLE>
I20240702 04:28:44.558336 2107491 graph_storage_service2.cc:344] Received get task status request for job_id: 3, task_id: 38 task_status: pending { } call id: 34084860461113
I20240702 04:28:44.558441 2107803 graph_storage_service2.cc:276] Getting task status for Task: 3_38 task_status: running { } call id: 34084860461113
I20240702 04:28:44.558488 2107803 graph_storage_service2.cc:291] Get task status success for Task: 3_38 task_status: running { } call id: 34084860461113 latency: 0ms.
I20240702 04:28:44.559450 2107499 graph_storage_service2.cc:344] Received get task status request for job_id: 3, task_id: 38 task_status: running { } call id: 13207024435209
I20240702 04:28:44.639097 2107750 Task.cpp:983] All drivers (10) finished for task brpc://127.0.0.1:55537/task/3-vertex-import-read/0 after running for 83 ms.
I20240702 04:28:44.647135 2107486 Task.cpp:1665] Terminating task brpc://127.0.0.1:55537/task/3-vertex-import-read/0 with state Finished after running for 91 ms.
I20240702 04:28:44.647418 2107750 state_machine-inl.h:201] fireStateChanged VeloxExecTask state changed to 2
I20240702 04:28:44.647558 2107803 graph_storage_service2.cc:276] Getting task status for Task: 3_38 task_status: finished { } call id: 13207024435209
I20240702 04:28:44.647607 2107803 graph_storage_service2.cc:291] Get task status success for Task: 3_38 task_status: finished { } call id: 13207024435209 latency: 88ms.
I20240702 04:28:44.720860 2107746 Task.cpp:983] All drivers (1) finished for task local://localhost:0/task/3-vertex-import-write/10 after running for 180 ms.
I20240702 04:28:44.721021 2107746 Task.cpp:1665] Terminating task local://localhost:0/task/3-vertex-import-write/10 with state Finished after running for 181 ms.
I20240702 04:28:44.724267 2107748 Task.cpp:983] All drivers (1) finished for task local://localhost:0/task/3-vertex-import-write/18 after running for 185 ms.
I20240702 04:28:44.724313 2107740 Task.cpp:983] All drivers (1) finished for task local://localhost:0/task/3-vertex-import-write/23 after running for 184 ms.
I20240702 04:28:44.724573 2107748 Task.cpp:1665] Terminating task local://localhost:0/task/3-vertex-import-write/18 with state Finished after running for 185 ms.
I20240702 04:28:44.724586 2107740 Task.cpp:1665] Terminating task local://localhost:0/task/3-vertex-import-write/23 with state Finished after running for 184 ms.
I20240702 04:28:44.724663 2107743 Task.cpp:983] All drivers (1) finished for task local://localhost:0/task/3-vertex-import-write/16 after running for 181 ms.
I20240702 04:28:44.724714 2107743 Task.cpp:1665] Terminating task local://localhost:0/task/3-vertex-import-write/16 with state Finished after running for 181 ms.
I20240702 04:28:44.727057 2107763 Task.cpp:983] All drivers (1) finished for task local://localhost:0/task/3-vertex-import-write/11 after running for 187 ms.
I20240702 04:28:44.727108 2107763 Task.cpp:1665] Terminating task local://localhost:0/task/3-vertex-import-write/11 with state Finished after running for 187 ms.
I20240702 04:28:44.727133 2107747 Task.cpp:983] All drivers (1) finished for task local://localhost:0/task/3-vertex-import-write/22 after running for 186 ms.
I20240702 04:28:44.727170 2107747 Task.cpp:1665] Terminating task local://localhost:0/task/3-vertex-import-write/22 with state Finished after running for 186 ms.
I20240702 04:28:44.727463 2107749 Task.cpp:983] All drivers (1) finished for task local://localhost:0/task/3-vertex-import-write/19 after running for 185 ms.
I20240702 04:28:44.727491 2107749 Task.cpp:1665] Terminating task local://localhost:0/task/3-vertex-import-write/19 with state Finished after running for 185 ms.
I20240702 04:28:44.728524 2107738 Task.cpp:983] All drivers (1) finished for task local://localhost:0/task/3-vertex-import-write/30 after running for 190 ms.
I20240702 04:28:44.728581 2107738 Task.cpp:1665] Terminating task local://localhost:0/task/3-vertex-import-write/30 with state Finished after running for 190 ms.
I20240702 04:28:44.730913 2107741 Task.cpp:983] All drivers (1) finished for task local://localhost:0/task/3-vertex-import-write/28 after running for 192 ms.
I20240702 04:28:44.731042 2107741 Task.cpp:1665] Terminating task local://localhost:0/task/3-vertex-import-write/28 with state Finished after running for 193 ms.
I20240702 04:28:44.731165 2107764 Task.cpp:983] All drivers (1) finished for task local://localhost:0/task/3-vertex-import-write/31 after running for 192 ms.
I20240702 04:28:44.731209 2107764 Task.cpp:1665] Terminating task local://localhost:0/task/3-vertex-import-write/31 with state Finished after running for 192 ms.
I20240702 04:28:44.732272 2107765 Task.cpp:983] All drivers (1) finished for task local://localhost:0/task/3-vertex-import-write/3 after running for 189 ms.
I20240702 04:28:44.732316 2107765 Task.cpp:1665] Terminating task local://localhost:0/task/3-vertex-import-write/3 with state Finished after running for 189 ms.
I20240702 04:28:44.733952 2107739 Task.cpp:983] All drivers (1) finished for task local://localhost:0/task/3-vertex-import-write/9 after running for 192 ms.
I20240702 04:28:44.734000 2107739 Task.cpp:1665] Terminating task local://localhost:0/task/3-vertex-import-write/9 with state Finished after running for 193 ms.
I20240702 04:28:44.734194 2107745 Task.cpp:983] All drivers (1) finished for task local://localhost:0/task/3-vertex-import-write/6 after running for 192 ms.
I20240702 04:28:44.734222 2107745 Task.cpp:1665] Terminating task local://localhost:0/task/3-vertex-import-write/6 with state Finished after running for 192 ms.
W20240702 04:28:44.915032 2107497 input_messenger.cpp:375] Fail to read from Socket{id=512 fd=12 addr=127.0.0.1:55528:49650} (0x6310000a0d00): Connection reset by peer [104]
W20240702 04:28:44.915064 2107494 input_messenger.cpp:375] Fail to read from Socket{id=306 fd=13 addr=127.0.0.1:57666:55537} (0x631000078800): Connection reset by peer [104]
E20240702 04:28:44.915426 2107763 meta_service_client.cc:721] MetaServiceClient call submitImportJobFiles() failed[E104]Fail to read from Socket{id=512 fd=12 addr=127.0.0.1:55528:49650} (0x0x6310000a0d00): Connection reset by peer [R1][E111]Fail to connect Socket{id=612 addr=127.0.0.1:55528} (0x0x6310000b4800): Connection refused [R2][E112]Not connected to 127.0.0.1:55528 yet, server_id=17179869184 [R3][E112]Not connected to 127.0.0.1:55528 yet, server_id=17179869184
I20240702 04:28:44.915463 2107763 meta_service_client.cc:723] Retry submitImportJobFiles() after 1000ms
I20240702 04:28:45.015586 2107483 socket.cpp:2465] Checking Socket{id=17179869184 addr=127.0.0.1:55528} (0x631000028800)
I20240702 04:28:45.767364 2107493 graph_storage_service2.cc:344] Received get task status request for job_id: 3, task_id: 40 task_status: pending { } call id: 5527622909961
I20240702 04:28:45.767479 2107497 graph_storage_service2.cc:344] Received get task status request for job_id: 3, task_id: 38 task_status: pending { } call id: 14302241095693
I20240702 04:28:45.767499 2107801 graph_storage_service2.cc:276] Getting task status for Task: 3_40 task_status: running { } call id: 5527622909961
I20240702 04:28:45.767536 2107801 graph_storage_service2.cc:291] Get task status success for Task: 3_40 task_status: running { } call id: 5527622909961 latency: 0ms.
I20240702 04:28:45.767619 2107803 graph_storage_service2.cc:276] Getting task status for Task: 3_38 task_status: finished { } call id: 14302241095693
I20240702 04:28:45.767664 2107803 graph_storage_service2.cc:291] Get task status success for Task: 3_38 task_status: finished { } call id: 14302241095693 latency: 0ms.
I20240702 04:28:45.769682 2107500 graph_storage_service2.cc:344] Received get task status request for job_id: 3, task_id: 40 task_status: running { } call id: 36283883716621
I20240702 04:28:45.924679 2107763 meta_service_client.cc:729] Successfully submitImportJobFiles
I20240702 04:28:45.924875 2107763 state_machine-inl.h:201] fireStateChanged VeloxExecTask state changed to 2
I20240702 04:28:45.925005 2107800 graph_storage_service2.cc:276] Getting task status for Task: 3_40 task_status: finished { } call id: 12103217840173
W20240702 04:28:45.925057 2107800 graph_storage_service2.cc:283] Get task status for Task: 3_40 task_status: finished { } call id: 12103217840173 latency too high: 1380ms. This may cause client timeout. You may need to increase the max_wait_time_ms in the request, or increase the max_system_cpu_threads in the configuration file.
I20240702 04:28:45.925041 2107801 graph_storage_service2.cc:276] Getting task status for Task: 3_40 task_status: finished { } call id: 36283883716621
I20240702 04:28:45.925091 2107801 graph_storage_service2.cc:291] Get task status success for Task: 3_40 task_status: finished { } call id: 36283883716621 latency: 156ms.
W20240702 04:28:45.925149 2107803 http_rpc_protocol.cpp:954] Fail to write into Socket{id=306 fd=13 addr=127.0.0.1:57666:55537} (0x631000078800): Connection reset by peer [104]
I20240702 04:28:46.000068 2107493 local_data_manager.cc:71] Successfully updated the vertex id index for job 3 with snapshot id: 1
I20240702 04:28:46.000137 2107493 local_data_manager.cc:71] Successfully updated the vertex id index for job 3 with snapshot id: 1
I20240702 04:28:46.000162 2107493 local_data_manager.cc:71] Successfully updated the vertex id index for job 3 with snapshot id: 1
I20240702 04:28:46.000185 2107493 local_data_manager.cc:71] Successfully updated the vertex id index for job 3 with snapshot id: 1
I20240702 04:28:46.000216 2107493 local_data_manager.cc:71] Successfully updated the vertex id index for job 3 with snapshot id: 1
I20240702 04:28:46.000243 2107493 local_data_manager.cc:71] Successfully updated the vertex id index for job 3 with snapshot id: 1
I20240702 04:28:46.000270 2107493 local_data_manager.cc:71] Successfully updated the vertex id index for job 3 with snapshot id: 1
I20240702 04:28:46.000300 2107493 local_data_manager.cc:71] Successfully updated the vertex id index for job 3 with snapshot id: 1
I20240702 04:28:46.000324 2107493 local_data_manager.cc:71] Successfully updated the vertex id index for job 3 with snapshot id: 1
I20240702 04:28:46.000346 2107493 local_data_manager.cc:71] Successfully updated the vertex id index for job 3 with snapshot id: 1
I20240702 04:28:46.000368 2107493 local_data_manager.cc:71] Successfully updated the vertex id index for job 3 with snapshot id: 1
I20240702 04:28:46.000398 2107493 local_data_manager.cc:71] Successfully updated the vertex id index for job 3 with snapshot id: 1
I20240702 04:28:46.000437 2107493 local_data_manager.cc:71] Successfully updated the vertex id index for job 3 with snapshot id: 1
I20240702 04:28:52.522836 2107494 state_machine-inl.h:201] fireStateChanged VeloxExecTask state changed to 1
I20240702 04:28:52.523589 2107500 vertex_segment_base.cc:86] createMutableVertexIdIndex --------- commit_key 4.test.ns.g1.job_reuse_label_4.30.snapshot-vid-index
I20240702 04:28:52.524006 2107497 vertex_segment_base.cc:86] createMutableVertexIdIndex --------- commit_key 4.test.ns.g1.job_reuse_label_4.28.snapshot-vid-index
I20240702 04:28:52.524396 2107493 vertex_segment_base.cc:86] createMutableVertexIdIndex --------- commit_key 4.test.ns.g1.job_reuse_label_4.31.snapshot-vid-index
I20240702 04:28:52.524796 2107494 vertex_segment_base.cc:86] createMutableVertexIdIndex --------- commit_key 4.test.ns.g1.job_reuse_label_4.18.snapshot-vid-index
I20240702 04:28:52.525200 2107500 vertex_segment_base.cc:86] createMutableVertexIdIndex --------- commit_key 4.test.ns.g1.job_reuse_label_4.11.snapshot-vid-index
I20240702 04:28:52.525569 2107497 vertex_segment_base.cc:86] createMutableVertexIdIndex --------- commit_key 4.test.ns.g1.job_reuse_label_4.23.snapshot-vid-index
I20240702 04:28:52.525914 2107493 vertex_segment_base.cc:86] createMutableVertexIdIndex --------- commit_key 4.test.ns.g1.job_reuse_label_4.10.snapshot-vid-index
I20240702 04:28:52.526333 2107494 vertex_segment_base.cc:86] createMutableVertexIdIndex --------- commit_key 4.test.ns.g1.job_reuse_label_4.22.snapshot-vid-index
I20240702 04:28:52.526669 2107500 vertex_segment_base.cc:86] createMutableVertexIdIndex --------- commit_key 4.test.ns.g1.job_reuse_label_4.9.snapshot-vid-index
I20240702 04:28:52.527083 2107497 vertex_segment_base.cc:86] createMutableVertexIdIndex --------- commit_key 4.test.ns.g1.job_reuse_label_4.19.snapshot-vid-index
I20240702 04:28:52.527454 2107493 vertex_segment_base.cc:86] createMutableVertexIdIndex --------- commit_key 4.test.ns.g1.job_reuse_label_4.6.snapshot-vid-index
I20240702 04:28:52.527824 2107494 vertex_segment_base.cc:86] createMutableVertexIdIndex --------- commit_key 4.test.ns.g1.job_reuse_label_4.16.snapshot-vid-index
I20240702 04:28:52.528214 2107500 vertex_segment_base.cc:86] createMutableVertexIdIndex --------- commit_key 4.test.ns.g1.job_reuse_label_4.3.snapshot-vid-index
I20240702 04:28:52.528681 2107497 vertex_segment_base.cc:103] createMutableVertexRowIndex --------- commit_key 4.test.ns.g1.job_reuse_label_4.30.snapshot-vtx-row-index
I20240702 04:28:52.529120 2107493 vertex_segment_base.cc:103] createMutableVertexRowIndex --------- commit_key 4.test.ns.g1.job_reuse_label_4.28.snapshot-vtx-row-index
I20240702 04:28:52.529495 2107494 vertex_segment_base.cc:103] createMutableVertexRowIndex --------- commit_key 4.test.ns.g1.job_reuse_label_4.31.snapshot-vtx-row-index
I20240702 04:28:52.529884 2107500 vertex_segment_base.cc:103] createMutableVertexRowIndex --------- commit_key 4.test.ns.g1.job_reuse_label_4.18.snapshot-vtx-row-index
I20240702 04:28:52.530272 2107497 vertex_segment_base.cc:103] createMutableVertexRowIndex --------- commit_key 4.test.ns.g1.job_reuse_label_4.11.snapshot-vtx-row-index
I20240702 04:28:52.530678 2107493 vertex_segment_base.cc:103] createMutableVertexRowIndex --------- commit_key 4.test.ns.g1.job_reuse_label_4.23.snapshot-vtx-row-index
I20240702 04:28:52.531080 2107494 vertex_segment_base.cc:103] createMutableVertexRowIndex --------- commit_key 4.test.ns.g1.job_reuse_label_4.10.snapshot-vtx-row-index
I20240702 04:28:52.531491 2107500 vertex_segment_base.cc:103] createMutableVertexRowIndex --------- commit_key 4.test.ns.g1.job_reuse_label_4.22.snapshot-vtx-row-index
I20240702 04:28:52.531831 2107497 vertex_segment_base.cc:103] createMutableVertexRowIndex --------- commit_key 4.test.ns.g1.job_reuse_label_4.9.snapshot-vtx-row-index
I20240702 04:28:52.532177 2107493 vertex_segment_base.cc:103] createMutableVertexRowIndex --------- commit_key 4.test.ns.g1.job_reuse_label_4.19.snapshot-vtx-row-index
I20240702 04:28:52.532554 2107494 vertex_segment_base.cc:103] createMutableVertexRowIndex --------- commit_key 4.test.ns.g1.job_reuse_label_4.6.snapshot-vtx-row-index
I20240702 04:28:52.532884 2107500 vertex_segment_base.cc:103] createMutableVertexRowIndex --------- commit_key 4.test.ns.g1.job_reuse_label_4.16.snapshot-vtx-row-index
I20240702 04:28:52.533259 2107497 vertex_segment_base.cc:103] createMutableVertexRowIndex --------- commit_key 4.test.ns.g1.job_reuse_label_4.3.snapshot-vtx-row-index
I20240702 04:28:52.533329 2107497 vertex_import_write_exec_task.cc:140] ============================================ VertexImportWriteExecTask schema
ROW<pkey:INTEGER,int32:INTEGER,str:VARCHAR,float64:DOUBLE>
I20240702 04:28:52.538722 2107493 graph_storage_service2.cc:344] Received get task status request for job_id: 4, task_id: 52 task_status: pending { } call id: 36288178683957
I20240702 04:28:52.538839 2107803 graph_storage_service2.cc:276] Getting task status for Task: 4_52 task_status: running { } call id: 36288178683957
I20240702 04:28:52.538878 2107803 graph_storage_service2.cc:291] Get task status success for Task: 4_52 task_status: running { } call id: 36288178683957 latency: 0ms.
I20240702 04:28:52.539378 2107494 graph_storage_service2.cc:344] Received get task status request for job_id: 4, task_id: 52 task_status: running { } call id: 12124692676661
I20240702 04:28:52.550536 2107500 state_machine-inl.h:201] fireStateChanged VeloxExecTask state changed to 1
I20240702 04:28:52.550853 2107500 vertex_import_read_exec_task.cc:125] ============================================ exchange schema
ROW<pkey:INTEGER,int32:INTEGER,str:VARCHAR,float64:DOUBLE>
I20240702 04:28:52.552615 2107497 graph_storage_service2.cc:344] Received get task status request for job_id: 4, task_id: 50 task_status: pending { } call id: 4445291151417
I20240702 04:28:52.552726 2107803 graph_storage_service2.cc:276] Getting task status for Task: 4_50 task_status: running { } call id: 4445291151417
I20240702 04:28:52.552779 2107803 graph_storage_service2.cc:291] Get task status success for Task: 4_50 task_status: running { } call id: 4445291151417 latency: 0ms.
I20240702 04:28:52.553371 2107493 graph_storage_service2.cc:344] Received get task status request for job_id: 4, task_id: 50 task_status: running { } call id: 33024003538949
I20240702 04:28:52.563115 2107744 Task.cpp:983] All drivers (10) finished for task brpc://127.0.0.1:55537/task/4-vertex-import-read/0 after running for 12 ms.
I20240702 04:28:52.610411 2107499 Task.cpp:1665] Terminating task brpc://127.0.0.1:55537/task/4-vertex-import-read/0 with state Finished after running for 59 ms.
I20240702 04:28:52.610503 2107745 state_machine-inl.h:201] fireStateChanged VeloxExecTask state changed to 2
I20240702 04:28:52.610782 2107803 graph_storage_service2.cc:276] Getting task status for Task: 4_50 task_status: finished { } call id: 33024003538949
I20240702 04:28:52.610841 2107803 graph_storage_service2.cc:291] Get task status success for Task: 4_50 task_status: finished { } call id: 33024003538949 latency: 57ms.
I20240702 04:28:52.685446 2107740 Task.cpp:983] All drivers (1) finished for task local://localhost:0/task/4-vertex-import-write/11 after running for 150 ms.
I20240702 04:28:52.685617 2107740 Task.cpp:1665] Terminating task local://localhost:0/task/4-vertex-import-write/11 with state Finished after running for 150 ms.
I20240702 04:28:52.686131 2107741 Task.cpp:983] All drivers (1) finished for task local://localhost:0/task/4-vertex-import-write/28 after running for 152 ms.
I20240702 04:28:52.686174 2107741 Task.cpp:1665] Terminating task local://localhost:0/task/4-vertex-import-write/28 with state Finished after running for 152 ms.
I20240702 04:28:52.688485 2107746 Task.cpp:983] All drivers (1) finished for task local://localhost:0/task/4-vertex-import-write/9 after running for 152 ms.
I20240702 04:28:52.688551 2107746 Task.cpp:1665] Terminating task local://localhost:0/task/4-vertex-import-write/9 with state Finished after running for 152 ms.
I20240702 04:28:52.690339 2107750 Task.cpp:983] All drivers (1) finished for task local://localhost:0/task/4-vertex-import-write/6 after running for 153 ms.
I20240702 04:28:52.690392 2107750 Task.cpp:1665] Terminating task local://localhost:0/task/4-vertex-import-write/6 with state Finished after running for 153 ms.
I20240702 04:28:52.692173 2107743 Task.cpp:983] All drivers (1) finished for task local://localhost:0/task/4-vertex-import-write/18 after running for 158 ms.
I20240702 04:28:52.692507 2107743 Task.cpp:1665] Terminating task local://localhost:0/task/4-vertex-import-write/18 with state Finished after running for 158 ms.
I20240702 04:28:52.693672 2107747 Task.cpp:983] All drivers (1) finished for task local://localhost:0/task/4-vertex-import-write/23 after running for 158 ms.
I20240702 04:28:52.693687 2107748 Task.cpp:983] All drivers (1) finished for task local://localhost:0/task/4-vertex-import-write/22 after running for 157 ms.
I20240702 04:28:52.693737 2107747 Task.cpp:1665] Terminating task local://localhost:0/task/4-vertex-import-write/23 with state Finished after running for 158 ms.
I20240702 04:28:52.693754 2107748 Task.cpp:1665] Terminating task local://localhost:0/task/4-vertex-import-write/22 with state Finished after running for 157 ms.
I20240702 04:28:52.694568 2107764 Task.cpp:983] All drivers (1) finished for task local://localhost:0/task/4-vertex-import-write/30 after running for 161 ms.
I20240702 04:28:52.694613 2107764 Task.cpp:1665] Terminating task local://localhost:0/task/4-vertex-import-write/30 with state Finished after running for 161 ms.
I20240702 04:28:52.694859 2107739 Task.cpp:983] All drivers (1) finished for task local://localhost:0/task/4-vertex-import-write/10 after running for 159 ms.
I20240702 04:28:52.694902 2107739 Task.cpp:1665] Terminating task local://localhost:0/task/4-vertex-import-write/10 with state Finished after running for 159 ms.
I20240702 04:28:52.696856 2107744 Task.cpp:983] All drivers (1) finished for task local://localhost:0/task/4-vertex-import-write/3 after running for 158 ms.
I20240702 04:28:52.696902 2107744 Task.cpp:1665] Terminating task local://localhost:0/task/4-vertex-import-write/3 with state Finished after running for 158 ms.
I20240702 04:28:52.697044 2107742 Task.cpp:983] All drivers (1) finished for task local://localhost:0/task/4-vertex-import-write/19 after running for 160 ms.
I20240702 04:28:52.697089 2107742 Task.cpp:1665] Terminating task local://localhost:0/task/4-vertex-import-write/19 with state Finished after running for 160 ms.
I20240702 04:28:52.697095 2107738 Task.cpp:983] All drivers (1) finished for task local://localhost:0/task/4-vertex-import-write/16 after running for 160 ms.
I20240702 04:28:52.697131 2107738 Task.cpp:1665] Terminating task local://localhost:0/task/4-vertex-import-write/16 with state Finished after running for 160 ms.
I20240702 04:28:52.697875 2107749 Task.cpp:983] All drivers (1) finished for task local://localhost:0/task/4-vertex-import-write/31 after running for 163 ms.
I20240702 04:28:52.697911 2107749 Task.cpp:1665] Terminating task local://localhost:0/task/4-vertex-import-write/31 with state Finished after running for 163 ms.
I20240702 04:28:52.703624 2107742 meta_service_client.cc:729] Successfully submitImportJobFiles
I20240702 04:28:52.703764 2107742 state_machine-inl.h:201] fireStateChanged VeloxExecTask state changed to 2
I20240702 04:28:52.703899 2107803 graph_storage_service2.cc:276] Getting task status for Task: 4_52 task_status: finished { } call id: 12124692676661
I20240702 04:28:52.703979 2107803 graph_storage_service2.cc:291] Get task status success for Task: 4_52 task_status: finished { } call id: 12124692676661 latency: 164ms.
I20240702 04:28:53.717906 2107490 local_data_manager.cc:71] Successfully updated the vertex id index for job 4 with snapshot id: 1
I20240702 04:28:53.717986 2107490 local_data_manager.cc:71] Successfully updated the vertex id index for job 4 with snapshot id: 1
I20240702 04:28:53.718016 2107490 local_data_manager.cc:71] Successfully updated the vertex id index for job 4 with snapshot id: 1
I20240702 04:28:53.718046 2107490 local_data_manager.cc:71] Successfully updated the vertex id index for job 4 with snapshot id: 1
I20240702 04:28:53.718071 2107490 local_data_manager.cc:71] Successfully updated the vertex id index for job 4 with snapshot id: 1
I20240702 04:28:53.718106 2107490 local_data_manager.cc:71] Successfully updated the vertex id index for job 4 with snapshot id: 1
I20240702 04:28:53.718145 2107490 local_data_manager.cc:71] Successfully updated the vertex id index for job 4 with snapshot id: 1
I20240702 04:28:53.718171 2107490 local_data_manager.cc:71] Successfully updated the vertex id index for job 4 with snapshot id: 1
I20240702 04:28:53.718201 2107490 local_data_manager.cc:71] Successfully updated the vertex id index for job 4 with snapshot id: 1
I20240702 04:28:53.718226 2107490 local_data_manager.cc:71] Successfully updated the vertex id index for job 4 with snapshot id: 1
I20240702 04:28:53.718250 2107490 local_data_manager.cc:71] Successfully updated the vertex id index for job 4 with snapshot id: 1
I20240702 04:28:53.718272 2107490 local_data_manager.cc:71] Successfully updated the vertex id index for job 4 with snapshot id: 1
I20240702 04:28:53.718302 2107490 local_data_manager.cc:71] Successfully updated the vertex id index for job 4 with snapshot id: 1
I20240702 04:29:00.503576 2107490 state_machine-inl.h:201] fireStateChanged VeloxExecTask state changed to 1
I20240702 04:29:00.504716 2107485 vertex_segment_base.cc:86] createMutableVertexIdIndex --------- commit_key 5.test.ns.g1.job_reuse_label_5.30.snapshot-vid-index
I20240702 04:29:00.505159 2107499 vertex_segment_base.cc:86] createMutableVertexIdIndex --------- commit_key 5.test.ns.g1.job_reuse_label_5.28.snapshot-vid-index
I20240702 04:29:00.505599 2107490 vertex_segment_base.cc:86] createMutableVertexIdIndex --------- commit_key 5.test.ns.g1.job_reuse_label_5.31.snapshot-vid-index
I20240702 04:29:00.505996 2107491 vertex_segment_base.cc:86] createMutableVertexIdIndex --------- commit_key 5.test.ns.g1.job_reuse_label_5.18.snapshot-vid-index
I20240702 04:29:00.506423 2107489 vertex_segment_base.cc:86] createMutableVertexIdIndex --------- commit_key 5.test.ns.g1.job_reuse_label_5.11.snapshot-vid-index
I20240702 04:29:00.506785 2107485 vertex_segment_base.cc:86] createMutableVertexIdIndex --------- commit_key 5.test.ns.g1.job_reuse_label_5.23.snapshot-vid-index
I20240702 04:29:00.507174 2107499 vertex_segment_base.cc:86] createMutableVertexIdIndex --------- commit_key 5.test.ns.g1.job_reuse_label_5.10.snapshot-vid-index
I20240702 04:29:00.507562 2107490 vertex_segment_base.cc:86] createMutableVertexIdIndex --------- commit_key 5.test.ns.g1.job_reuse_label_5.22.snapshot-vid-index
I20240702 04:29:00.507915 2107491 vertex_segment_base.cc:86] createMutableVertexIdIndex --------- commit_key 5.test.ns.g1.job_reuse_label_5.9.snapshot-vid-index
I20240702 04:29:00.508348 2107489 vertex_segment_base.cc:86] createMutableVertexIdIndex --------- commit_key 5.test.ns.g1.job_reuse_label_5.19.snapshot-vid-index
I20240702 04:29:00.508706 2107485 vertex_segment_base.cc:86] createMutableVertexIdIndex --------- commit_key 5.test.ns.g1.job_reuse_label_5.6.snapshot-vid-index
I20240702 04:29:00.509096 2107499 vertex_segment_base.cc:86] createMutableVertexIdIndex --------- commit_key 5.test.ns.g1.job_reuse_label_5.16.snapshot-vid-index
I20240702 04:29:00.509479 2107490 vertex_segment_base.cc:86] createMutableVertexIdIndex --------- commit_key 5.test.ns.g1.job_reuse_label_5.3.snapshot-vid-index
