I20240702 04:29:17.543043 2107724 Task.cpp:983] All drivers (10) finished for task brpc://127.0.0.1:55535/task/8-vertex-import-read/0 after running for 8 ms.
I20240702 04:29:17.570602 2107727 Task.cpp:1665] Terminating task brpc://127.0.0.1:55535/task/8-vertex-import-read/0 with state Finished after running for 35 ms.
I20240702 04:29:17.570722 2107726 state_machine-inl.h:201] fireStateChanged VeloxExecTask state changed to 2
I20240702 04:29:17.571442 2107804 graph_storage_service2.cc:276] Getting task status for Task: 8_97 task_status: finished { } call id: 35240206663689
I20240702 04:29:17.571529 2107804 graph_storage_service2.cc:291] Get task status success for Task: 8_97 task_status: finished { } call id: 35240206663689 latency: 34ms.
I20240702 04:29:17.627357 2107772 Task.cpp:983] All drivers (1) finished for task local://localhost:0/task/8-vertex-import-write/7 after running for 122 ms.
I20240702 04:29:17.627440 2107772 Task.cpp:1665] Terminating task local://localhost:0/task/8-vertex-import-write/7 with state Finished after running for 122 ms.
I20240702 04:29:17.649093 2107727 Task.cpp:983] All drivers (1) finished for task local://localhost:0/task/8-vertex-import-write/0 after running for 141 ms.
I20240702 04:29:17.649149 2107727 Task.cpp:1665] Terminating task local://localhost:0/task/8-vertex-import-write/0 with state Finished after running for 141 ms.
I20240702 04:29:17.650296 2107773 Task.cpp:983] All drivers (1) finished for task local://localhost:0/task/8-vertex-import-write/20 after running for 146 ms.
I20240702 04:29:17.650352 2107773 Task.cpp:1665] Terminating task local://localhost:0/task/8-vertex-import-write/20 with state Finished after running for 146 ms.
I20240702 04:29:17.653599 2107775 Task.cpp:983] All drivers (1) finished for task local://localhost:0/task/8-vertex-import-write/21 after running for 149 ms.
I20240702 04:29:17.653631 2107774 Task.cpp:983] All drivers (1) finished for task local://localhost:0/task/8-vertex-import-write/14 after running for 147 ms.
I20240702 04:29:17.653653 2107775 Task.cpp:1665] Terminating task local://localhost:0/task/8-vertex-import-write/21 with state Finished after running for 149 ms.
I20240702 04:29:17.653679 2107774 Task.cpp:1665] Terminating task local://localhost:0/task/8-vertex-import-write/14 with state Finished after running for 147 ms.
I20240702 04:29:17.653975 2107720 Task.cpp:983] All drivers (1) finished for task local://localhost:0/task/8-vertex-import-write/8 after running for 150 ms.
I20240702 04:29:17.654021 2107720 Task.cpp:1665] Terminating task local://localhost:0/task/8-vertex-import-write/8 with state Finished after running for 150 ms.
I20240702 04:29:17.654337 2107723 Task.cpp:983] All drivers (1) finished for task local://localhost:0/task/8-vertex-import-write/15 after running for 149 ms.
I20240702 04:29:17.654367 2107723 Task.cpp:1665] Terminating task local://localhost:0/task/8-vertex-import-write/15 with state Finished after running for 149 ms.
I20240702 04:29:17.655609 2107728 Task.cpp:983] All drivers (1) finished for task local://localhost:0/task/8-vertex-import-write/1 after running for 148 ms.
I20240702 04:29:17.655654 2107728 Task.cpp:1665] Terminating task local://localhost:0/task/8-vertex-import-write/1 with state Finished after running for 148 ms.
I20240702 04:29:17.656193 2107721 Task.cpp:983] All drivers (1) finished for task local://localhost:0/task/8-vertex-import-write/13 after running for 149 ms.
I20240702 04:29:17.656451 2107721 Task.cpp:1665] Terminating task local://localhost:0/task/8-vertex-import-write/13 with state Finished after running for 149 ms.
I20240702 04:29:17.657191 2107726 Task.cpp:983] All drivers (1) finished for task local://localhost:0/task/8-vertex-import-write/2 after running for 152 ms.
I20240702 04:29:17.657227 2107726 Task.cpp:1665] Terminating task local://localhost:0/task/8-vertex-import-write/2 with state Finished after running for 152 ms.
I20240702 04:29:17.657847 2107730 Task.cpp:983] All drivers (1) finished for task local://localhost:0/task/8-vertex-import-write/27 after running for 151 ms.
I20240702 04:29:17.657881 2107730 Task.cpp:1665] Terminating task local://localhost:0/task/8-vertex-import-write/27 with state Finished after running for 151 ms.
I20240702 04:29:17.663095 2107731 Task.cpp:983] All drivers (1) finished for task local://localhost:0/task/8-vertex-import-write/26 after running for 156 ms.
I20240702 04:29:17.663141 2107731 Task.cpp:1665] Terminating task local://localhost:0/task/8-vertex-import-write/26 with state Finished after running for 156 ms.
I20240702 04:29:17.669176 2107727 meta_service_client.cc:729] Successfully submitImportJobFiles
I20240702 04:29:17.669313 2107727 state_machine-inl.h:201] fireStateChanged VeloxExecTask state changed to 2
I20240702 04:29:17.669463 2107804 graph_storage_service2.cc:276] Getting task status for Task: 8_101 task_status: finished { } call id: 31984621453345
I20240702 04:29:17.669517 2107804 graph_storage_service2.cc:291] Get task status success for Task: 8_101 task_status: finished { } call id: 31984621453345 latency: 160ms.
I20240702 04:29:17.762290 2107348 local_data_manager.cc:71] Successfully updated the vertex id index for job 8 with snapshot id: 1
I20240702 04:29:17.762346 2107348 local_data_manager.cc:71] Successfully updated the vertex id index for job 8 with snapshot id: 1
I20240702 04:29:17.762374 2107348 local_data_manager.cc:71] Successfully updated the vertex id index for job 8 with snapshot id: 1
I20240702 04:29:17.762398 2107348 local_data_manager.cc:71] Successfully updated the vertex id index for job 8 with snapshot id: 1
I20240702 04:29:17.762431 2107348 local_data_manager.cc:71] Successfully updated the vertex id index for job 8 with snapshot id: 1
I20240702 04:29:17.762456 2107348 local_data_manager.cc:71] Successfully updated the vertex id index for job 8 with snapshot id: 1
I20240702 04:29:17.762480 2107348 local_data_manager.cc:71] Successfully updated the vertex id index for job 8 with snapshot id: 1
I20240702 04:29:17.762512 2107348 local_data_manager.cc:71] Successfully updated the vertex id index for job 8 with snapshot id: 1
I20240702 04:29:17.762535 2107348 local_data_manager.cc:71] Successfully updated the vertex id index for job 8 with snapshot id: 1
I20240702 04:29:17.762564 2107348 local_data_manager.cc:71] Successfully updated the vertex id index for job 8 with snapshot id: 1
I20240702 04:29:17.762589 2107348 local_data_manager.cc:71] Successfully updated the vertex id index for job 8 with snapshot id: 1
I20240702 04:29:17.762612 2107348 local_data_manager.cc:71] Successfully updated the vertex id index for job 8 with snapshot id: 1
I20240702 04:29:18.566161 2107348 state_machine-inl.h:201] fireStateChanged VeloxExecTask state changed to 1
I20240702 04:29:18.567034 2107331 edge_segment_base.cc:68] createMutableEdgeRowIndex --------- commit_key 9.test.ns.g1.__internal_anonymous_reverse_edge_label_job_reuse_label_7.0.snapshot-edge-row-index
I20240702 04:29:18.567466 2107347 edge_segment_base.cc:68] createMutableEdgeRowIndex --------- commit_key 9.test.ns.g1.__internal_anonymous_reverse_edge_label_job_reuse_label_7.1.snapshot-edge-row-index
I20240702 04:29:18.567876 2107350 edge_segment_base.cc:68] createMutableEdgeRowIndex --------- commit_key 9.test.ns.g1.__internal_anonymous_reverse_edge_label_job_reuse_label_7.2.snapshot-edge-row-index
I20240702 04:29:18.568284 2107335 edge_segment_base.cc:68] createMutableEdgeRowIndex --------- commit_key 9.test.ns.g1.__internal_anonymous_reverse_edge_label_job_reuse_label_7.7.snapshot-edge-row-index
I20240702 04:29:18.568682 2107346 edge_segment_base.cc:68] createMutableEdgeRowIndex --------- commit_key 9.test.ns.g1.__internal_anonymous_reverse_edge_label_job_reuse_label_7.8.snapshot-edge-row-index
I20240702 04:29:18.569097 2107348 edge_segment_base.cc:68] createMutableEdgeRowIndex --------- commit_key 9.test.ns.g1.__internal_anonymous_reverse_edge_label_job_reuse_label_7.13.snapshot-edge-row-index
I20240702 04:29:18.569463 2107331 edge_segment_base.cc:68] createMutableEdgeRowIndex --------- commit_key 9.test.ns.g1.__internal_anonymous_reverse_edge_label_job_reuse_label_7.14.snapshot-edge-row-index
I20240702 04:29:18.569809 2107347 edge_segment_base.cc:68] createMutableEdgeRowIndex --------- commit_key 9.test.ns.g1.__internal_anonymous_reverse_edge_label_job_reuse_label_7.15.snapshot-edge-row-index
I20240702 04:29:18.570112 2107350 edge_segment_base.cc:68] createMutableEdgeRowIndex --------- commit_key 9.test.ns.g1.__internal_anonymous_reverse_edge_label_job_reuse_label_7.20.snapshot-edge-row-index
I20240702 04:29:18.570521 2107335 edge_segment_base.cc:68] createMutableEdgeRowIndex --------- commit_key 9.test.ns.g1.__internal_anonymous_reverse_edge_label_job_reuse_label_7.21.snapshot-edge-row-index
I20240702 04:29:18.570904 2107346 edge_segment_base.cc:68] createMutableEdgeRowIndex --------- commit_key 9.test.ns.g1.__internal_anonymous_reverse_edge_label_job_reuse_label_7.26.snapshot-edge-row-index
I20240702 04:29:18.571322 2107348 edge_segment_base.cc:68] createMutableEdgeRowIndex --------- commit_key 9.test.ns.g1.__internal_anonymous_reverse_edge_label_job_reuse_label_7.27.snapshot-edge-row-index
I20240702 04:29:18.571393 2107348 edge_import_write_exec_task.cc:153] =========================== exchange schema ===========================
ROW<__srcid__:BIGINT,__dstid__:BIGINT,int32:INTEGER,float64:DOUBLE>
I20240702 04:29:18.575965 2107331 graph_storage_service2.cc:344] Received get task status request for job_id: 9, task_id: 116 task_status: pending { } call id: 17708150161465
I20240702 04:29:18.576100 2107804 graph_storage_service2.cc:276] Getting task status for Task: 9_116 task_status: running { } call id: 17708150161465
I20240702 04:29:18.576136 2107804 graph_storage_service2.cc:291] Get task status success for Task: 9_116 task_status: running { } call id: 17708150161465 latency: 1ms.
I20240702 04:29:18.576627 2107347 graph_storage_service2.cc:344] Received get task status request for job_id: 9, task_id: 116 task_status: running { } call id: 32001801322521
I20240702 04:29:18.593713 2107346 state_machine-inl.h:201] fireStateChanged VeloxExecTask state changed to 1
I20240702 04:29:18.594475 2107348 edge_segment_base.cc:68] createMutableEdgeRowIndex --------- commit_key 9.test.ns.g1.job_reuse_label_7.0.snapshot-edge-row-index
I20240702 04:29:18.594898 2107331 edge_segment_base.cc:68] createMutableEdgeRowIndex --------- commit_key 9.test.ns.g1.job_reuse_label_7.1.snapshot-edge-row-index
I20240702 04:29:18.595320 2107347 edge_segment_base.cc:68] createMutableEdgeRowIndex --------- commit_key 9.test.ns.g1.job_reuse_label_7.2.snapshot-edge-row-index
I20240702 04:29:18.595753 2107350 edge_segment_base.cc:68] createMutableEdgeRowIndex --------- commit_key 9.test.ns.g1.job_reuse_label_7.7.snapshot-edge-row-index
I20240702 04:29:18.596118 2107335 edge_segment_base.cc:68] createMutableEdgeRowIndex --------- commit_key 9.test.ns.g1.job_reuse_label_7.8.snapshot-edge-row-index
I20240702 04:29:18.596570 2107346 edge_segment_base.cc:68] createMutableEdgeRowIndex --------- commit_key 9.test.ns.g1.job_reuse_label_7.13.snapshot-edge-row-index
I20240702 04:29:18.597082 2107348 edge_segment_base.cc:68] createMutableEdgeRowIndex --------- commit_key 9.test.ns.g1.job_reuse_label_7.14.snapshot-edge-row-index
I20240702 04:29:18.597471 2107331 edge_segment_base.cc:68] createMutableEdgeRowIndex --------- commit_key 9.test.ns.g1.job_reuse_label_7.15.snapshot-edge-row-index
I20240702 04:29:18.597976 2107347 edge_segment_base.cc:68] createMutableEdgeRowIndex --------- commit_key 9.test.ns.g1.job_reuse_label_7.20.snapshot-edge-row-index
I20240702 04:29:18.598414 2107350 edge_segment_base.cc:68] createMutableEdgeRowIndex --------- commit_key 9.test.ns.g1.job_reuse_label_7.21.snapshot-edge-row-index
I20240702 04:29:18.598843 2107335 edge_segment_base.cc:68] createMutableEdgeRowIndex --------- commit_key 9.test.ns.g1.job_reuse_label_7.26.snapshot-edge-row-index
I20240702 04:29:18.599326 2107346 edge_segment_base.cc:68] createMutableEdgeRowIndex --------- commit_key 9.test.ns.g1.job_reuse_label_7.27.snapshot-edge-row-index
I20240702 04:29:18.599392 2107346 edge_import_write_exec_task.cc:153] =========================== exchange schema ===========================
ROW<__srcid__:BIGINT,__dstid__:BIGINT,int32:INTEGER,float64:DOUBLE>
I20240702 04:29:18.604678 2107348 graph_storage_service2.cc:344] Received get task status request for job_id: 9, task_id: 113 task_status: pending { } call id: 6717328850961
I20240702 04:29:18.604796 2107804 graph_storage_service2.cc:276] Getting task status for Task: 9_113 task_status: running { } call id: 6717328850961
I20240702 04:29:18.604840 2107804 graph_storage_service2.cc:291] Get task status success for Task: 9_113 task_status: running { } call id: 6717328850961 latency: 0ms.
I20240702 04:29:18.605404 2107331 graph_storage_service2.cc:344] Received get task status request for job_id: 9, task_id: 113 task_status: running { } call id: 33101312950317
I20240702 04:29:18.635030 2107347 state_machine-inl.h:201] fireStateChanged VeloxExecTask state changed to 1
E20240702 04:29:18.635278 2107347 edge_import_read_exec_task.cc:102] int32, 2
E20240702 04:29:18.635399 2107347 edge_import_read_exec_task.cc:102] float64, 3
I20240702 04:29:18.636047 2107347 edge_import_read_exec_task.cc:204] ======================= exchange schema =======================
ROW<__srcid__:BIGINT,__dstid__:BIGINT,int32:INTEGER,float64:DOUBLE>
ROW<__srcid__:BIGINT,__dstid__:BIGINT,int32:INTEGER,float64:DOUBLE>
I20240702 04:29:18.650552 2107348 graph_storage_service2.cc:344] Received get task status request for job_id: 9, task_id: 109 task_status: pending { } call id: 16617228468241
I20240702 04:29:18.650673 2107804 graph_storage_service2.cc:276] Getting task status for Task: 9_109 task_status: running { } call id: 16617228468241
I20240702 04:29:18.650713 2107804 graph_storage_service2.cc:291] Get task status success for Task: 9_109 task_status: running { } call id: 16617228468241 latency: 0ms.
I20240702 04:29:18.651383 2107348 graph_storage_service2.cc:344] Received get task status request for job_id: 9, task_id: 109 task_status: running { } call id: 16617228468245
I20240702 04:29:18.673472 2107729 Task.cpp:983] All drivers (10) finished for task brpc://127.0.0.1:55535/task/9-edge-import-read-load/ after running for 25 ms.
I20240702 04:29:18.673520 2107729 Task.cpp:1665] Terminating task brpc://127.0.0.1:55535/task/9-edge-import-read-load/ with state Finished after running for 25 ms.
I20240702 04:29:18.690625 2107724 Task.cpp:983] All drivers (64) finished for task brpc://127.0.0.1:55535/task/9-edge-import-read-forward/0 after running for 54 ms.
I20240702 04:29:18.690770 2107343 Task.cpp:1665] Terminating task brpc://127.0.0.1:55535/task/9-edge-import-read-forward/0 with state Finished after running for 54 ms.
I20240702 04:29:18.699322 2107725 Task.cpp:983] All drivers (64) finished for task brpc://127.0.0.1:55535/task/9-edge-import-read-reverse/0 after running for 57 ms.
I20240702 04:29:18.732892 2107725 Task.cpp:983] All drivers (1) finished for task 9-edge-import-write-forward0 after running for 132 ms.
I20240702 04:29:18.732975 2107725 Task.cpp:1665] Terminating task 9-edge-import-write-forward0 with state Finished after running for 132 ms.
I20240702 04:29:18.733183 2107724 Task.cpp:983] All drivers (1) finished for task 9-edge-import-write-forward1 after running for 133 ms.
I20240702 04:29:18.733220 2107724 Task.cpp:1665] Terminating task 9-edge-import-write-forward1 with state Finished after running for 133 ms.
I20240702 04:29:18.736388 2107337 Task.cpp:1665] Terminating task brpc://127.0.0.1:55535/task/9-edge-import-read-reverse/0 with state Finished after running for 94 ms.
I20240702 04:29:18.739200 2107729 Task.cpp:983] All drivers (1) finished for task 9-edge-import-write-forward2 after running for 139 ms.
I20240702 04:29:18.739245 2107729 Task.cpp:1665] Terminating task 9-edge-import-write-forward2 with state Finished after running for 139 ms.
I20240702 04:29:18.746567 2107722 Task.cpp:983] All drivers (1) finished for task 9-edge-import-write-forward8 after running for 145 ms.
I20240702 04:29:18.746614 2107722 Task.cpp:1665] Terminating task 9-edge-import-write-forward8 with state Finished after running for 145 ms.
I20240702 04:29:18.793463 2107727 Task.cpp:983] All drivers (1) finished for task 9-edge-import-write-forward26 after running for 190 ms.
I20240702 04:29:18.793529 2107727 Task.cpp:1665] Terminating task 9-edge-import-write-forward26 with state Finished after running for 190 ms.
I20240702 04:29:18.793951 2107727 state_machine-inl.h:201] fireStateChanged VeloxExecTask state changed to 2
I20240702 04:29:18.794652 2107804 graph_storage_service2.cc:276] Getting task status for Task: 9_109 task_status: finished { } call id: 16617228468245
I20240702 04:29:18.794736 2107804 graph_storage_service2.cc:291] Get task status success for Task: 9_109 task_status: finished { } call id: 16617228468245 latency: 143ms.
I20240702 04:29:18.800890 2107731 Task.cpp:983] All drivers (1) finished for task 9-edge-import-write-forward14 after running for 198 ms.
I20240702 04:29:18.800982 2107731 Task.cpp:1665] Terminating task 9-edge-import-write-forward14 with state Finished after running for 199 ms.
I20240702 04:29:18.805713 2107773 Task.cpp:983] All drivers (1) finished for task 9-edge-import-write-forward21 after running for 202 ms.
I20240702 04:29:18.805771 2107773 Task.cpp:1665] Terminating task 9-edge-import-write-forward21 with state Finished after running for 202 ms.
I20240702 04:29:18.816591 2107730 Task.cpp:983] All drivers (1) finished for task 9-edge-import-write-forward7 after running for 215 ms.
I20240702 04:29:18.816633 2107730 Task.cpp:1665] Terminating task 9-edge-import-write-forward7 with state Finished after running for 215 ms.
I20240702 04:29:18.818415 2107721 Task.cpp:983] All drivers (1) finished for task 9-edge-import-write-reverse15 after running for 244 ms.
I20240702 04:29:18.819077 2107726 Task.cpp:983] All drivers (1) finished for task 9-edge-import-write-forward27 after running for 215 ms.
I20240702 04:29:18.819126 2107726 Task.cpp:1665] Terminating task 9-edge-import-write-forward27 with state Finished after running for 215 ms.
I20240702 04:29:18.819808 2107772 Task.cpp:983] All drivers (1) finished for task 9-edge-import-write-forward15 after running for 217 ms.
I20240702 04:29:18.819849 2107772 Task.cpp:1665] Terminating task 9-edge-import-write-forward15 with state Finished after running for 217 ms.
I20240702 04:29:18.819976 2107721 Task.cpp:1665] Terminating task 9-edge-import-write-reverse15 with state Finished after running for 246 ms.
I20240702 04:29:18.826115 2107720 Task.cpp:983] All drivers (1) finished for task 9-edge-import-write-forward13 after running for 224 ms.
I20240702 04:29:18.826148 2107775 Task.cpp:983] All drivers (1) finished for task 9-edge-import-write-reverse7 after running for 253 ms.
I20240702 04:29:18.826172 2107720 Task.cpp:1665] Terminating task 9-edge-import-write-forward13 with state Finished after running for 224 ms.
I20240702 04:29:18.826189 2107775 Task.cpp:1665] Terminating task 9-edge-import-write-reverse7 with state Finished after running for 253 ms.
I20240702 04:29:18.828811 2107725 Task.cpp:983] All drivers (1) finished for task 9-edge-import-write-reverse27 after running for 253 ms.
I20240702 04:29:18.828861 2107725 Task.cpp:1665] Terminating task 9-edge-import-write-reverse27 with state Finished after running for 253 ms.
I20240702 04:29:18.831069 2107774 Task.cpp:983] All drivers (1) finished for task 9-edge-import-write-reverse13 after running for 258 ms.
I20240702 04:29:18.831111 2107774 Task.cpp:1665] Terminating task 9-edge-import-write-reverse13 with state Finished after running for 258 ms.
I20240702 04:29:18.834395 2107724 Task.cpp:983] All drivers (1) finished for task 9-edge-import-write-reverse21 after running for 260 ms.
I20240702 04:29:18.834446 2107724 Task.cpp:1665] Terminating task 9-edge-import-write-reverse21 with state Finished after running for 260 ms.
I20240702 04:29:18.836273 2107728 Task.cpp:983] All drivers (1) finished for task 9-edge-import-write-reverse1 after running for 264 ms.
I20240702 04:29:18.836320 2107728 Task.cpp:1665] Terminating task 9-edge-import-write-reverse1 with state Finished after running for 264 ms.
I20240702 04:29:18.836565 2107723 Task.cpp:983] All drivers (1) finished for task 9-edge-import-write-forward20 after running for 233 ms.
I20240702 04:29:18.836581 2107729 Task.cpp:983] All drivers (1) finished for task 9-edge-import-write-reverse8 after running for 263 ms.
I20240702 04:29:18.836614 2107723 Task.cpp:1665] Terminating task 9-edge-import-write-forward20 with state Finished after running for 233 ms.
I20240702 04:29:18.836627 2107729 Task.cpp:1665] Terminating task 9-edge-import-write-reverse8 with state Finished after running for 263 ms.
I20240702 04:29:18.838824 2107722 Task.cpp:983] All drivers (1) finished for task 9-edge-import-write-reverse14 after running for 265 ms.
I20240702 04:29:18.838871 2107722 Task.cpp:1665] Terminating task 9-edge-import-write-reverse14 with state Finished after running for 265 ms.
I20240702 04:29:18.843394 2107727 Task.cpp:983] All drivers (1) finished for task 9-edge-import-write-reverse26 after running for 268 ms.
I20240702 04:29:18.843441 2107727 Task.cpp:1665] Terminating task 9-edge-import-write-reverse26 with state Finished after running for 268 ms.
I20240702 04:29:18.845047 2107731 Task.cpp:983] All drivers (1) finished for task 9-edge-import-write-reverse2 after running for 273 ms.
I20240702 04:29:18.845091 2107731 Task.cpp:1665] Terminating task 9-edge-import-write-reverse2 with state Finished after running for 273 ms.
I20240702 04:29:18.846047 2107773 Task.cpp:983] All drivers (1) finished for task 9-edge-import-write-reverse0 after running for 274 ms.
I20240702 04:29:18.846094 2107773 Task.cpp:1665] Terminating task 9-edge-import-write-reverse0 with state Finished after running for 274 ms.
I20240702 04:29:18.848588 2107725 meta_service_client.cc:729] Successfully submitImportJobFiles
I20240702 04:29:18.848740 2107725 state_machine-inl.h:201] fireStateChanged VeloxExecTask state changed to 2
I20240702 04:29:18.848889 2107804 graph_storage_service2.cc:276] Getting task status for Task: 9_113 task_status: finished { } call id: 33101312950317
I20240702 04:29:18.848984 2107804 graph_storage_service2.cc:291] Get task status success for Task: 9_113 task_status: finished { } call id: 33101312950317 latency: 243ms.
I20240702 04:29:18.849496 2107730 Task.cpp:983] All drivers (1) finished for task 9-edge-import-write-reverse20 after running for 275 ms.
I20240702 04:29:18.849534 2107730 Task.cpp:1665] Terminating task 9-edge-import-write-reverse20 with state Finished after running for 275 ms.
I20240702 04:29:18.855620 2107725 meta_service_client.cc:729] Successfully submitImportJobFiles
I20240702 04:29:18.855731 2107725 state_machine-inl.h:201] fireStateChanged VeloxExecTask state changed to 2
I20240702 04:29:18.855865 2107804 graph_storage_service2.cc:276] Getting task status for Task: 9_116 task_status: finished { } call id: 32001801322521
I20240702 04:29:18.855916 2107804 graph_storage_service2.cc:291] Get task status success for Task: 9_116 task_status: finished { } call id: 32001801322521 latency: 279ms.
I20240702 04:29:26.521471 2107337 state_machine-inl.h:201] fireStateChanged VeloxExecTask state changed to 1
I20240702 04:29:26.522879 2107349 vertex_segment_base.cc:86] createMutableVertexIdIndex --------- commit_key 10.test.ns.g1.vlabel_1_job_reuse_label_8.21.snapshot-vid-index
I20240702 04:29:26.523386 2107332 vertex_segment_base.cc:86] createMutableVertexIdIndex --------- commit_key 10.test.ns.g1.vlabel_1_job_reuse_label_8.8.snapshot-vid-index
I20240702 04:29:26.523871 2107337 vertex_segment_base.cc:86] createMutableVertexIdIndex --------- commit_key 10.test.ns.g1.vlabel_1_job_reuse_label_8.20.snapshot-vid-index
I20240702 04:29:26.524333 2107330 vertex_segment_base.cc:86] createMutableVertexIdIndex --------- commit_key 10.test.ns.g1.vlabel_1_job_reuse_label_8.7.snapshot-vid-index
I20240702 04:29:26.524749 2107343 vertex_segment_base.cc:86] createMutableVertexIdIndex --------- commit_key 10.test.ns.g1.vlabel_1_job_reuse_label_8.15.snapshot-vid-index
I20240702 04:29:26.525166 2107349 vertex_segment_base.cc:86] createMutableVertexIdIndex --------- commit_key 10.test.ns.g1.vlabel_1_job_reuse_label_8.2.snapshot-vid-index
I20240702 04:29:26.525514 2107332 vertex_segment_base.cc:86] createMutableVertexIdIndex --------- commit_key 10.test.ns.g1.vlabel_1_job_reuse_label_8.27.snapshot-vid-index
I20240702 04:29:26.525876 2107337 vertex_segment_base.cc:86] createMutableVertexIdIndex --------- commit_key 10.test.ns.g1.vlabel_1_job_reuse_label_8.14.snapshot-vid-index
I20240702 04:29:26.526260 2107330 vertex_segment_base.cc:86] createMutableVertexIdIndex --------- commit_key 10.test.ns.g1.vlabel_1_job_reuse_label_8.1.snapshot-vid-index
I20240702 04:29:26.526661 2107343 vertex_segment_base.cc:86] createMutableVertexIdIndex --------- commit_key 10.test.ns.g1.vlabel_1_job_reuse_label_8.26.snapshot-vid-index
I20240702 04:29:26.527099 2107349 vertex_segment_base.cc:86] createMutableVertexIdIndex --------- commit_key 10.test.ns.g1.vlabel_1_job_reuse_label_8.13.snapshot-vid-index
I20240702 04:29:26.527475 2107332 vertex_segment_base.cc:86] createMutableVertexIdIndex --------- commit_key 10.test.ns.g1.vlabel_1_job_reuse_label_8.0.snapshot-vid-index
I20240702 04:29:26.527920 2107337 vertex_segment_base.cc:103] createMutableVertexRowIndex --------- commit_key 10.test.ns.g1.vlabel_1_job_reuse_label_8.21.snapshot-vtx-row-index
I20240702 04:29:26.528331 2107330 vertex_segment_base.cc:103] createMutableVertexRowIndex --------- commit_key 10.test.ns.g1.vlabel_1_job_reuse_label_8.8.snapshot-vtx-row-index
I20240702 04:29:26.528707 2107343 vertex_segment_base.cc:103] createMutableVertexRowIndex --------- commit_key 10.test.ns.g1.vlabel_1_job_reuse_label_8.20.snapshot-vtx-row-index
I20240702 04:29:26.529111 2107349 vertex_segment_base.cc:103] createMutableVertexRowIndex --------- commit_key 10.test.ns.g1.vlabel_1_job_reuse_label_8.7.snapshot-vtx-row-index
I20240702 04:29:26.529467 2107332 vertex_segment_base.cc:103] createMutableVertexRowIndex --------- commit_key 10.test.ns.g1.vlabel_1_job_reuse_label_8.15.snapshot-vtx-row-index
I20240702 04:29:26.529860 2107337 vertex_segment_base.cc:103] createMutableVertexRowIndex --------- commit_key 10.test.ns.g1.vlabel_1_job_reuse_label_8.2.snapshot-vtx-row-index
I20240702 04:29:26.530247 2107330 vertex_segment_base.cc:103] createMutableVertexRowIndex --------- commit_key 10.test.ns.g1.vlabel_1_job_reuse_label_8.27.snapshot-vtx-row-index
I20240702 04:29:26.530617 2107343 vertex_segment_base.cc:103] createMutableVertexRowIndex --------- commit_key 10.test.ns.g1.vlabel_1_job_reuse_label_8.14.snapshot-vtx-row-index
I20240702 04:29:26.530966 2107349 vertex_segment_base.cc:103] createMutableVertexRowIndex --------- commit_key 10.test.ns.g1.vlabel_1_job_reuse_label_8.1.snapshot-vtx-row-index
I20240702 04:29:26.531308 2107332 vertex_segment_base.cc:103] createMutableVertexRowIndex --------- commit_key 10.test.ns.g1.vlabel_1_job_reuse_label_8.26.snapshot-vtx-row-index
I20240702 04:29:26.531666 2107337 vertex_segment_base.cc:103] createMutableVertexRowIndex --------- commit_key 10.test.ns.g1.vlabel_1_job_reuse_label_8.13.snapshot-vtx-row-index
I20240702 04:29:26.531997 2107330 vertex_segment_base.cc:103] createMutableVertexRowIndex --------- commit_key 10.test.ns.g1.vlabel_1_job_reuse_label_8.0.snapshot-vtx-row-index
I20240702 04:29:26.532094 2107330 vertex_import_write_exec_task.cc:140] ============================================ VertexImportWriteExecTask schema
ROW<pkey:INTEGER,int32:INTEGER,str:VARCHAR,float64:DOUBLE>
I20240702 04:29:26.537214 2107343 graph_storage_service2.cc:344] Received get task status request for job_id: 10, task_id: 128 task_status: pending { } call id: 31963146616881
I20240702 04:29:26.537348 2107804 graph_storage_service2.cc:276] Getting task status for Task: 10_128 task_status: running { } call id: 31963146616881
I20240702 04:29:26.537406 2107804 graph_storage_service2.cc:291] Get task status success for Task: 10_128 task_status: running { } call id: 31963146616881 latency: 0ms.
I20240702 04:29:26.537909 2107349 graph_storage_service2.cc:344] Received get task status request for job_id: 10, task_id: 128 task_status: running { } call id: 17742509899817
I20240702 04:29:26.569774 2107332 state_machine-inl.h:201] fireStateChanged VeloxExecTask state changed to 1
I20240702 04:29:26.570247 2107332 vertex_import_read_exec_task.cc:125] ============================================ exchange schema
ROW<pkey:INTEGER,int32:INTEGER,str:VARCHAR,float64:DOUBLE>
I20240702 04:29:26.572335 2107337 graph_storage_service2.cc:344] Received get task status request for job_id: 10, task_id: 123 task_status: pending { } call id: 33122787786793
I20240702 04:29:26.572467 2107804 graph_storage_service2.cc:276] Getting task status for Task: 10_123 task_status: running { } call id: 33122787786793
I20240702 04:29:26.572523 2107804 graph_storage_service2.cc:291] Get task status success for Task: 10_123 task_status: running { } call id: 33122787786793 latency: 0ms.
I20240702 04:29:26.573215 2107330 graph_storage_service2.cc:344] Received get task status request for job_id: 10, task_id: 123 task_status: running { } call id: 13348758356013
I20240702 04:29:26.581503 2107775 Task.cpp:983] All drivers (10) finished for task brpc://127.0.0.1:55535/task/10-vertex-import-read/0 after running for 11 ms.
I20240702 04:29:26.627319 2107727 Task.cpp:983] All drivers (1) finished for task local://localhost:0/task/10-vertex-import-write/21 after running for 95 ms.
I20240702 04:29:26.627384 2107727 Task.cpp:1665] Terminating task local://localhost:0/task/10-vertex-import-write/21 with state Finished after running for 95 ms.
I20240702 04:29:26.628487 2107350 Task.cpp:1665] Terminating task brpc://127.0.0.1:55535/task/10-vertex-import-read/0 with state Finished after running for 58 ms.
I20240702 04:29:26.628820 2107731 state_machine-inl.h:201] fireStateChanged VeloxExecTask state changed to 2
I20240702 04:29:26.629083 2107804 graph_storage_service2.cc:276] Getting task status for Task: 10_123 task_status: finished { } call id: 13348758356013
I20240702 04:29:26.629156 2107804 graph_storage_service2.cc:291] Get task status success for Task: 10_123 task_status: finished { } call id: 13348758356013 latency: 56ms.
I20240702 04:29:26.630075 2107728 Task.cpp:983] All drivers (1) finished for task local://localhost:0/task/10-vertex-import-write/7 after running for 97 ms.
I20240702 04:29:26.630115 2107728 Task.cpp:1665] Terminating task local://localhost:0/task/10-vertex-import-write/7 with state Finished after running for 97 ms.
I20240702 04:29:26.631287 2107723 Task.cpp:983] All drivers (1) finished for task local://localhost:0/task/10-vertex-import-write/8 after running for 98 ms.
I20240702 04:29:26.631336 2107723 Task.cpp:1665] Terminating task local://localhost:0/task/10-vertex-import-write/8 with state Finished after running for 98 ms.
I20240702 04:29:26.638191 2107725 Task.cpp:983] All drivers (1) finished for task local://localhost:0/task/10-vertex-import-write/14 after running for 103 ms.
I20240702 04:29:26.638254 2107725 Task.cpp:1665] Terminating task local://localhost:0/task/10-vertex-import-write/14 with state Finished after running for 103 ms.
I20240702 04:29:26.654404 2107720 Task.cpp:983] All drivers (1) finished for task local://localhost:0/task/10-vertex-import-write/13 after running for 118 ms.
I20240702 04:29:26.654453 2107720 Task.cpp:1665] Terminating task local://localhost:0/task/10-vertex-import-write/13 with state Finished after running for 118 ms.
I20240702 04:29:26.659210 2107729 Task.cpp:983] All drivers (1) finished for task local://localhost:0/task/10-vertex-import-write/2 after running for 125 ms.
I20240702 04:29:26.659263 2107729 Task.cpp:1665] Terminating task local://localhost:0/task/10-vertex-import-write/2 with state Finished after running for 125 ms.
I20240702 04:29:26.672231 2107724 Task.cpp:983] All drivers (1) finished for task local://localhost:0/task/10-vertex-import-write/27 after running for 138 ms.
I20240702 04:29:26.672287 2107724 Task.cpp:1665] Terminating task local://localhost:0/task/10-vertex-import-write/27 with state Finished after running for 138 ms.
I20240702 04:29:26.676574 2107725 Task.cpp:983] All drivers (1) finished for task local://localhost:0/task/10-vertex-import-write/15 after running for 142 ms.
I20240702 04:29:26.676631 2107725 Task.cpp:1665] Terminating task local://localhost:0/task/10-vertex-import-write/15 with state Finished after running for 142 ms.
I20240702 04:29:26.681460 2107727 Task.cpp:983] All drivers (1) finished for task local://localhost:0/task/10-vertex-import-write/1 after running for 146 ms.
I20240702 04:29:26.681512 2107727 Task.cpp:1665] Terminating task local://localhost:0/task/10-vertex-import-write/1 with state Finished after running for 146 ms.
I20240702 04:29:26.684116 2107730 Task.cpp:983] All drivers (1) finished for task local://localhost:0/task/10-vertex-import-write/0 after running for 148 ms.
I20240702 04:29:26.684165 2107730 Task.cpp:1665] Terminating task local://localhost:0/task/10-vertex-import-write/0 with state Finished after running for 148 ms.
I20240702 04:29:26.684688 2107723 Task.cpp:983] All drivers (1) finished for task local://localhost:0/task/10-vertex-import-write/20 after running for 151 ms.
I20240702 04:29:26.684725 2107723 Task.cpp:1665] Terminating task local://localhost:0/task/10-vertex-import-write/20 with state Finished after running for 151 ms.
I20240702 04:29:26.690241 2107728 Task.cpp:983] All drivers (1) finished for task local://localhost:0/task/10-vertex-import-write/26 after running for 155 ms.
I20240702 04:29:26.690287 2107728 Task.cpp:1665] Terminating task local://localhost:0/task/10-vertex-import-write/26 with state Finished after running for 155 ms.
I20240702 04:29:26.698259 2107723 meta_service_client.cc:729] Successfully submitImportJobFiles
I20240702 04:29:26.698413 2107723 state_machine-inl.h:201] fireStateChanged VeloxExecTask state changed to 2
I20240702 04:29:26.698627 2107804 graph_storage_service2.cc:276] Getting task status for Task: 10_128 task_status: finished { } call id: 17742509899817
I20240702 04:29:26.698695 2107804 graph_storage_service2.cc:291] Get task status success for Task: 10_128 task_status: finished { } call id: 17742509899817 latency: 161ms.
I20240702 04:29:26.799793 2107346 local_data_manager.cc:71] Successfully updated the vertex id index for job 10 with snapshot id: 1
I20240702 04:29:26.799870 2107346 local_data_manager.cc:71] Successfully updated the vertex id index for job 10 with snapshot id: 1
I20240702 04:29:26.799916 2107346 local_data_manager.cc:71] Successfully updated the vertex id index for job 10 with snapshot id: 1
I20240702 04:29:26.799985 2107346 local_data_manager.cc:71] Successfully updated the vertex id index for job 10 with snapshot id: 1
I20240702 04:29:26.800024 2107346 local_data_manager.cc:71] Successfully updated the vertex id index for job 10 with snapshot id: 1
I20240702 04:29:26.800071 2107346 local_data_manager.cc:71] Successfully updated the vertex id index for job 10 with snapshot id: 1
I20240702 04:29:26.800112 2107346 local_data_manager.cc:71] Successfully updated the vertex id index for job 10 with snapshot id: 1
I20240702 04:29:26.800148 2107346 local_data_manager.cc:71] Successfully updated the vertex id index for job 10 with snapshot id: 1
I20240702 04:29:26.800182 2107346 local_data_manager.cc:71] Successfully updated the vertex id index for job 10 with snapshot id: 1
I20240702 04:29:26.800225 2107346 local_data_manager.cc:71] Successfully updated the vertex id index for job 10 with snapshot id: 1
I20240702 04:29:26.800271 2107346 local_data_manager.cc:71] Successfully updated the vertex id index for job 10 with snapshot id: 1
I20240702 04:29:26.800312 2107346 local_data_manager.cc:71] Successfully updated the vertex id index for job 10 with snapshot id: 1
I20240702 04:29:27.602622 2107346 state_machine-inl.h:201] fireStateChanged VeloxExecTask state changed to 1
I20240702 04:29:27.603471 2107347 vertex_segment_base.cc:86] createMutableVertexIdIndex --------- commit_key 11.test.ns.g1.vlabel_2_job_reuse_label_8.21.snapshot-vid-index
I20240702 04:29:27.603904 2107331 vertex_segment_base.cc:86] createMutableVertexIdIndex --------- commit_key 11.test.ns.g1.vlabel_2_job_reuse_label_8.8.snapshot-vid-index
I20240702 04:29:27.604430 2107350 vertex_segment_base.cc:86] createMutableVertexIdIndex --------- commit_key 11.test.ns.g1.vlabel_2_job_reuse_label_8.20.snapshot-vid-index
I20240702 04:29:27.604892 2107335 vertex_segment_base.cc:86] createMutableVertexIdIndex --------- commit_key 11.test.ns.g1.vlabel_2_job_reuse_label_8.7.snapshot-vid-index
I20240702 04:29:27.605345 2107348 vertex_segment_base.cc:86] createMutableVertexIdIndex --------- commit_key 11.test.ns.g1.vlabel_2_job_reuse_label_8.15.snapshot-vid-index
I20240702 04:29:27.605837 2107346 vertex_segment_base.cc:86] createMutableVertexIdIndex --------- commit_key 11.test.ns.g1.vlabel_2_job_reuse_label_8.2.snapshot-vid-index
I20240702 04:29:27.606268 2107347 vertex_segment_base.cc:86] createMutableVertexIdIndex --------- commit_key 11.test.ns.g1.vlabel_2_job_reuse_label_8.27.snapshot-vid-index
I20240702 04:29:27.606730 2107331 vertex_segment_base.cc:86] createMutableVertexIdIndex --------- commit_key 11.test.ns.g1.vlabel_2_job_reuse_label_8.14.snapshot-vid-index
I20240702 04:29:27.607198 2107350 vertex_segment_base.cc:86] createMutableVertexIdIndex --------- commit_key 11.test.ns.g1.vlabel_2_job_reuse_label_8.1.snapshot-vid-index
I20240702 04:29:27.607623 2107335 vertex_segment_base.cc:86] createMutableVertexIdIndex --------- commit_key 11.test.ns.g1.vlabel_2_job_reuse_label_8.26.snapshot-vid-index
I20240702 04:29:27.608129 2107348 vertex_segment_base.cc:86] createMutableVertexIdIndex --------- commit_key 11.test.ns.g1.vlabel_2_job_reuse_label_8.13.snapshot-vid-index
I20240702 04:29:27.608589 2107346 vertex_segment_base.cc:86] createMutableVertexIdIndex --------- commit_key 11.test.ns.g1.vlabel_2_job_reuse_label_8.0.snapshot-vid-index
I20240702 04:29:27.609099 2107347 vertex_segment_base.cc:103] createMutableVertexRowIndex --------- commit_key 11.test.ns.g1.vlabel_2_job_reuse_label_8.21.snapshot-vtx-row-index
I20240702 04:29:27.609448 2107331 vertex_segment_base.cc:103] createMutableVertexRowIndex --------- commit_key 11.test.ns.g1.vlabel_2_job_reuse_label_8.8.snapshot-vtx-row-index
I20240702 04:29:27.609897 2107350 vertex_segment_base.cc:103] createMutableVertexRowIndex --------- commit_key 11.test.ns.g1.vlabel_2_job_reuse_label_8.20.snapshot-vtx-row-index
I20240702 04:29:27.610378 2107335 vertex_segment_base.cc:103] createMutableVertexRowIndex --------- commit_key 11.test.ns.g1.vlabel_2_job_reuse_label_8.7.snapshot-vtx-row-index
I20240702 04:29:27.610880 2107348 vertex_segment_base.cc:103] createMutableVertexRowIndex --------- commit_key 11.test.ns.g1.vlabel_2_job_reuse_label_8.15.snapshot-vtx-row-index
I20240702 04:29:27.611297 2107346 vertex_segment_base.cc:103] createMutableVertexRowIndex --------- commit_key 11.test.ns.g1.vlabel_2_job_reuse_label_8.2.snapshot-vtx-row-index
I20240702 04:29:27.611677 2107347 vertex_segment_base.cc:103] createMutableVertexRowIndex --------- commit_key 11.test.ns.g1.vlabel_2_job_reuse_label_8.27.snapshot-vtx-row-index
I20240702 04:29:27.612121 2107331 vertex_segment_base.cc:103] createMutableVertexRowIndex --------- commit_key 11.test.ns.g1.vlabel_2_job_reuse_label_8.14.snapshot-vtx-row-index
I20240702 04:29:27.612545 2107350 vertex_segment_base.cc:103] createMutableVertexRowIndex --------- commit_key 11.test.ns.g1.vlabel_2_job_reuse_label_8.1.snapshot-vtx-row-index
I20240702 04:29:27.612913 2107335 vertex_segment_base.cc:103] createMutableVertexRowIndex --------- commit_key 11.test.ns.g1.vlabel_2_job_reuse_label_8.26.snapshot-vtx-row-index
I20240702 04:29:27.613374 2107348 vertex_segment_base.cc:103] createMutableVertexRowIndex --------- commit_key 11.test.ns.g1.vlabel_2_job_reuse_label_8.13.snapshot-vtx-row-index
I20240702 04:29:27.613776 2107346 vertex_segment_base.cc:103] createMutableVertexRowIndex --------- commit_key 11.test.ns.g1.vlabel_2_job_reuse_label_8.0.snapshot-vtx-row-index
I20240702 04:29:27.613833 2107346 vertex_import_write_exec_task.cc:140] ============================================ VertexImportWriteExecTask schema
ROW<pkey:INTEGER,int32:INTEGER,str:VARCHAR,float64:DOUBLE>
I20240702 04:29:27.618803 2107347 graph_storage_service2.cc:344] Received get task status request for job_id: 11, task_id: 140 task_status: pending { } call id: 8899172237345
I20240702 04:29:27.618907 2107804 graph_storage_service2.cc:276] Getting task status for Task: 11_140 task_status: running { } call id: 8899172237345
I20240702 04:29:27.618999 2107804 graph_storage_service2.cc:291] Get task status success for Task: 11_140 task_status: running { } call id: 8899172237345 latency: 0ms.
I20240702 04:29:27.619546 2107331 graph_storage_service2.cc:344] Received get task status request for job_id: 11, task_id: 140 task_status: running { } call id: 14443975016481
I20240702 04:29:27.646119 2107335 state_machine-inl.h:201] fireStateChanged VeloxExecTask state changed to 1
I20240702 04:29:27.646505 2107335 vertex_import_read_exec_task.cc:125] ============================================ exchange schema
ROW<pkey:INTEGER,int32:INTEGER,str:VARCHAR,float64:DOUBLE>
I20240702 04:29:27.648437 2107348 graph_storage_service2.cc:344] Received get task status request for job_id: 11, task_id: 137 task_status: pending { } call id: 10067403341865
I20240702 04:29:27.648615 2107804 graph_storage_service2.cc:276] Getting task status for Task: 11_137 task_status: running { } call id: 10067403341865
I20240702 04:29:27.648664 2107804 graph_storage_service2.cc:291] Get task status success for Task: 11_137 task_status: running { } call id: 10067403341865 latency: 0ms.
I20240702 04:29:27.649482 2107346 graph_storage_service2.cc:344] Received get task status request for job_id: 11, task_id: 137 task_status: running { } call id: 16655883173929
I20240702 04:29:27.654533 2107726 Task.cpp:983] All drivers (10) finished for task brpc://127.0.0.1:55535/task/11-vertex-import-read/0 after running for 8 ms.
I20240702 04:29:27.695206 2107337 Task.cpp:1665] Terminating task brpc://127.0.0.1:55535/task/11-vertex-import-read/0 with state Finished after running for 49 ms.
I20240702 04:29:27.695302 2107731 state_machine-inl.h:201] fireStateChanged VeloxExecTask state changed to 2
I20240702 04:29:27.695470 2107804 graph_storage_service2.cc:276] Getting task status for Task: 11_137 task_status: finished { } call id: 16655883173929
I20240702 04:29:27.695521 2107804 graph_storage_service2.cc:291] Get task status success for Task: 11_137 task_status: finished { } call id: 16655883173929 latency: 46ms.
I20240702 04:29:27.772095 2107724 Task.cpp:983] All drivers (1) finished for task local://localhost:0/task/11-vertex-import-write/14 after running for 156 ms.
I20240702 04:29:27.772171 2107724 Task.cpp:1665] Terminating task local://localhost:0/task/11-vertex-import-write/14 with state Finished after running for 156 ms.
I20240702 04:29:27.773635 2107729 Task.cpp:983] All drivers (1) finished for task local://localhost:0/task/11-vertex-import-write/13 after running for 156 ms.
I20240702 04:29:27.773638 2107720 Task.cpp:983] All drivers (1) finished for task local://localhost:0/task/11-vertex-import-write/2 after running for 158 ms.
I20240702 04:29:27.773725 2107729 Task.cpp:1665] Terminating task local://localhost:0/task/11-vertex-import-write/13 with state Finished after running for 156 ms.
I20240702 04:29:27.773741 2107720 Task.cpp:1665] Terminating task local://localhost:0/task/11-vertex-import-write/2 with state Finished after running for 158 ms.
I20240702 04:29:27.774705 2107723 Task.cpp:983] All drivers (1) finished for task local://localhost:0/task/11-vertex-import-write/21 after running for 160 ms.
I20240702 04:29:27.774747 2107723 Task.cpp:1665] Terminating task local://localhost:0/task/11-vertex-import-write/21 with state Finished after running for 160 ms.
I20240702 04:29:27.775703 2107773 Task.cpp:983] All drivers (1) finished for task local://localhost:0/task/11-vertex-import-write/1 after running for 159 ms.
I20240702 04:29:27.775760 2107773 Task.cpp:1665] Terminating task local://localhost:0/task/11-vertex-import-write/1 with state Finished after running for 159 ms.
I20240702 04:29:27.776559 2107774 Task.cpp:983] All drivers (1) finished for task local://localhost:0/task/11-vertex-import-write/7 after running for 161 ms.
I20240702 04:29:27.776607 2107774 Task.cpp:1665] Terminating task local://localhost:0/task/11-vertex-import-write/7 with state Finished after running for 161 ms.
I20240702 04:29:27.777259 2107725 Task.cpp:983] All drivers (1) finished for task local://localhost:0/task/11-vertex-import-write/26 after running for 160 ms.
I20240702 04:29:27.777310 2107725 Task.cpp:1665] Terminating task local://localhost:0/task/11-vertex-import-write/26 with state Finished after running for 160 ms.
I20240702 04:29:27.778198 2107727 Task.cpp:983] All drivers (1) finished for task local://localhost:0/task/11-vertex-import-write/15 after running for 163 ms.
I20240702 04:29:27.778252 2107727 Task.cpp:1665] Terminating task local://localhost:0/task/11-vertex-import-write/15 with state Finished after running for 163 ms.
I20240702 04:29:27.780439 2107730 Task.cpp:983] All drivers (1) finished for task local://localhost:0/task/11-vertex-import-write/20 after running for 166 ms.
I20240702 04:29:27.780488 2107730 Task.cpp:1665] Terminating task local://localhost:0/task/11-vertex-import-write/20 with state Finished after running for 166 ms.
I20240702 04:29:27.780652 2107728 Task.cpp:983] All drivers (1) finished for task local://localhost:0/task/11-vertex-import-write/8 after running for 166 ms.
I20240702 04:29:27.780694 2107728 Task.cpp:1665] Terminating task local://localhost:0/task/11-vertex-import-write/8 with state Finished after running for 166 ms.
I20240702 04:29:27.781847 2107731 Task.cpp:983] All drivers (1) finished for task local://localhost:0/task/11-vertex-import-write/0 after running for 163 ms.
I20240702 04:29:27.781912 2107731 Task.cpp:1665] Terminating task local://localhost:0/task/11-vertex-import-write/0 with state Finished after running for 163 ms.
I20240702 04:29:27.784415 2107722 Task.cpp:983] All drivers (1) finished for task local://localhost:0/task/11-vertex-import-write/27 after running for 168 ms.
I20240702 04:29:27.784458 2107722 Task.cpp:1665] Terminating task local://localhost:0/task/11-vertex-import-write/27 with state Finished after running for 168 ms.
I20240702 04:29:27.790403 2107722 meta_service_client.cc:729] Successfully submitImportJobFiles
I20240702 04:29:27.790539 2107722 state_machine-inl.h:201] fireStateChanged VeloxExecTask state changed to 2
I20240702 04:29:27.790683 2107804 graph_storage_service2.cc:276] Getting task status for Task: 11_140 task_status: finished { } call id: 14443975016481
I20240702 04:29:27.790737 2107804 graph_storage_service2.cc:291] Get task status success for Task: 11_140 task_status: finished { } call id: 14443975016481 latency: 171ms.
I20240702 04:29:27.879971 2107336 local_data_manager.cc:71] Successfully updated the vertex id index for job 11 with snapshot id: 1
I20240702 04:29:27.880057 2107336 local_data_manager.cc:71] Successfully updated the vertex id index for job 11 with snapshot id: 1
I20240702 04:29:27.880084 2107336 local_data_manager.cc:71] Successfully updated the vertex id index for job 11 with snapshot id: 1
I20240702 04:29:27.880110 2107336 local_data_manager.cc:71] Successfully updated the vertex id index for job 11 with snapshot id: 1
I20240702 04:29:27.880146 2107336 local_data_manager.cc:71] Successfully updated the vertex id index for job 11 with snapshot id: 1
I20240702 04:29:27.880175 2107336 local_data_manager.cc:71] Successfully updated the vertex id index for job 11 with snapshot id: 1
I20240702 04:29:27.880216 2107336 local_data_manager.cc:71] Successfully updated the vertex id index for job 11 with snapshot id: 1
I20240702 04:29:27.880245 2107336 local_data_manager.cc:71] Successfully updated the vertex id index for job 11 with snapshot id: 1
I20240702 04:29:27.880273 2107336 local_data_manager.cc:71] Successfully updated the vertex id index for job 11 with snapshot id: 1
I20240702 04:29:27.880301 2107336 local_data_manager.cc:71] Successfully updated the vertex id index for job 11 with snapshot id: 1
I20240702 04:29:27.880329 2107336 local_data_manager.cc:71] Successfully updated the vertex id index for job 11 with snapshot id: 1
I20240702 04:29:27.880353 2107336 local_data_manager.cc:71] Successfully updated the vertex id index for job 11 with snapshot id: 1
I20240702 04:29:28.683620 2107344 state_machine-inl.h:201] fireStateChanged VeloxExecTask state changed to 1
I20240702 04:29:28.684319 2107336 edge_segment_base.cc:68] createMutableEdgeRowIndex --------- commit_key 12.test.ns.g1.__internal_anonymous_reverse_edge_label_job_reuse_label_8.0.snapshot-edge-row-index
I20240702 04:29:28.684767 2107338 edge_segment_base.cc:68] createMutableEdgeRowIndex --------- commit_key 12.test.ns.g1.__internal_anonymous_reverse_edge_label_job_reuse_label_8.1.snapshot-edge-row-index
I20240702 04:29:28.685217 2107345 edge_segment_base.cc:68] createMutableEdgeRowIndex --------- commit_key 12.test.ns.g1.__internal_anonymous_reverse_edge_label_job_reuse_label_8.2.snapshot-edge-row-index
