I20240702 04:28:15.466234 2107385 HiveConnector.cpp:66] Hive connector hive_connector created with maximum of 20000 cached file handles.
I20240702 04:28:15.466598 2107385 HiveConnector.cpp:66] Hive connector localfs-hive created with maximum of 20000 cached file handles.
I20240702 04:28:15.466763 2107385 HiveConnector.cpp:66] Hive connector s3-hive created with maximum of 20000 cached file handles.
I20240702 04:28:15.487298 2107385 server.cpp:1127] Server[flavius::exec::TaskServiceImpl+flavius::exec::ComputeServiceImpl+flavius::server::GraphStorageServiceImpl2] is serving on port=55536.
I20240702 04:28:15.487378 2107385 server.cpp:1130] Check out http://920f477ca690:55536 in web browser.
I20240702 04:28:15.987856 2107385 flavius_worker.cc:65] Start Worker: MirrorComputeNodeManagerWorker, thread cnt: 1, interval: 200
I20240702 04:28:15.990597 2107422 mirror_compute_node_manager.cc:58] >>>>>>>>>>>>>>>>>>>> Set my CN info: id 2 on 127.0.0.1:55536
I20240702 04:28:21.715530 2107422 state_machine-inl.h:201] fireStateChanged VeloxExecTask state changed to 1
I20240702 04:28:21.717259 2107435 vertex_segment_base.cc:86] createMutableVertexIdIndex --------- commit_key 0.test.ns.g1.job_reuse_label_0.29.snapshot-vid-index
I20240702 04:28:21.718211 2107432 vertex_segment_base.cc:86] createMutableVertexIdIndex --------- commit_key 0.test.ns.g1.job_reuse_label_0.24.snapshot-vid-index
I20240702 04:28:21.719099 2107418 vertex_segment_base.cc:86] createMutableVertexIdIndex --------- commit_key 0.test.ns.g1.job_reuse_label_0.17.snapshot-vid-index
I20240702 04:28:21.719965 2107433 vertex_segment_base.cc:86] createMutableVertexIdIndex --------- commit_key 0.test.ns.g1.job_reuse_label_0.12.snapshot-vid-index
I20240702 04:28:21.720825 2107434 vertex_segment_base.cc:86] createMutableVertexIdIndex --------- commit_key 0.test.ns.g1.job_reuse_label_0.5.snapshot-vid-index
I20240702 04:28:21.721652 2107429 vertex_segment_base.cc:86] createMutableVertexIdIndex --------- commit_key 0.test.ns.g1.job_reuse_label_0.25.snapshot-vid-index
I20240702 04:28:21.722210 2107435 vertex_segment_base.cc:86] createMutableVertexIdIndex --------- commit_key 0.test.ns.g1.job_reuse_label_0.4.snapshot-vid-index
I20240702 04:28:21.722656 2107432 vertex_segment_base.cc:103] createMutableVertexRowIndex --------- commit_key 0.test.ns.g1.job_reuse_label_0.29.snapshot-vtx-row-index
I20240702 04:28:21.723104 2107418 vertex_segment_base.cc:103] createMutableVertexRowIndex --------- commit_key 0.test.ns.g1.job_reuse_label_0.24.snapshot-vtx-row-index
I20240702 04:28:21.723467 2107433 vertex_segment_base.cc:103] createMutableVertexRowIndex --------- commit_key 0.test.ns.g1.job_reuse_label_0.17.snapshot-vtx-row-index
I20240702 04:28:21.723826 2107434 vertex_segment_base.cc:103] createMutableVertexRowIndex --------- commit_key 0.test.ns.g1.job_reuse_label_0.12.snapshot-vtx-row-index
I20240702 04:28:21.724278 2107429 vertex_segment_base.cc:103] createMutableVertexRowIndex --------- commit_key 0.test.ns.g1.job_reuse_label_0.5.snapshot-vtx-row-index
I20240702 04:28:21.724681 2107435 vertex_segment_base.cc:103] createMutableVertexRowIndex --------- commit_key 0.test.ns.g1.job_reuse_label_0.25.snapshot-vtx-row-index
I20240702 04:28:21.725085 2107432 vertex_segment_base.cc:103] createMutableVertexRowIndex --------- commit_key 0.test.ns.g1.job_reuse_label_0.4.snapshot-vtx-row-index
I20240702 04:28:21.725230 2107432 vertex_import_write_exec_task.cc:140] ============================================ VertexImportWriteExecTask schema
ROW<pkey:INTEGER,int32:INTEGER,str:VARCHAR,float64:DOUBLE>
I20240702 04:28:21.732786 2107418 graph_storage_service2.cc:344] Received get task status request for job_id: 0, task_id: 3 task_status: pending { } call id: 2199023255569
I20240702 04:28:21.733065 2107752 graph_storage_service2.cc:276] Getting task status for Task: 0_3 task_status: running { } call id: 2199023255569
I20240702 04:28:21.733122 2107752 graph_storage_service2.cc:291] Get task status success for Task: 0_3 task_status: running { } call id: 2199023255569 latency: 1ms.
I20240702 04:28:21.734333 2107433 graph_storage_service2.cc:344] Received get task status request for job_id: 0, task_id: 3 task_status: running { } call id: 3298534883345
I20240702 04:28:21.742277 2107422 state_machine-inl.h:201] fireStateChanged VeloxExecTask state changed to 1
I20240702 04:28:21.742686 2107422 vertex_import_read_exec_task.cc:125] ============================================ exchange schema
ROW<pkey:INTEGER,int32:INTEGER,str:VARCHAR,float64:DOUBLE>
I20240702 04:28:21.757189 2107424 graph_storage_service2.cc:344] Received get task status request for job_id: 0, task_id: 0 task_status: pending { } call id: 16492674416641
I20240702 04:28:21.758566 2107752 graph_storage_service2.cc:276] Getting task status for Task: 0_0 task_status: running { } call id: 16492674416641
I20240702 04:28:21.758638 2107752 graph_storage_service2.cc:291] Get task status success for Task: 0_0 task_status: running { } call id: 16492674416641 latency: 1ms.
I20240702 04:28:21.766677 2107430 graph_storage_service2.cc:344] Received get task status request for job_id: 0, task_id: 0 task_status: running { } call id: 23089744183297
I20240702 04:28:21.809626 2107789 Task.cpp:983] All drivers (10) finished for task brpc://127.0.0.1:55536/task/0-vertex-import-read/0 after running for 66 ms.
I20240702 04:28:21.825675 2107421 Task.cpp:1665] Terminating task brpc://127.0.0.1:55536/task/0-vertex-import-read/0 with state Finished after running for 82 ms.
I20240702 04:28:21.825846 2107789 state_machine-inl.h:201] fireStateChanged VeloxExecTask state changed to 2
I20240702 04:28:21.826050 2107752 graph_storage_service2.cc:276] Getting task status for Task: 0_0 task_status: finished { } call id: 23089744183297
I20240702 04:28:21.826123 2107752 graph_storage_service2.cc:291] Get task status success for Task: 0_0 task_status: finished { } call id: 23089744183297 latency: 60ms.
I20240702 04:28:21.856443 2107755 Task.cpp:983] All drivers (1) finished for task local://localhost:0/task/0-vertex-import-write/17 after running for 129 ms.
I20240702 04:28:21.856505 2107755 Task.cpp:1665] Terminating task local://localhost:0/task/0-vertex-import-write/17 with state Finished after running for 129 ms.
I20240702 04:28:21.856992 2107754 Task.cpp:983] All drivers (1) finished for task local://localhost:0/task/0-vertex-import-write/5 after running for 128 ms.
I20240702 04:28:21.857070 2107754 Task.cpp:1665] Terminating task local://localhost:0/task/0-vertex-import-write/5 with state Finished after running for 128 ms.
I20240702 04:28:21.858155 2107759 Task.cpp:983] All drivers (1) finished for task local://localhost:0/task/0-vertex-import-write/25 after running for 128 ms.
I20240702 04:28:21.858157 2107788 Task.cpp:983] All drivers (1) finished for task local://localhost:0/task/0-vertex-import-write/4 after running for 127 ms.
I20240702 04:28:21.858222 2107759 Task.cpp:1665] Terminating task local://localhost:0/task/0-vertex-import-write/25 with state Finished after running for 128 ms.
I20240702 04:28:21.858245 2107788 Task.cpp:1665] Terminating task local://localhost:0/task/0-vertex-import-write/4 with state Finished after running for 127 ms.
I20240702 04:28:21.858556 2107785 Task.cpp:983] All drivers (1) finished for task local://localhost:0/task/0-vertex-import-write/29 after running for 133 ms.
I20240702 04:28:21.858603 2107785 Task.cpp:1665] Terminating task local://localhost:0/task/0-vertex-import-write/29 with state Finished after running for 133 ms.
I20240702 04:28:21.858696 2107757 Task.cpp:983] All drivers (1) finished for task local://localhost:0/task/0-vertex-import-write/12 after running for 130 ms.
I20240702 04:28:21.858700 2107786 Task.cpp:983] All drivers (1) finished for task local://localhost:0/task/0-vertex-import-write/24 after running for 132 ms.
I20240702 04:28:21.858753 2107757 Task.cpp:1665] Terminating task local://localhost:0/task/0-vertex-import-write/12 with state Finished after running for 130 ms.
I20240702 04:28:21.858790 2107786 Task.cpp:1665] Terminating task local://localhost:0/task/0-vertex-import-write/24 with state Finished after running for 132 ms.
I20240702 04:28:21.864142 2107788 meta_service_client.cc:729] Successfully submitImportJobFiles
I20240702 04:28:21.864359 2107788 state_machine-inl.h:201] fireStateChanged VeloxExecTask state changed to 2
I20240702 04:28:21.864847 2107761 graph_storage_service2.cc:276] Getting task status for Task: 0_3 task_status: finished { } call id: 3298534883345
I20240702 04:28:21.864917 2107761 graph_storage_service2.cc:291] Get task status success for Task: 0_3 task_status: finished { } call id: 3298534883345 latency: 130ms.
I20240702 04:28:21.978294 2107423 local_data_manager.cc:71] Successfully updated the vertex id index for job 0 with snapshot id: 1
I20240702 04:28:21.978343 2107423 local_data_manager.cc:71] Successfully updated the vertex id index for job 0 with snapshot id: 1
I20240702 04:28:21.978369 2107423 local_data_manager.cc:71] Successfully updated the vertex id index for job 0 with snapshot id: 1
I20240702 04:28:21.978391 2107423 local_data_manager.cc:71] Successfully updated the vertex id index for job 0 with snapshot id: 1
I20240702 04:28:21.978458 2107423 local_data_manager.cc:71] Successfully updated the vertex id index for job 0 with snapshot id: 1
I20240702 04:28:21.978483 2107423 local_data_manager.cc:71] Successfully updated the vertex id index for job 0 with snapshot id: 1
I20240702 04:28:21.978505 2107423 local_data_manager.cc:71] Successfully updated the vertex id index for job 0 with snapshot id: 1
I20240702 04:28:29.474663 2107434 graph_storage_service2.cc:344] Received get task status request for job_id: 1, task_id: 15 task_status: pending { } call id: 15397457756169
==2107385==WARNING: ASan is ignoring requested __asan_handle_no_return: stack type: default top: 0x7f5097dc41c0; bottom 0x7f5078986000; size: 0x00001f43e1c0 (524542400)
False positive error reports may follow
For details see https://github.com/google/sanitizers/issues/189
I20240702 04:28:29.474746 2107432 graph_storage_service2.cc:344] Received get task status request for job_id: 1, task_id: 14 task_status: pending { } call id: 3302829850625
E20240702 04:28:29.475035 2107432 graph_storage_service2.cc:361] [JobException] [InvalidTaskIdException] Task does not exist. TaskId 1_14
E20240702 04:28:29.475041 2107434 graph_storage_service2.cc:361] [JobException] [InvalidTaskIdException] Task does not exist. TaskId 1_15
I20240702 04:28:37.899652 2107432 graph_storage_service2.cc:344] Received get task status request for job_id: 2, task_id: 27 task_status: pending { } call id: 3302829850629
I20240702 04:28:37.899834 2107433 graph_storage_service2.cc:344] Received get task status request for job_id: 2, task_id: 26 task_status: pending { } call id: 24189255811085
E20240702 04:28:37.899844 2107432 graph_storage_service2.cc:361] [JobException] [InvalidTaskIdException] Task does not exist. TaskId 2_27
E20240702 04:28:37.900059 2107433 graph_storage_service2.cc:361] [JobException] [InvalidTaskIdException] Task does not exist. TaskId 2_26
W20240702 04:28:40.232331 2107426 compute_service.cc:154] [getPartitionedOutput] brpc://127.0.0.1:55536/task/2-vertex-import-read/0 from 127.0.0.1:50544 destination 21 sequence 0 max try count 8
W20240702 04:28:40.232342 2107422 compute_service.cc:154] [getPartitionedOutput] brpc://127.0.0.1:55536/task/2-vertex-import-read/0 from 127.0.0.1:50544 destination 8 sequence 0 max try count 8
W20240702 04:28:40.232479 2107422 compute_service.cc:154] [getPartitionedOutput] brpc://127.0.0.1:55536/task/2-vertex-import-read/0 from 127.0.0.1:50544 destination 20 sequence 0 max try count 8
W20240702 04:28:40.232789 2107418 compute_service.cc:154] [getPartitionedOutput] brpc://127.0.0.1:55536/task/2-vertex-import-read/0 from 127.0.0.1:50544 destination 7 sequence 0 max try count 8
W20240702 04:28:40.233055 2107422 compute_service.cc:154] [getPartitionedOutput] brpc://127.0.0.1:55536/task/2-vertex-import-read/0 from 127.0.0.1:50544 destination 15 sequence 0 max try count 8
W20240702 04:28:40.233561 2107426 compute_service.cc:154] [getPartitionedOutput] brpc://127.0.0.1:55536/task/2-vertex-import-read/0 from 127.0.0.1:50544 destination 2 sequence 0 max try count 8
W20240702 04:28:40.234156 2107422 compute_service.cc:154] [getPartitionedOutput] brpc://127.0.0.1:55536/task/2-vertex-import-read/0 from 127.0.0.1:50544 destination 27 sequence 0 max try count 8
W20240702 04:28:40.234254 2107426 compute_service.cc:154] [getPartitionedOutput] brpc://127.0.0.1:55536/task/2-vertex-import-read/0 from 127.0.0.1:50544 destination 14 sequence 0 max try count 8
W20240702 04:28:40.234665 2107422 compute_service.cc:154] [getPartitionedOutput] brpc://127.0.0.1:55536/task/2-vertex-import-read/0 from 127.0.0.1:50544 destination 1 sequence 0 max try count 8
W20240702 04:28:40.234972 2107426 compute_service.cc:154] [getPartitionedOutput] brpc://127.0.0.1:55536/task/2-vertex-import-read/0 from 127.0.0.1:50544 destination 26 sequence 0 max try count 8
W20240702 04:28:40.235421 2107422 compute_service.cc:154] [getPartitionedOutput] brpc://127.0.0.1:55536/task/2-vertex-import-read/0 from 127.0.0.1:50544 destination 13 sequence 0 max try count 8
W20240702 04:28:40.236022 2107426 compute_service.cc:154] [getPartitionedOutput] brpc://127.0.0.1:55536/task/2-vertex-import-read/0 from 127.0.0.1:50544 destination 0 sequence 0 max try count 8
I20240702 04:28:44.544821 2107422 state_machine-inl.h:201] fireStateChanged VeloxExecTask state changed to 1
I20240702 04:28:44.546192 2107435 vertex_segment_base.cc:86] createMutableVertexIdIndex --------- commit_key 3.test.ns.g1.job_reuse_label_3.29.snapshot-vid-index
I20240702 04:28:44.546721 2107433 vertex_segment_base.cc:86] createMutableVertexIdIndex --------- commit_key 3.test.ns.g1.job_reuse_label_3.24.snapshot-vid-index
I20240702 04:28:44.547226 2107434 vertex_segment_base.cc:86] createMutableVertexIdIndex --------- commit_key 3.test.ns.g1.job_reuse_label_3.17.snapshot-vid-index
I20240702 04:28:44.547662 2107418 vertex_segment_base.cc:86] createMutableVertexIdIndex --------- commit_key 3.test.ns.g1.job_reuse_label_3.12.snapshot-vid-index
I20240702 04:28:44.548135 2107432 vertex_segment_base.cc:86] createMutableVertexIdIndex --------- commit_key 3.test.ns.g1.job_reuse_label_3.5.snapshot-vid-index
I20240702 04:28:44.548561 2107429 vertex_segment_base.cc:86] createMutableVertexIdIndex --------- commit_key 3.test.ns.g1.job_reuse_label_3.25.snapshot-vid-index
I20240702 04:28:44.548992 2107435 vertex_segment_base.cc:86] createMutableVertexIdIndex --------- commit_key 3.test.ns.g1.job_reuse_label_3.4.snapshot-vid-index
I20240702 04:28:44.549440 2107433 vertex_segment_base.cc:103] createMutableVertexRowIndex --------- commit_key 3.test.ns.g1.job_reuse_label_3.29.snapshot-vtx-row-index
I20240702 04:28:44.549860 2107434 vertex_segment_base.cc:103] createMutableVertexRowIndex --------- commit_key 3.test.ns.g1.job_reuse_label_3.24.snapshot-vtx-row-index
I20240702 04:28:44.550280 2107418 vertex_segment_base.cc:103] createMutableVertexRowIndex --------- commit_key 3.test.ns.g1.job_reuse_label_3.17.snapshot-vtx-row-index
I20240702 04:28:44.550675 2107432 vertex_segment_base.cc:103] createMutableVertexRowIndex --------- commit_key 3.test.ns.g1.job_reuse_label_3.12.snapshot-vtx-row-index
I20240702 04:28:44.551065 2107429 vertex_segment_base.cc:103] createMutableVertexRowIndex --------- commit_key 3.test.ns.g1.job_reuse_label_3.5.snapshot-vtx-row-index
I20240702 04:28:44.551476 2107435 vertex_segment_base.cc:103] createMutableVertexRowIndex --------- commit_key 3.test.ns.g1.job_reuse_label_3.25.snapshot-vtx-row-index
I20240702 04:28:44.551828 2107433 vertex_segment_base.cc:103] createMutableVertexRowIndex --------- commit_key 3.test.ns.g1.job_reuse_label_3.4.snapshot-vtx-row-index
I20240702 04:28:44.551883 2107433 vertex_import_write_exec_task.cc:140] ============================================ VertexImportWriteExecTask schema
ROW<pkey:INTEGER,int32:INTEGER,str:VARCHAR,float64:DOUBLE>
I20240702 04:28:44.555554 2107434 graph_storage_service2.cc:344] Received get task status request for job_id: 3, task_id: 39 task_status: pending { } call id: 2207613190161
I20240702 04:28:44.555665 2107761 graph_storage_service2.cc:276] Getting task status for Task: 3_39 task_status: running { } call id: 2207613190161
I20240702 04:28:44.555737 2107761 graph_storage_service2.cc:291] Get task status success for Task: 3_39 task_status: running { } call id: 2207613190161 latency: 0ms.
I20240702 04:28:44.556290 2107418 graph_storage_service2.cc:344] Received get task status request for job_id: 3, task_id: 39 task_status: running { } call id: 24189255811105
I20240702 04:28:44.561627 2107432 state_machine-inl.h:201] fireStateChanged VeloxExecTask state changed to 1
I20240702 04:28:44.562081 2107432 vertex_import_read_exec_task.cc:125] ============================================ exchange schema
ROW<pkey:INTEGER,int32:INTEGER,str:VARCHAR,float64:DOUBLE>
I20240702 04:28:44.567775 2107426 graph_storage_service2.cc:344] Received get task status request for job_id: 3, task_id: 36 task_status: pending { } call id: 20895015895049
I20240702 04:28:44.567901 2107761 graph_storage_service2.cc:276] Getting task status for Task: 3_36 task_status: running { } call id: 20895015895049
I20240702 04:28:44.567975 2107761 graph_storage_service2.cc:291] Get task status success for Task: 3_36 task_status: running { } call id: 20895015895049 latency: 0ms.
I20240702 04:28:44.609568 2107782 Task.cpp:983] All drivers (10) finished for task brpc://127.0.0.1:55536/task/3-vertex-import-read/0 after running for 47 ms.
I20240702 04:28:44.620402 2107434 Task.cpp:1665] Terminating task brpc://127.0.0.1:55536/task/3-vertex-import-read/0 with state Finished after running for 58 ms.
I20240702 04:28:44.620510 2107758 state_machine-inl.h:201] fireStateChanged VeloxExecTask state changed to 2
I20240702 04:28:44.670853 2107757 Task.cpp:983] All drivers (1) finished for task local://localhost:0/task/3-vertex-import-write/4 after running for 116 ms.
I20240702 04:28:44.670964 2107757 Task.cpp:1665] Terminating task local://localhost:0/task/3-vertex-import-write/4 with state Finished after running for 116 ms.
I20240702 04:28:44.671892 2107755 Task.cpp:983] All drivers (1) finished for task local://localhost:0/task/3-vertex-import-write/12 after running for 118 ms.
I20240702 04:28:44.671963 2107782 Task.cpp:983] All drivers (1) finished for task local://localhost:0/task/3-vertex-import-write/29 after running for 119 ms.
I20240702 04:28:44.672004 2107782 Task.cpp:1665] Terminating task local://localhost:0/task/3-vertex-import-write/29 with state Finished after running for 120 ms.
I20240702 04:28:44.672159 2107755 Task.cpp:1665] Terminating task local://localhost:0/task/3-vertex-import-write/12 with state Finished after running for 119 ms.
I20240702 04:28:44.672561 2107760 Task.cpp:983] All drivers (1) finished for task local://localhost:0/task/3-vertex-import-write/5 after running for 119 ms.
I20240702 04:28:44.672622 2107760 Task.cpp:1665] Terminating task local://localhost:0/task/3-vertex-import-write/5 with state Finished after running for 119 ms.
I20240702 04:28:44.678205 2107758 Task.cpp:983] All drivers (1) finished for task local://localhost:0/task/3-vertex-import-write/25 after running for 124 ms.
I20240702 04:28:44.678241 2107787 Task.cpp:983] All drivers (1) finished for task local://localhost:0/task/3-vertex-import-write/24 after running for 126 ms.
I20240702 04:28:44.678268 2107758 Task.cpp:1665] Terminating task local://localhost:0/task/3-vertex-import-write/25 with state Finished after running for 124 ms.
I20240702 04:28:44.678285 2107787 Task.cpp:1665] Terminating task local://localhost:0/task/3-vertex-import-write/24 with state Finished after running for 126 ms.
I20240702 04:28:44.682839 2107754 Task.cpp:983] All drivers (1) finished for task local://localhost:0/task/3-vertex-import-write/17 after running for 129 ms.
I20240702 04:28:44.682894 2107754 Task.cpp:1665] Terminating task local://localhost:0/task/3-vertex-import-write/17 with state Finished after running for 129 ms.
W20240702 04:28:44.915000 2107418 input_messenger.cpp:375] Fail to read from Socket{id=106 fd=12 addr=127.0.0.1:55528:49658} (0x631000051200): Connection reset by peer [104]
W20240702 04:28:44.915056 2107433 input_messenger.cpp:375] Fail to read from Socket{id=105 fd=13 addr=127.0.0.1:54866:55536} (0x631000050f80): Connection reset by peer [104]
E20240702 04:28:44.915441 2107758 meta_service_client.cc:721] MetaServiceClient call submitImportJobFiles() failed[E104]Fail to read from Socket{id=106 fd=12 addr=127.0.0.1:55528:49658} (0x0x631000051200): Connection reset by peer [R1][E111]Fail to connect Socket{id=510 addr=127.0.0.1:55528} (0x0x6310000a0800): Connection refused [R2][E112]Not connected to 127.0.0.1:55528 yet, server_id=17179869184 [R3][E112]Not connected to 127.0.0.1:55528 yet, server_id=17179869184
I20240702 04:28:44.915477 2107758 meta_service_client.cc:723] Retry submitImportJobFiles() after 1000ms
I20240702 04:28:45.015610 2107422 socket.cpp:2465] Checking Socket{id=17179869184 addr=127.0.0.1:55528} (0x631000028800)
I20240702 04:28:45.767493 2107433 graph_storage_service2.cc:344] Received get task status request for job_id: 3, task_id: 39 task_status: pending { } call id: 29686813949961
I20240702 04:28:45.767696 2107802 graph_storage_service2.cc:276] Getting task status for Task: 3_39 task_status: running { } call id: 29686813949961
I20240702 04:28:45.767752 2107802 graph_storage_service2.cc:291] Get task status success for Task: 3_39 task_status: running { } call id: 29686813949961 latency: 0ms.
I20240702 04:28:45.767707 2107418 graph_storage_service2.cc:344] Received get task status request for job_id: 3, task_id: 36 task_status: pending { } call id: 10995116277789
I20240702 04:28:45.767832 2107802 graph_storage_service2.cc:276] Getting task status for Task: 3_36 task_status: finished { } call id: 10995116277789
I20240702 04:28:45.767858 2107802 graph_storage_service2.cc:291] Get task status success for Task: 3_36 task_status: finished { } call id: 10995116277789 latency: 0ms.
I20240702 04:28:45.770185 2107429 graph_storage_service2.cc:344] Received get task status request for job_id: 3, task_id: 39 task_status: running { } call id: 28591597289485
I20240702 04:28:45.922148 2107758 meta_service_client.cc:729] Successfully submitImportJobFiles
I20240702 04:28:45.922361 2107758 state_machine-inl.h:201] fireStateChanged VeloxExecTask state changed to 2
I20240702 04:28:45.922458 2107761 graph_storage_service2.cc:276] Getting task status for Task: 3_39 task_status: finished { } call id: 24189255811105
I20240702 04:28:45.922518 2107802 graph_storage_service2.cc:276] Getting task status for Task: 3_39 task_status: finished { } call id: 28591597289485
W20240702 04:28:45.922525 2107761 graph_storage_service2.cc:283] Get task status for Task: 3_39 task_status: finished { } call id: 24189255811105 latency too high: 1366ms. This may cause client timeout. You may need to increase the max_wait_time_ms in the request, or increase the max_system_cpu_threads in the configuration file.
I20240702 04:28:45.922586 2107802 graph_storage_service2.cc:291] Get task status success for Task: 3_39 task_status: finished { } call id: 28591597289485 latency: 152ms.
W20240702 04:28:45.922659 2107761 http_rpc_protocol.cpp:954] Fail to write into Socket{id=105 fd=13 addr=127.0.0.1:54866:55536} (0x631000050f80): Connection reset by peer [104]
I20240702 04:28:46.001485 2107432 local_data_manager.cc:71] Successfully updated the vertex id index for job 3 with snapshot id: 1
I20240702 04:28:46.001546 2107432 local_data_manager.cc:71] Successfully updated the vertex id index for job 3 with snapshot id: 1
I20240702 04:28:46.001582 2107432 local_data_manager.cc:71] Successfully updated the vertex id index for job 3 with snapshot id: 1
I20240702 04:28:46.001613 2107432 local_data_manager.cc:71] Successfully updated the vertex id index for job 3 with snapshot id: 1
I20240702 04:28:46.001654 2107432 local_data_manager.cc:71] Successfully updated the vertex id index for job 3 with snapshot id: 1
I20240702 04:28:46.001694 2107432 local_data_manager.cc:71] Successfully updated the vertex id index for job 3 with snapshot id: 1
I20240702 04:28:46.001727 2107432 local_data_manager.cc:71] Successfully updated the vertex id index for job 3 with snapshot id: 1
I20240702 04:28:52.539085 2107429 state_machine-inl.h:201] fireStateChanged VeloxExecTask state changed to 1
I20240702 04:28:52.539741 2107418 vertex_segment_base.cc:86] createMutableVertexIdIndex --------- commit_key 4.test.ns.g1.job_reuse_label_4.29.snapshot-vid-index
I20240702 04:28:52.540283 2107435 vertex_segment_base.cc:86] createMutableVertexIdIndex --------- commit_key 4.test.ns.g1.job_reuse_label_4.24.snapshot-vid-index
I20240702 04:28:52.540730 2107434 vertex_segment_base.cc:86] createMutableVertexIdIndex --------- commit_key 4.test.ns.g1.job_reuse_label_4.17.snapshot-vid-index
I20240702 04:28:52.541129 2107433 vertex_segment_base.cc:86] createMutableVertexIdIndex --------- commit_key 4.test.ns.g1.job_reuse_label_4.12.snapshot-vid-index
I20240702 04:28:52.541541 2107432 vertex_segment_base.cc:86] createMutableVertexIdIndex --------- commit_key 4.test.ns.g1.job_reuse_label_4.5.snapshot-vid-index
I20240702 04:28:52.541989 2107429 vertex_segment_base.cc:86] createMutableVertexIdIndex --------- commit_key 4.test.ns.g1.job_reuse_label_4.25.snapshot-vid-index
I20240702 04:28:52.542389 2107418 vertex_segment_base.cc:86] createMutableVertexIdIndex --------- commit_key 4.test.ns.g1.job_reuse_label_4.4.snapshot-vid-index
I20240702 04:28:52.542853 2107435 vertex_segment_base.cc:103] createMutableVertexRowIndex --------- commit_key 4.test.ns.g1.job_reuse_label_4.29.snapshot-vtx-row-index
I20240702 04:28:52.543256 2107434 vertex_segment_base.cc:103] createMutableVertexRowIndex --------- commit_key 4.test.ns.g1.job_reuse_label_4.24.snapshot-vtx-row-index
I20240702 04:28:52.543578 2107433 vertex_segment_base.cc:103] createMutableVertexRowIndex --------- commit_key 4.test.ns.g1.job_reuse_label_4.17.snapshot-vtx-row-index
I20240702 04:28:52.543988 2107432 vertex_segment_base.cc:103] createMutableVertexRowIndex --------- commit_key 4.test.ns.g1.job_reuse_label_4.12.snapshot-vtx-row-index
I20240702 04:28:52.544415 2107429 vertex_segment_base.cc:103] createMutableVertexRowIndex --------- commit_key 4.test.ns.g1.job_reuse_label_4.5.snapshot-vtx-row-index
I20240702 04:28:52.544761 2107418 vertex_segment_base.cc:103] createMutableVertexRowIndex --------- commit_key 4.test.ns.g1.job_reuse_label_4.25.snapshot-vtx-row-index
I20240702 04:28:52.545215 2107435 vertex_segment_base.cc:103] createMutableVertexRowIndex --------- commit_key 4.test.ns.g1.job_reuse_label_4.4.snapshot-vtx-row-index
I20240702 04:28:52.545337 2107435 vertex_import_write_exec_task.cc:140] ============================================ VertexImportWriteExecTask schema
ROW<pkey:INTEGER,int32:INTEGER,str:VARCHAR,float64:DOUBLE>
I20240702 04:28:52.550168 2107434 graph_storage_service2.cc:344] Received get task status request for job_id: 4, task_id: 51 task_status: pending { } call id: 12116102742089
I20240702 04:28:52.550300 2107761 graph_storage_service2.cc:276] Getting task status for Task: 4_51 task_status: running { } call id: 12116102742089
I20240702 04:28:52.550359 2107761 graph_storage_service2.cc:291] Get task status success for Task: 4_51 task_status: running { } call id: 12116102742089 latency: 0ms.
I20240702 04:28:52.550910 2107433 graph_storage_service2.cc:344] Received get task status request for job_id: 4, task_id: 51 task_status: running { } call id: 13224204304405
I20240702 04:28:52.553001 2107432 state_machine-inl.h:201] fireStateChanged VeloxExecTask state changed to 1
I20240702 04:28:52.553256 2107432 vertex_import_read_exec_task.cc:125] ============================================ exchange schema
ROW<pkey:INTEGER,int32:INTEGER,str:VARCHAR,float64:DOUBLE>
I20240702 04:28:52.554703 2107429 graph_storage_service2.cc:344] Received get task status request for job_id: 4, task_id: 49 task_status: pending { } call id: 13215614369817
I20240702 04:28:52.554818 2107761 graph_storage_service2.cc:276] Getting task status for Task: 4_49 task_status: running { } call id: 13215614369817
I20240702 04:28:52.554874 2107761 graph_storage_service2.cc:291] Get task status success for Task: 4_49 task_status: running { } call id: 13215614369817 latency: 0ms.
I20240702 04:28:52.555464 2107418 graph_storage_service2.cc:344] Received get task status request for job_id: 4, task_id: 49 task_status: running { } call id: 29691108917273
I20240702 04:28:52.565589 2107784 Task.cpp:983] All drivers (10) finished for task brpc://127.0.0.1:55536/task/4-vertex-import-read/0 after running for 12 ms.
I20240702 04:28:52.606374 2107429 Task.cpp:1665] Terminating task brpc://127.0.0.1:55536/task/4-vertex-import-read/0 with state Finished after running for 53 ms.
I20240702 04:28:52.607879 2107784 state_machine-inl.h:201] fireStateChanged VeloxExecTask state changed to 2
I20240702 04:28:52.609017 2107799 graph_storage_service2.cc:276] Getting task status for Task: 4_49 task_status: finished { } call id: 29691108917273
I20240702 04:28:52.609107 2107799 graph_storage_service2.cc:291] Get task status success for Task: 4_49 task_status: finished { } call id: 29691108917273 latency: 54ms.
I20240702 04:28:52.642493 2107757 Task.cpp:983] All drivers (1) finished for task local://localhost:0/task/4-vertex-import-write/29 after running for 97 ms.
I20240702 04:28:52.642575 2107757 Task.cpp:1665] Terminating task local://localhost:0/task/4-vertex-import-write/29 with state Finished after running for 97 ms.
I20240702 04:28:52.642573 2107760 Task.cpp:983] All drivers (1) finished for task local://localhost:0/task/4-vertex-import-write/24 after running for 96 ms.
I20240702 04:28:52.642668 2107760 Task.cpp:1665] Terminating task local://localhost:0/task/4-vertex-import-write/24 with state Finished after running for 96 ms.
I20240702 04:28:52.644362 2107754 Task.cpp:983] All drivers (1) finished for task local://localhost:0/task/4-vertex-import-write/4 after running for 95 ms.
I20240702 04:28:52.644423 2107754 Task.cpp:1665] Terminating task local://localhost:0/task/4-vertex-import-write/4 with state Finished after running for 95 ms.
I20240702 04:28:52.644506 2107782 Task.cpp:983] All drivers (1) finished for task local://localhost:0/task/4-vertex-import-write/25 after running for 96 ms.
I20240702 04:28:52.644534 2107782 Task.cpp:1665] Terminating task local://localhost:0/task/4-vertex-import-write/25 with state Finished after running for 96 ms.
I20240702 04:28:52.645532 2107787 Task.cpp:983] All drivers (1) finished for task local://localhost:0/task/4-vertex-import-write/5 after running for 97 ms.
I20240702 04:28:52.645587 2107787 Task.cpp:1665] Terminating task local://localhost:0/task/4-vertex-import-write/5 with state Finished after running for 97 ms.
I20240702 04:28:52.647332 2107758 Task.cpp:983] All drivers (1) finished for task local://localhost:0/task/4-vertex-import-write/12 after running for 100 ms.
I20240702 04:28:52.647393 2107758 Task.cpp:1665] Terminating task local://localhost:0/task/4-vertex-import-write/12 with state Finished after running for 100 ms.
I20240702 04:28:52.648165 2107755 Task.cpp:983] All drivers (1) finished for task local://localhost:0/task/4-vertex-import-write/17 after running for 101 ms.
I20240702 04:28:52.648228 2107755 Task.cpp:1665] Terminating task local://localhost:0/task/4-vertex-import-write/17 with state Finished after running for 101 ms.
I20240702 04:28:52.654793 2107782 meta_service_client.cc:729] Successfully submitImportJobFiles
I20240702 04:28:52.654958 2107782 state_machine-inl.h:201] fireStateChanged VeloxExecTask state changed to 2
I20240702 04:28:52.655093 2107761 graph_storage_service2.cc:276] Getting task status for Task: 4_51 task_status: finished { } call id: 13224204304405
I20240702 04:28:52.655157 2107761 graph_storage_service2.cc:291] Get task status success for Task: 4_51 task_status: finished { } call id: 13224204304405 latency: 105ms.
I20240702 04:28:53.718781 2107418 local_data_manager.cc:71] Successfully updated the vertex id index for job 4 with snapshot id: 1
I20240702 04:28:53.718837 2107418 local_data_manager.cc:71] Successfully updated the vertex id index for job 4 with snapshot id: 1
I20240702 04:28:53.718861 2107418 local_data_manager.cc:71] Successfully updated the vertex id index for job 4 with snapshot id: 1
I20240702 04:28:53.718886 2107418 local_data_manager.cc:71] Successfully updated the vertex id index for job 4 with snapshot id: 1
I20240702 04:28:53.718917 2107418 local_data_manager.cc:71] Successfully updated the vertex id index for job 4 with snapshot id: 1
I20240702 04:28:53.718972 2107418 local_data_manager.cc:71] Successfully updated the vertex id index for job 4 with snapshot id: 1
I20240702 04:28:53.718995 2107418 local_data_manager.cc:71] Successfully updated the vertex id index for job 4 with snapshot id: 1
I20240702 04:29:00.519706 2107434 state_machine-inl.h:201] fireStateChanged VeloxExecTask state changed to 1
I20240702 04:29:00.520720 2107432 vertex_segment_base.cc:86] createMutableVertexIdIndex --------- commit_key 5.test.ns.g1.job_reuse_label_5.29.snapshot-vid-index
I20240702 04:29:00.521159 2107435 vertex_segment_base.cc:86] createMutableVertexIdIndex --------- commit_key 5.test.ns.g1.job_reuse_label_5.24.snapshot-vid-index
I20240702 04:29:00.521553 2107418 vertex_segment_base.cc:86] createMutableVertexIdIndex --------- commit_key 5.test.ns.g1.job_reuse_label_5.17.snapshot-vid-index
I20240702 04:29:00.521911 2107434 vertex_segment_base.cc:86] createMutableVertexIdIndex --------- commit_key 5.test.ns.g1.job_reuse_label_5.12.snapshot-vid-index
I20240702 04:29:00.522321 2107429 vertex_segment_base.cc:86] createMutableVertexIdIndex --------- commit_key 5.test.ns.g1.job_reuse_label_5.5.snapshot-vid-index
I20240702 04:29:00.522711 2107433 vertex_segment_base.cc:86] createMutableVertexIdIndex --------- commit_key 5.test.ns.g1.job_reuse_label_5.25.snapshot-vid-index
I20240702 04:29:00.523087 2107432 vertex_segment_base.cc:86] createMutableVertexIdIndex --------- commit_key 5.test.ns.g1.job_reuse_label_5.4.snapshot-vid-index
I20240702 04:29:00.523541 2107435 vertex_segment_base.cc:103] createMutableVertexRowIndex --------- commit_key 5.test.ns.g1.job_reuse_label_5.29.snapshot-vtx-row-index
I20240702 04:29:00.523898 2107418 vertex_segment_base.cc:103] createMutableVertexRowIndex --------- commit_key 5.test.ns.g1.job_reuse_label_5.24.snapshot-vtx-row-index
I20240702 04:29:00.524327 2107434 vertex_segment_base.cc:103] createMutableVertexRowIndex --------- commit_key 5.test.ns.g1.job_reuse_label_5.17.snapshot-vtx-row-index
I20240702 04:29:00.524711 2107429 vertex_segment_base.cc:103] createMutableVertexRowIndex --------- commit_key 5.test.ns.g1.job_reuse_label_5.12.snapshot-vtx-row-index
I20240702 04:29:00.525121 2107433 vertex_segment_base.cc:103] createMutableVertexRowIndex --------- commit_key 5.test.ns.g1.job_reuse_label_5.5.snapshot-vtx-row-index
I20240702 04:29:00.525472 2107432 vertex_segment_base.cc:103] createMutableVertexRowIndex --------- commit_key 5.test.ns.g1.job_reuse_label_5.25.snapshot-vtx-row-index
I20240702 04:29:00.525818 2107435 vertex_segment_base.cc:103] createMutableVertexRowIndex --------- commit_key 5.test.ns.g1.job_reuse_label_5.4.snapshot-vtx-row-index
I20240702 04:29:00.525894 2107435 vertex_import_write_exec_task.cc:140] ============================================ VertexImportWriteExecTask schema
ROW<pkey:INTEGER,int32:INTEGER,str:VARCHAR,float64:DOUBLE>
I20240702 04:29:00.529142 2107418 graph_storage_service2.cc:344] Received get task status request for job_id: 5, task_id: 63 task_status: pending { } call id: 3311419785265
I20240702 04:29:00.529246 2107761 graph_storage_service2.cc:276] Getting task status for Task: 5_63 task_status: running { } call id: 3311419785265
I20240702 04:29:00.529299 2107761 graph_storage_service2.cc:291] Get task status success for Task: 5_63 task_status: running { } call id: 3311419785265 latency: 0ms.
I20240702 04:29:00.529785 2107434 graph_storage_service2.cc:344] Received get task status request for job_id: 5, task_id: 63 task_status: running { } call id: 15423227559961
I20240702 04:29:00.531247 2107429 state_machine-inl.h:201] fireStateChanged VeloxExecTask state changed to 1
I20240702 04:29:00.531584 2107429 vertex_import_read_exec_task.cc:125] ============================================ exchange schema
ROW<pkey:INTEGER,int32:INTEGER,str:VARCHAR,float64:DOUBLE>
I20240702 04:29:00.533617 2107433 graph_storage_service2.cc:344] Received get task status request for job_id: 5, task_id: 61 task_status: pending { } call id: 8860517531665
I20240702 04:29:00.533771 2107761 graph_storage_service2.cc:276] Getting task status for Task: 5_61 task_status: running { } call id: 8860517531665
I20240702 04:29:00.533812 2107761 graph_storage_service2.cc:291] Get task status success for Task: 5_61 task_status: running { } call id: 8860517531665 latency: 0ms.
I20240702 04:29:00.534387 2107432 graph_storage_service2.cc:344] Received get task status request for job_id: 5, task_id: 61 task_status: running { } call id: 28608777158677
I20240702 04:29:00.542794 2108637 Task.cpp:983] All drivers (10) finished for task brpc://127.0.0.1:55536/task/5-vertex-import-read/0 after running for 10 ms.
I20240702 04:29:00.571202 2107428 Task.cpp:1665] Terminating task brpc://127.0.0.1:55536/task/5-vertex-import-read/0 with state Finished after running for 39 ms.
I20240702 04:29:00.571692 2108637 state_machine-inl.h:201] fireStateChanged VeloxExecTask state changed to 2
I20240702 04:29:00.572192 2107761 graph_storage_service2.cc:276] Getting task status for Task: 5_61 task_status: finished { } call id: 28608777158677
I20240702 04:29:00.572250 2107761 graph_storage_service2.cc:291] Get task status success for Task: 5_61 task_status: finished { } call id: 28608777158677 latency: 38ms.
I20240702 04:29:00.612257 2107760 Task.cpp:983] All drivers (1) finished for task local://localhost:0/task/5-vertex-import-write/12 after running for 85 ms.
I20240702 04:29:00.612274 2107758 Task.cpp:983] All drivers (1) finished for task local://localhost:0/task/5-vertex-import-write/5 after running for 85 ms.
I20240702 04:29:00.612356 2107760 Task.cpp:1665] Terminating task local://localhost:0/task/5-vertex-import-write/12 with state Finished after running for 85 ms.
I20240702 04:29:00.612371 2107758 Task.cpp:1665] Terminating task local://localhost:0/task/5-vertex-import-write/5 with state Finished after running for 85 ms.
I20240702 04:29:00.613163 2107782 Task.cpp:983] All drivers (1) finished for task local://localhost:0/task/5-vertex-import-write/24 after running for 87 ms.
I20240702 04:29:00.613220 2107782 Task.cpp:1665] Terminating task local://localhost:0/task/5-vertex-import-write/24 with state Finished after running for 87 ms.
I20240702 04:29:00.613246 2107757 Task.cpp:983] All drivers (1) finished for task local://localhost:0/task/5-vertex-import-write/25 after running for 85 ms.
I20240702 04:29:00.613260 2107787 Task.cpp:983] All drivers (1) finished for task local://localhost:0/task/5-vertex-import-write/29 after running for 87 ms.
I20240702 04:29:00.613312 2107757 Task.cpp:1665] Terminating task local://localhost:0/task/5-vertex-import-write/25 with state Finished after running for 85 ms.
I20240702 04:29:00.613327 2107787 Task.cpp:1665] Terminating task local://localhost:0/task/5-vertex-import-write/29 with state Finished after running for 87 ms.
I20240702 04:29:00.614403 2107755 Task.cpp:983] All drivers (1) finished for task local://localhost:0/task/5-vertex-import-write/17 after running for 87 ms.
I20240702 04:29:00.614454 2107755 Task.cpp:1665] Terminating task local://localhost:0/task/5-vertex-import-write/17 with state Finished after running for 87 ms.
I20240702 04:29:00.615818 2107754 Task.cpp:983] All drivers (1) finished for task local://localhost:0/task/5-vertex-import-write/4 after running for 87 ms.
I20240702 04:29:00.615880 2107754 Task.cpp:1665] Terminating task local://localhost:0/task/5-vertex-import-write/4 with state Finished after running for 87 ms.
I20240702 04:29:00.621241 2107757 meta_service_client.cc:729] Successfully submitImportJobFiles
I20240702 04:29:00.621351 2107757 state_machine-inl.h:201] fireStateChanged VeloxExecTask state changed to 2
I20240702 04:29:00.621501 2107761 graph_storage_service2.cc:276] Getting task status for Task: 5_63 task_status: finished { } call id: 15423227559961
I20240702 04:29:00.621553 2107761 graph_storage_service2.cc:291] Get task status success for Task: 5_63 task_status: finished { } call id: 15423227559961 latency: 92ms.
I20240702 04:29:01.752344 2107423 local_data_manager.cc:71] Successfully updated the vertex id index for job 5 with snapshot id: 1
I20240702 04:29:01.752413 2107423 local_data_manager.cc:71] Successfully updated the vertex id index for job 5 with snapshot id: 1
I20240702 04:29:01.752439 2107423 local_data_manager.cc:71] Successfully updated the vertex id index for job 5 with snapshot id: 1
I20240702 04:29:01.752461 2107423 local_data_manager.cc:71] Successfully updated the vertex id index for job 5 with snapshot id: 1
I20240702 04:29:01.752485 2107423 local_data_manager.cc:71] Successfully updated the vertex id index for job 5 with snapshot id: 1
I20240702 04:29:01.752507 2107423 local_data_manager.cc:71] Successfully updated the vertex id index for job 5 with snapshot id: 1
I20240702 04:29:01.752535 2107423 local_data_manager.cc:71] Successfully updated the vertex id index for job 5 with snapshot id: 1
I20240702 04:29:08.495323 2107425 state_machine-inl.h:201] fireStateChanged VeloxExecTask state changed to 1
I20240702 04:29:08.496446 2107421 vertex_segment_base.cc:86] createMutableVertexIdIndex --------- commit_key 6.test.ns.g1.job_reuse_label_6.29.snapshot-vid-index
I20240702 04:29:08.496878 2107419 vertex_segment_base.cc:86] createMutableVertexIdIndex --------- commit_key 6.test.ns.g1.job_reuse_label_6.24.snapshot-vid-index
I20240702 04:29:08.497354 2107431 vertex_segment_base.cc:86] createMutableVertexIdIndex --------- commit_key 6.test.ns.g1.job_reuse_label_6.17.snapshot-vid-index
I20240702 04:29:08.497851 2107430 vertex_segment_base.cc:86] createMutableVertexIdIndex --------- commit_key 6.test.ns.g1.job_reuse_label_6.12.snapshot-vid-index
I20240702 04:29:08.498292 2107423 vertex_segment_base.cc:86] createMutableVertexIdIndex --------- commit_key 6.test.ns.g1.job_reuse_label_6.5.snapshot-vid-index
I20240702 04:29:08.498662 2107425 vertex_segment_base.cc:86] createMutableVertexIdIndex --------- commit_key 6.test.ns.g1.job_reuse_label_6.25.snapshot-vid-index
I20240702 04:29:08.499130 2107428 vertex_segment_base.cc:86] createMutableVertexIdIndex --------- commit_key 6.test.ns.g1.job_reuse_label_6.4.snapshot-vid-index
I20240702 04:29:08.499598 2107420 vertex_segment_base.cc:103] createMutableVertexRowIndex --------- commit_key 6.test.ns.g1.job_reuse_label_6.29.snapshot-vtx-row-index
I20240702 04:29:08.500044 2107421 vertex_segment_base.cc:103] createMutableVertexRowIndex --------- commit_key 6.test.ns.g1.job_reuse_label_6.24.snapshot-vtx-row-index
I20240702 04:29:08.500448 2107419 vertex_segment_base.cc:103] createMutableVertexRowIndex --------- commit_key 6.test.ns.g1.job_reuse_label_6.17.snapshot-vtx-row-index
I20240702 04:29:08.500886 2107431 vertex_segment_base.cc:103] createMutableVertexRowIndex --------- commit_key 6.test.ns.g1.job_reuse_label_6.12.snapshot-vtx-row-index
I20240702 04:29:08.501297 2107430 vertex_segment_base.cc:103] createMutableVertexRowIndex --------- commit_key 6.test.ns.g1.job_reuse_label_6.5.snapshot-vtx-row-index
I20240702 04:29:08.501677 2107423 vertex_segment_base.cc:103] createMutableVertexRowIndex --------- commit_key 6.test.ns.g1.job_reuse_label_6.25.snapshot-vtx-row-index
I20240702 04:29:08.502060 2107425 vertex_segment_base.cc:103] createMutableVertexRowIndex --------- commit_key 6.test.ns.g1.job_reuse_label_6.4.snapshot-vtx-row-index
I20240702 04:29:08.502123 2107425 vertex_import_write_exec_task.cc:140] ============================================ VertexImportWriteExecTask schema
ROW<pkey:INTEGER,int32:INTEGER,str:VARCHAR,float64:DOUBLE>
I20240702 04:29:08.505705 2107428 graph_storage_service2.cc:344] Received get task status request for job_id: 6, task_id: 75 task_status: pending { } call id: 9912784519273
I20240702 04:29:08.505831 2107761 graph_storage_service2.cc:276] Getting task status for Task: 6_75 task_status: running { } call id: 9912784519273
I20240702 04:29:08.505884 2107761 graph_storage_service2.cc:291] Get task status success for Task: 6_75 task_status: running { } call id: 9912784519273 latency: 0ms.
I20240702 04:29:08.506412 2107420 graph_storage_service2.cc:344] Received get task status request for job_id: 6, task_id: 75 task_status: running { } call id: 13258564042769
I20240702 04:29:08.508124 2107421 state_machine-inl.h:201] fireStateChanged VeloxExecTask state changed to 1
I20240702 04:29:08.508519 2107421 vertex_import_read_exec_task.cc:125] ============================================ exchange schema
ROW<pkey:INTEGER,int32:INTEGER,str:VARCHAR,float64:DOUBLE>
I20240702 04:29:08.510721 2107419 graph_storage_service2.cc:344] Received get task status request for job_id: 6, task_id: 73 task_status: pending { } call id: 12159052415005
I20240702 04:29:08.510838 2107761 graph_storage_service2.cc:276] Getting task status for Task: 6_73 task_status: running { } call id: 12159052415005
I20240702 04:29:08.510911 2107761 graph_storage_service2.cc:291] Get task status success for Task: 6_73 task_status: running { } call id: 12159052415005 latency: 0ms.
I20240702 04:29:08.511644 2107431 graph_storage_service2.cc:344] Received get task status request for job_id: 6, task_id: 73 task_status: running { } call id: 9938554322973
I20240702 04:29:08.521669 2107783 Task.cpp:983] All drivers (10) finished for task brpc://127.0.0.1:55536/task/6-vertex-import-read/0 after running for 13 ms.
I20240702 04:29:08.548382 2107430 Task.cpp:1665] Terminating task brpc://127.0.0.1:55536/task/6-vertex-import-read/0 with state Finished after running for 40 ms.
I20240702 04:29:08.548509 2107783 state_machine-inl.h:201] fireStateChanged VeloxExecTask state changed to 2
I20240702 04:29:08.548686 2107761 graph_storage_service2.cc:276] Getting task status for Task: 6_73 task_status: finished { } call id: 9938554322973
I20240702 04:29:08.548738 2107761 graph_storage_service2.cc:291] Get task status success for Task: 6_73 task_status: finished { } call id: 9938554322973 latency: 37ms.
I20240702 04:29:08.568279 2107758 Task.cpp:983] All drivers (1) finished for task local://localhost:0/task/6-vertex-import-write/29 after running for 66 ms.
I20240702 04:29:08.568404 2107758 Task.cpp:1665] Terminating task local://localhost:0/task/6-vertex-import-write/29 with state Finished after running for 66 ms.
I20240702 04:29:08.568459 2107782 Task.cpp:983] All drivers (1) finished for task local://localhost:0/task/6-vertex-import-write/24 after running for 66 ms.
I20240702 04:29:08.568508 2107782 Task.cpp:1665] Terminating task local://localhost:0/task/6-vertex-import-write/24 with state Finished after running for 66 ms.
I20240702 04:29:08.572609 2107760 Task.cpp:983] All drivers (1) finished for task local://localhost:0/task/6-vertex-import-write/25 after running for 68 ms.
I20240702 04:29:08.572666 2107760 Task.cpp:1665] Terminating task local://localhost:0/task/6-vertex-import-write/25 with state Finished after running for 68 ms.
I20240702 04:29:08.573040 2107757 Task.cpp:983] All drivers (1) finished for task local://localhost:0/task/6-vertex-import-write/5 after running for 69 ms.
I20240702 04:29:08.573097 2107757 Task.cpp:1665] Terminating task local://localhost:0/task/6-vertex-import-write/5 with state Finished after running for 69 ms.
I20240702 04:29:08.573446 2107755 Task.cpp:983] All drivers (1) finished for task local://localhost:0/task/6-vertex-import-write/12 after running for 70 ms.
I20240702 04:29:08.573484 2107755 Task.cpp:1665] Terminating task local://localhost:0/task/6-vertex-import-write/12 with state Finished after running for 70 ms.
I20240702 04:29:08.575850 2107787 Task.cpp:983] All drivers (1) finished for task local://localhost:0/task/6-vertex-import-write/17 after running for 72 ms.
I20240702 04:29:08.575956 2107787 Task.cpp:1665] Terminating task local://localhost:0/task/6-vertex-import-write/17 with state Finished after running for 72 ms.
I20240702 04:29:08.578488 2107754 Task.cpp:983] All drivers (1) finished for task local://localhost:0/task/6-vertex-import-write/4 after running for 74 ms.
I20240702 04:29:08.578541 2107754 Task.cpp:1665] Terminating task local://localhost:0/task/6-vertex-import-write/4 with state Finished after running for 74 ms.
I20240702 04:29:08.583220 2107755 meta_service_client.cc:729] Successfully submitImportJobFiles
I20240702 04:29:08.583366 2107755 state_machine-inl.h:201] fireStateChanged VeloxExecTask state changed to 2
I20240702 04:29:08.583513 2107761 graph_storage_service2.cc:276] Getting task status for Task: 6_75 task_status: finished { } call id: 13258564042769
I20240702 04:29:08.583566 2107761 graph_storage_service2.cc:291] Get task status success for Task: 6_75 task_status: finished { } call id: 13258564042769 latency: 77ms.
I20240702 04:29:16.448060 2107426 state_machine-inl.h:201] fireStateChanged VeloxExecTask state changed to 1
I20240702 04:29:16.449239 2107426 vertex_segment_base.cc:86] createMutableVertexIdIndex --------- commit_key 7.test.ns.g1.vlabel_1_job_reuse_label_7.29.snapshot-vid-index
