I20240702 04:29:18.576272 2107490 state_machine-inl.h:201] fireStateChanged VeloxExecTask state changed to 1
I20240702 04:29:18.576947 2107489 edge_segment_base.cc:68] createMutableEdgeRowIndex --------- commit_key 9.test.ns.g1.__internal_anonymous_reverse_edge_label_job_reuse_label_7.3.snapshot-edge-row-index
I20240702 04:29:18.577316 2107485 edge_segment_base.cc:68] createMutableEdgeRowIndex --------- commit_key 9.test.ns.g1.__internal_anonymous_reverse_edge_label_job_reuse_label_7.6.snapshot-edge-row-index
I20240702 04:29:18.577725 2107491 edge_segment_base.cc:68] createMutableEdgeRowIndex --------- commit_key 9.test.ns.g1.__internal_anonymous_reverse_edge_label_job_reuse_label_7.9.snapshot-edge-row-index
I20240702 04:29:18.578119 2107499 edge_segment_base.cc:68] createMutableEdgeRowIndex --------- commit_key 9.test.ns.g1.__internal_anonymous_reverse_edge_label_job_reuse_label_7.10.snapshot-edge-row-index
I20240702 04:29:18.578420 2107490 edge_segment_base.cc:68] createMutableEdgeRowIndex --------- commit_key 9.test.ns.g1.__internal_anonymous_reverse_edge_label_job_reuse_label_7.11.snapshot-edge-row-index
I20240702 04:29:18.578771 2107489 edge_segment_base.cc:68] createMutableEdgeRowIndex --------- commit_key 9.test.ns.g1.__internal_anonymous_reverse_edge_label_job_reuse_label_7.16.snapshot-edge-row-index
I20240702 04:29:18.579160 2107485 edge_segment_base.cc:68] createMutableEdgeRowIndex --------- commit_key 9.test.ns.g1.__internal_anonymous_reverse_edge_label_job_reuse_label_7.18.snapshot-edge-row-index
I20240702 04:29:18.579512 2107491 edge_segment_base.cc:68] createMutableEdgeRowIndex --------- commit_key 9.test.ns.g1.__internal_anonymous_reverse_edge_label_job_reuse_label_7.19.snapshot-edge-row-index
I20240702 04:29:18.579880 2107499 edge_segment_base.cc:68] createMutableEdgeRowIndex --------- commit_key 9.test.ns.g1.__internal_anonymous_reverse_edge_label_job_reuse_label_7.22.snapshot-edge-row-index
I20240702 04:29:18.580363 2107490 edge_segment_base.cc:68] createMutableEdgeRowIndex --------- commit_key 9.test.ns.g1.__internal_anonymous_reverse_edge_label_job_reuse_label_7.23.snapshot-edge-row-index
I20240702 04:29:18.580714 2107489 edge_segment_base.cc:68] createMutableEdgeRowIndex --------- commit_key 9.test.ns.g1.__internal_anonymous_reverse_edge_label_job_reuse_label_7.28.snapshot-edge-row-index
I20240702 04:29:18.581082 2107485 edge_segment_base.cc:68] createMutableEdgeRowIndex --------- commit_key 9.test.ns.g1.__internal_anonymous_reverse_edge_label_job_reuse_label_7.30.snapshot-edge-row-index
I20240702 04:29:18.581427 2107491 edge_segment_base.cc:68] createMutableEdgeRowIndex --------- commit_key 9.test.ns.g1.__internal_anonymous_reverse_edge_label_job_reuse_label_7.31.snapshot-edge-row-index
I20240702 04:29:18.581488 2107491 edge_import_write_exec_task.cc:153] =========================== exchange schema ===========================
ROW<__srcid__:BIGINT,__dstid__:BIGINT,int32:INTEGER,float64:DOUBLE>
I20240702 04:29:18.586351 2107499 graph_storage_service2.cc:344] Received get task status request for job_id: 9, task_id: 115 task_status: pending { } call id: 6695854014493
I20240702 04:29:18.586462 2107800 graph_storage_service2.cc:276] Getting task status for Task: 9_115 task_status: running { } call id: 6695854014493
I20240702 04:29:18.586519 2107800 graph_storage_service2.cc:291] Get task status success for Task: 9_115 task_status: running { } call id: 6695854014493 latency: 0ms.
I20240702 04:29:18.586995 2107490 graph_storage_service2.cc:344] Received get task status request for job_id: 9, task_id: 115 task_status: running { } call id: 36356898160665
I20240702 04:29:18.604949 2107485 state_machine-inl.h:201] fireStateChanged VeloxExecTask state changed to 1
I20240702 04:29:18.605517 2107491 edge_segment_base.cc:68] createMutableEdgeRowIndex --------- commit_key 9.test.ns.g1.job_reuse_label_7.3.snapshot-edge-row-index
I20240702 04:29:18.605908 2107499 edge_segment_base.cc:68] createMutableEdgeRowIndex --------- commit_key 9.test.ns.g1.job_reuse_label_7.6.snapshot-edge-row-index
I20240702 04:29:18.606338 2107490 edge_segment_base.cc:68] createMutableEdgeRowIndex --------- commit_key 9.test.ns.g1.job_reuse_label_7.9.snapshot-edge-row-index
I20240702 04:29:18.606689 2107489 edge_segment_base.cc:68] createMutableEdgeRowIndex --------- commit_key 9.test.ns.g1.job_reuse_label_7.10.snapshot-edge-row-index
I20240702 04:29:18.607084 2107485 edge_segment_base.cc:68] createMutableEdgeRowIndex --------- commit_key 9.test.ns.g1.job_reuse_label_7.11.snapshot-edge-row-index
I20240702 04:29:18.607457 2107491 edge_segment_base.cc:68] createMutableEdgeRowIndex --------- commit_key 9.test.ns.g1.job_reuse_label_7.16.snapshot-edge-row-index
I20240702 04:29:18.607828 2107499 edge_segment_base.cc:68] createMutableEdgeRowIndex --------- commit_key 9.test.ns.g1.job_reuse_label_7.18.snapshot-edge-row-index
I20240702 04:29:18.608224 2107490 edge_segment_base.cc:68] createMutableEdgeRowIndex --------- commit_key 9.test.ns.g1.job_reuse_label_7.19.snapshot-edge-row-index
I20240702 04:29:18.608636 2107489 edge_segment_base.cc:68] createMutableEdgeRowIndex --------- commit_key 9.test.ns.g1.job_reuse_label_7.22.snapshot-edge-row-index
I20240702 04:29:18.609114 2107485 edge_segment_base.cc:68] createMutableEdgeRowIndex --------- commit_key 9.test.ns.g1.job_reuse_label_7.23.snapshot-edge-row-index
I20240702 04:29:18.609517 2107491 edge_segment_base.cc:68] createMutableEdgeRowIndex --------- commit_key 9.test.ns.g1.job_reuse_label_7.28.snapshot-edge-row-index
I20240702 04:29:18.609862 2107499 edge_segment_base.cc:68] createMutableEdgeRowIndex --------- commit_key 9.test.ns.g1.job_reuse_label_7.30.snapshot-edge-row-index
I20240702 04:29:18.610240 2107490 edge_segment_base.cc:68] createMutableEdgeRowIndex --------- commit_key 9.test.ns.g1.job_reuse_label_7.31.snapshot-edge-row-index
I20240702 04:29:18.610312 2107490 edge_import_write_exec_task.cc:153] =========================== exchange schema ===========================
ROW<__srcid__:BIGINT,__dstid__:BIGINT,int32:INTEGER,float64:DOUBLE>
I20240702 04:29:18.614861 2107489 graph_storage_service2.cc:344] Received get task status request for job_id: 9, task_id: 112 task_status: pending { } call id: 4526895530009
I20240702 04:29:18.614986 2107800 graph_storage_service2.cc:276] Getting task status for Task: 9_112 task_status: running { } call id: 4526895530009
I20240702 04:29:18.615033 2107800 graph_storage_service2.cc:291] Get task status success for Task: 9_112 task_status: running { } call id: 4526895530009 latency: 1ms.
I20240702 04:29:18.615550 2107485 graph_storage_service2.cc:344] Received get task status request for job_id: 9, task_id: 112 task_status: running { } call id: 11085310591001
I20240702 04:29:18.622337 2107491 state_machine-inl.h:201] fireStateChanged VeloxExecTask state changed to 1
E20240702 04:29:18.622577 2107491 edge_import_read_exec_task.cc:102] float64, 3
E20240702 04:29:18.622689 2107491 edge_import_read_exec_task.cc:102] int32, 2
I20240702 04:29:18.623274 2107491 edge_import_read_exec_task.cc:204] ======================= exchange schema =======================
ROW<__srcid__:BIGINT,__dstid__:BIGINT,int32:INTEGER,float64:DOUBLE>
ROW<__srcid__:BIGINT,__dstid__:BIGINT,int32:INTEGER,float64:DOUBLE>
I20240702 04:29:18.634660 2107499 graph_storage_service2.cc:344] Received get task status request for job_id: 9, task_id: 110 task_status: pending { } call id: 33075543146521
I20240702 04:29:18.634809 2107800 graph_storage_service2.cc:276] Getting task status for Task: 9_110 task_status: running { } call id: 33075543146521
I20240702 04:29:18.634866 2107800 graph_storage_service2.cc:291] Get task status success for Task: 9_110 task_status: running { } call id: 33075543146521 latency: 0ms.
I20240702 04:29:18.635514 2107497 graph_storage_service2.cc:344] Received get task status request for job_id: 9, task_id: 110 task_status: running { } call id: 4518305595417
I20240702 04:29:18.646232 2107763 Task.cpp:983] All drivers (10) finished for task brpc://127.0.0.1:55537/task/9-edge-import-read-load/ after running for 14 ms.
I20240702 04:29:18.646296 2107763 Task.cpp:1665] Terminating task brpc://127.0.0.1:55537/task/9-edge-import-read-load/ with state Finished after running for 14 ms.
I20240702 04:29:18.659523 2107748 Task.cpp:983] All drivers (64) finished for task brpc://127.0.0.1:55537/task/9-edge-import-read-reverse/0 after running for 31 ms.
I20240702 04:29:18.664800 2107764 Task.cpp:983] All drivers (64) finished for task brpc://127.0.0.1:55537/task/9-edge-import-read-forward/0 after running for 41 ms.
I20240702 04:29:18.683418 2107484 Task.cpp:1665] Terminating task brpc://127.0.0.1:55537/task/9-edge-import-read-forward/0 with state Finished after running for 60 ms.
I20240702 04:29:18.738498 2107494 Task.cpp:1665] Terminating task brpc://127.0.0.1:55537/task/9-edge-import-read-reverse/0 with state Finished after running for 110 ms.
I20240702 04:29:18.796980 2107738 Task.cpp:983] All drivers (1) finished for task 9-edge-import-write-forward23 after running for 184 ms.
I20240702 04:29:18.797034 2107738 Task.cpp:1665] Terminating task 9-edge-import-write-forward23 with state Finished after running for 184 ms.
I20240702 04:29:18.805490 2107743 Task.cpp:983] All drivers (1) finished for task 9-edge-import-write-forward9 after running for 194 ms.
I20240702 04:29:18.805546 2107743 Task.cpp:1665] Terminating task 9-edge-import-write-forward9 with state Finished after running for 194 ms.
I20240702 04:29:18.806438 2107744 Task.cpp:983] All drivers (1) finished for task 9-edge-import-write-forward10 after running for 194 ms.
I20240702 04:29:18.806463 2107742 Task.cpp:983] All drivers (1) finished for task 9-edge-import-write-forward31 after running for 192 ms.
I20240702 04:29:18.806490 2107744 Task.cpp:1665] Terminating task 9-edge-import-write-forward10 with state Finished after running for 194 ms.
I20240702 04:29:18.806577 2107742 Task.cpp:1665] Terminating task 9-edge-import-write-forward31 with state Finished after running for 192 ms.
I20240702 04:29:18.807072 2107745 Task.cpp:983] All drivers (1) finished for task 9-edge-import-write-forward16 after running for 195 ms.
I20240702 04:29:18.807113 2107745 Task.cpp:1665] Terminating task 9-edge-import-write-forward16 with state Finished after running for 195 ms.
I20240702 04:29:18.810429 2107765 Task.cpp:983] All drivers (1) finished for task 9-edge-import-write-forward22 after running for 197 ms.
I20240702 04:29:18.810447 2107750 Task.cpp:983] All drivers (1) finished for task 9-edge-import-write-forward28 after running for 197 ms.
I20240702 04:29:18.810485 2107765 Task.cpp:1665] Terminating task 9-edge-import-write-forward22 with state Finished after running for 197 ms.
I20240702 04:29:18.810505 2107750 Task.cpp:1665] Terminating task 9-edge-import-write-forward28 with state Finished after running for 197 ms.
I20240702 04:29:18.810811 2107739 Task.cpp:983] All drivers (1) finished for task 9-edge-import-write-forward30 after running for 197 ms.
I20240702 04:29:18.810853 2107739 Task.cpp:1665] Terminating task 9-edge-import-write-forward30 with state Finished after running for 197 ms.
I20240702 04:29:18.811211 2107746 Task.cpp:983] All drivers (1) finished for task 9-edge-import-write-forward19 after running for 198 ms.
I20240702 04:29:18.811246 2107746 Task.cpp:1665] Terminating task 9-edge-import-write-forward19 with state Finished after running for 198 ms.
I20240702 04:29:18.815016 2107763 Task.cpp:983] All drivers (1) finished for task 9-edge-import-write-reverse3 after running for 233 ms.
I20240702 04:29:18.815068 2107763 Task.cpp:1665] Terminating task 9-edge-import-write-reverse3 with state Finished after running for 233 ms.
I20240702 04:29:18.815819 2107740 Task.cpp:983] All drivers (1) finished for task 9-edge-import-write-forward3 after running for 204 ms.
I20240702 04:29:18.815860 2107740 Task.cpp:1665] Terminating task 9-edge-import-write-forward3 with state Finished after running for 204 ms.
I20240702 04:29:18.816269 2107763 state_machine-inl.h:201] fireStateChanged VeloxExecTask state changed to 2
I20240702 04:29:18.816987 2107800 graph_storage_service2.cc:276] Getting task status for Task: 9_110 task_status: finished { } call id: 4518305595417
I20240702 04:29:18.817059 2107800 graph_storage_service2.cc:291] Get task status success for Task: 9_110 task_status: finished { } call id: 4518305595417 latency: 182ms.
I20240702 04:29:18.817303 2107747 Task.cpp:983] All drivers (1) finished for task 9-edge-import-write-forward18 after running for 205 ms.
I20240702 04:29:18.817340 2107747 Task.cpp:1665] Terminating task 9-edge-import-write-forward18 with state Finished after running for 205 ms.
I20240702 04:29:18.821488 2107748 Task.cpp:983] All drivers (1) finished for task 9-edge-import-write-reverse9 after running for 239 ms.
I20240702 04:29:18.821538 2107748 Task.cpp:1665] Terminating task 9-edge-import-write-reverse9 with state Finished after running for 239 ms.
I20240702 04:29:18.823360 2107764 Task.cpp:983] All drivers (1) finished for task 9-edge-import-write-forward6 after running for 212 ms.
I20240702 04:29:18.823411 2107764 Task.cpp:1665] Terminating task 9-edge-import-write-forward6 with state Finished after running for 212 ms.
I20240702 04:29:18.825300 2107749 Task.cpp:983] All drivers (1) finished for task 9-edge-import-write-reverse10 after running for 242 ms.
I20240702 04:29:18.825362 2107749 Task.cpp:1665] Terminating task 9-edge-import-write-reverse10 with state Finished after running for 242 ms.
I20240702 04:29:18.833986 2107741 Task.cpp:983] All drivers (1) finished for task 9-edge-import-write-forward11 after running for 222 ms.
I20240702 04:29:18.834044 2107741 Task.cpp:1665] Terminating task 9-edge-import-write-forward11 with state Finished after running for 222 ms.
I20240702 04:29:18.840720 2107763 meta_service_client.cc:729] Successfully submitImportJobFiles
I20240702 04:29:18.840905 2107763 state_machine-inl.h:201] fireStateChanged VeloxExecTask state changed to 2
I20240702 04:29:18.841094 2107801 graph_storage_service2.cc:276] Getting task status for Task: 9_112 task_status: finished { } call id: 11085310591001
I20240702 04:29:18.841159 2107801 graph_storage_service2.cc:291] Get task status success for Task: 9_112 task_status: finished { } call id: 11085310591001 latency: 226ms.
I20240702 04:29:18.852895 2107738 Task.cpp:983] All drivers (1) finished for task 9-edge-import-write-reverse18 after running for 268 ms.
I20240702 04:29:18.852977 2107738 Task.cpp:1665] Terminating task 9-edge-import-write-reverse18 with state Finished after running for 268 ms.
I20240702 04:29:18.861263 2107740 Task.cpp:983] All drivers (1) finished for task 9-edge-import-write-reverse23 after running for 277 ms.
I20240702 04:29:18.861326 2107740 Task.cpp:1665] Terminating task 9-edge-import-write-reverse23 with state Finished after running for 277 ms.
I20240702 04:29:18.862674 2107744 Task.cpp:983] All drivers (1) finished for task 9-edge-import-write-reverse11 after running for 279 ms.
I20240702 04:29:18.862737 2107750 Task.cpp:983] All drivers (1) finished for task 9-edge-import-write-reverse16 after running for 279 ms.
I20240702 04:29:18.862725 2107744 Task.cpp:1665] Terminating task 9-edge-import-write-reverse11 with state Finished after running for 279 ms.
I20240702 04:29:18.862716 2107745 Task.cpp:983] All drivers (1) finished for task 9-edge-import-write-reverse19 after running for 278 ms.
I20240702 04:29:18.862797 2107750 Task.cpp:1665] Terminating task 9-edge-import-write-reverse16 with state Finished after running for 279 ms.
I20240702 04:29:18.862836 2107745 Task.cpp:1665] Terminating task 9-edge-import-write-reverse19 with state Finished after running for 278 ms.
I20240702 04:29:18.863655 2107765 Task.cpp:983] All drivers (1) finished for task 9-edge-import-write-reverse28 after running for 278 ms.
I20240702 04:29:18.863700 2107765 Task.cpp:1665] Terminating task 9-edge-import-write-reverse28 with state Finished after running for 278 ms.
I20240702 04:29:18.864953 2107746 Task.cpp:983] All drivers (1) finished for task 9-edge-import-write-reverse31 after running for 279 ms.
I20240702 04:29:18.864997 2107746 Task.cpp:1665] Terminating task 9-edge-import-write-reverse31 with state Finished after running for 280 ms.
I20240702 04:29:18.867250 2107739 Task.cpp:983] All drivers (1) finished for task 9-edge-import-write-reverse30 after running for 282 ms.
I20240702 04:29:18.867271 2107743 Task.cpp:983] All drivers (1) finished for task 9-edge-import-write-reverse6 after running for 285 ms.
I20240702 04:29:18.867296 2107739 Task.cpp:1665] Terminating task 9-edge-import-write-reverse30 with state Finished after running for 282 ms.
I20240702 04:29:18.867300 2107742 Task.cpp:983] All drivers (1) finished for task 9-edge-import-write-reverse22 after running for 283 ms.
I20240702 04:29:18.867311 2107743 Task.cpp:1665] Terminating task 9-edge-import-write-reverse6 with state Finished after running for 285 ms.
I20240702 04:29:18.867375 2107742 Task.cpp:1665] Terminating task 9-edge-import-write-reverse22 with state Finished after running for 283 ms.
I20240702 04:29:18.873477 2107765 meta_service_client.cc:729] Successfully submitImportJobFiles
I20240702 04:29:18.873587 2107765 state_machine-inl.h:201] fireStateChanged VeloxExecTask state changed to 2
I20240702 04:29:18.873728 2107801 graph_storage_service2.cc:276] Getting task status for Task: 9_115 task_status: finished { } call id: 36356898160665
I20240702 04:29:18.873792 2107801 graph_storage_service2.cc:291] Get task status success for Task: 9_115 task_status: finished { } call id: 36356898160665 latency: 287ms.
I20240702 04:29:26.537521 2107491 state_machine-inl.h:201] fireStateChanged VeloxExecTask state changed to 1
I20240702 04:29:26.538523 2107490 vertex_segment_base.cc:86] createMutableVertexIdIndex --------- commit_key 10.test.ns.g1.vlabel_1_job_reuse_label_8.30.snapshot-vid-index
I20240702 04:29:26.538959 2107485 vertex_segment_base.cc:86] createMutableVertexIdIndex --------- commit_key 10.test.ns.g1.vlabel_1_job_reuse_label_8.28.snapshot-vid-index
I20240702 04:29:26.539322 2107491 vertex_segment_base.cc:86] createMutableVertexIdIndex --------- commit_key 10.test.ns.g1.vlabel_1_job_reuse_label_8.31.snapshot-vid-index
I20240702 04:29:26.539666 2107489 vertex_segment_base.cc:86] createMutableVertexIdIndex --------- commit_key 10.test.ns.g1.vlabel_1_job_reuse_label_8.18.snapshot-vid-index
I20240702 04:29:26.540004 2107499 vertex_segment_base.cc:86] createMutableVertexIdIndex --------- commit_key 10.test.ns.g1.vlabel_1_job_reuse_label_8.11.snapshot-vid-index
I20240702 04:29:26.540364 2107490 vertex_segment_base.cc:86] createMutableVertexIdIndex --------- commit_key 10.test.ns.g1.vlabel_1_job_reuse_label_8.23.snapshot-vid-index
I20240702 04:29:26.540666 2107485 vertex_segment_base.cc:86] createMutableVertexIdIndex --------- commit_key 10.test.ns.g1.vlabel_1_job_reuse_label_8.10.snapshot-vid-index
I20240702 04:29:26.541074 2107491 vertex_segment_base.cc:86] createMutableVertexIdIndex --------- commit_key 10.test.ns.g1.vlabel_1_job_reuse_label_8.22.snapshot-vid-index
I20240702 04:29:26.541453 2107489 vertex_segment_base.cc:86] createMutableVertexIdIndex --------- commit_key 10.test.ns.g1.vlabel_1_job_reuse_label_8.9.snapshot-vid-index
I20240702 04:29:26.541868 2107499 vertex_segment_base.cc:86] createMutableVertexIdIndex --------- commit_key 10.test.ns.g1.vlabel_1_job_reuse_label_8.19.snapshot-vid-index
I20240702 04:29:26.542232 2107490 vertex_segment_base.cc:86] createMutableVertexIdIndex --------- commit_key 10.test.ns.g1.vlabel_1_job_reuse_label_8.6.snapshot-vid-index
I20240702 04:29:26.542542 2107485 vertex_segment_base.cc:86] createMutableVertexIdIndex --------- commit_key 10.test.ns.g1.vlabel_1_job_reuse_label_8.16.snapshot-vid-index
I20240702 04:29:26.542876 2107491 vertex_segment_base.cc:86] createMutableVertexIdIndex --------- commit_key 10.test.ns.g1.vlabel_1_job_reuse_label_8.3.snapshot-vid-index
I20240702 04:29:26.543339 2107489 vertex_segment_base.cc:103] createMutableVertexRowIndex --------- commit_key 10.test.ns.g1.vlabel_1_job_reuse_label_8.30.snapshot-vtx-row-index
I20240702 04:29:26.543737 2107499 vertex_segment_base.cc:103] createMutableVertexRowIndex --------- commit_key 10.test.ns.g1.vlabel_1_job_reuse_label_8.28.snapshot-vtx-row-index
I20240702 04:29:26.544087 2107490 vertex_segment_base.cc:103] createMutableVertexRowIndex --------- commit_key 10.test.ns.g1.vlabel_1_job_reuse_label_8.31.snapshot-vtx-row-index
I20240702 04:29:26.544432 2107485 vertex_segment_base.cc:103] createMutableVertexRowIndex --------- commit_key 10.test.ns.g1.vlabel_1_job_reuse_label_8.18.snapshot-vtx-row-index
I20240702 04:29:26.544814 2107491 vertex_segment_base.cc:103] createMutableVertexRowIndex --------- commit_key 10.test.ns.g1.vlabel_1_job_reuse_label_8.11.snapshot-vtx-row-index
I20240702 04:29:26.545234 2107489 vertex_segment_base.cc:103] createMutableVertexRowIndex --------- commit_key 10.test.ns.g1.vlabel_1_job_reuse_label_8.23.snapshot-vtx-row-index
I20240702 04:29:26.545583 2107499 vertex_segment_base.cc:103] createMutableVertexRowIndex --------- commit_key 10.test.ns.g1.vlabel_1_job_reuse_label_8.10.snapshot-vtx-row-index
I20240702 04:29:26.545974 2107490 vertex_segment_base.cc:103] createMutableVertexRowIndex --------- commit_key 10.test.ns.g1.vlabel_1_job_reuse_label_8.22.snapshot-vtx-row-index
I20240702 04:29:26.546363 2107485 vertex_segment_base.cc:103] createMutableVertexRowIndex --------- commit_key 10.test.ns.g1.vlabel_1_job_reuse_label_8.9.snapshot-vtx-row-index
I20240702 04:29:26.546730 2107491 vertex_segment_base.cc:103] createMutableVertexRowIndex --------- commit_key 10.test.ns.g1.vlabel_1_job_reuse_label_8.19.snapshot-vtx-row-index
I20240702 04:29:26.547112 2107489 vertex_segment_base.cc:103] createMutableVertexRowIndex --------- commit_key 10.test.ns.g1.vlabel_1_job_reuse_label_8.6.snapshot-vtx-row-index
I20240702 04:29:26.547493 2107499 vertex_segment_base.cc:103] createMutableVertexRowIndex --------- commit_key 10.test.ns.g1.vlabel_1_job_reuse_label_8.16.snapshot-vtx-row-index
I20240702 04:29:26.547873 2107490 vertex_segment_base.cc:103] createMutableVertexRowIndex --------- commit_key 10.test.ns.g1.vlabel_1_job_reuse_label_8.3.snapshot-vtx-row-index
I20240702 04:29:26.547955 2107490 vertex_import_write_exec_task.cc:140] ============================================ VertexImportWriteExecTask schema
ROW<pkey:INTEGER,int32:INTEGER,str:VARCHAR,float64:DOUBLE>
I20240702 04:29:26.552371 2107485 graph_storage_service2.cc:344] Received get task status request for job_id: 10, task_id: 127 task_status: pending { } call id: 17695265259561
I20240702 04:29:26.552484 2107801 graph_storage_service2.cc:276] Getting task status for Task: 10_127 task_status: running { } call id: 17695265259561
I20240702 04:29:26.552537 2107801 graph_storage_service2.cc:291] Get task status success for Task: 10_127 task_status: running { } call id: 17695265259561 latency: 0ms.
I20240702 04:29:26.553056 2107491 graph_storage_service2.cc:344] Received get task status request for job_id: 10, task_id: 127 task_status: running { } call id: 10011568767017
I20240702 04:29:26.567369 2107490 state_machine-inl.h:201] fireStateChanged VeloxExecTask state changed to 1
I20240702 04:29:26.567658 2107490 vertex_import_read_exec_task.cc:125] ============================================ exchange schema
ROW<pkey:INTEGER,int32:INTEGER,str:VARCHAR,float64:DOUBLE>
I20240702 04:29:26.569371 2107485 graph_storage_service2.cc:344] Received get task status request for job_id: 10, task_id: 124 task_status: pending { } call id: 6717328850953
I20240702 04:29:26.570259 2107801 graph_storage_service2.cc:276] Getting task status for Task: 10_124 task_status: running { } call id: 6717328850953
I20240702 04:29:26.570346 2107801 graph_storage_service2.cc:291] Get task status success for Task: 10_124 task_status: running { } call id: 6717328850953 latency: 1ms.
I20240702 04:29:26.570981 2107491 graph_storage_service2.cc:344] Received get task status request for job_id: 10, task_id: 124 task_status: running { } call id: 34260954120201
I20240702 04:29:26.582206 2107749 Task.cpp:983] All drivers (10) finished for task brpc://127.0.0.1:55537/task/10-vertex-import-read/0 after running for 14 ms.
I20240702 04:29:26.640569 2107496 Task.cpp:1665] Terminating task brpc://127.0.0.1:55537/task/10-vertex-import-read/0 with state Finished after running for 72 ms.
I20240702 04:29:26.651563 2107763 state_machine-inl.h:201] fireStateChanged VeloxExecTask state changed to 2
I20240702 04:29:26.651785 2107801 graph_storage_service2.cc:276] Getting task status for Task: 10_124 task_status: finished { } call id: 34260954120201
I20240702 04:29:26.651854 2107801 graph_storage_service2.cc:291] Get task status success for Task: 10_124 task_status: finished { } call id: 34260954120201 latency: 81ms.
I20240702 04:29:26.684268 2107747 Task.cpp:983] All drivers (1) finished for task local://localhost:0/task/10-vertex-import-write/22 after running for 134 ms.
I20240702 04:29:26.684314 2107747 Task.cpp:1665] Terminating task local://localhost:0/task/10-vertex-import-write/22 with state Finished after running for 134 ms.
I20240702 04:29:26.685003 2107743 Task.cpp:983] All drivers (1) finished for task local://localhost:0/task/10-vertex-import-write/3 after running for 134 ms.
I20240702 04:29:26.685055 2107743 Task.cpp:1665] Terminating task local://localhost:0/task/10-vertex-import-write/3 with state Finished after running for 134 ms.
I20240702 04:29:26.690232 2107745 Task.cpp:983] All drivers (1) finished for task local://localhost:0/task/10-vertex-import-write/6 after running for 140 ms.
I20240702 04:29:26.690286 2107745 Task.cpp:1665] Terminating task local://localhost:0/task/10-vertex-import-write/6 with state Finished after running for 140 ms.
I20240702 04:29:26.700735 2107738 Task.cpp:983] All drivers (1) finished for task local://localhost:0/task/10-vertex-import-write/9 after running for 150 ms.
I20240702 04:29:26.700798 2107738 Task.cpp:1665] Terminating task local://localhost:0/task/10-vertex-import-write/9 with state Finished after running for 150 ms.
I20240702 04:29:26.701632 2107742 Task.cpp:983] All drivers (1) finished for task local://localhost:0/task/10-vertex-import-write/16 after running for 150 ms.
I20240702 04:29:26.701689 2107742 Task.cpp:1665] Terminating task local://localhost:0/task/10-vertex-import-write/16 with state Finished after running for 150 ms.
I20240702 04:29:26.703783 2107764 Task.cpp:983] All drivers (1) finished for task local://localhost:0/task/10-vertex-import-write/28 after running for 155 ms.
I20240702 04:29:26.703845 2107764 Task.cpp:1665] Terminating task local://localhost:0/task/10-vertex-import-write/28 with state Finished after running for 155 ms.
I20240702 04:29:26.708417 2107740 Task.cpp:983] All drivers (1) finished for task local://localhost:0/task/10-vertex-import-write/23 after running for 159 ms.
I20240702 04:29:26.708477 2107740 Task.cpp:1665] Terminating task local://localhost:0/task/10-vertex-import-write/23 with state Finished after running for 159 ms.
I20240702 04:29:26.712438 2107765 Task.cpp:983] All drivers (1) finished for task local://localhost:0/task/10-vertex-import-write/30 after running for 164 ms.
I20240702 04:29:26.712491 2107765 Task.cpp:1665] Terminating task local://localhost:0/task/10-vertex-import-write/30 with state Finished after running for 164 ms.
I20240702 04:29:26.712673 2107749 Task.cpp:983] All drivers (1) finished for task local://localhost:0/task/10-vertex-import-write/18 after running for 163 ms.
I20240702 04:29:26.712709 2107749 Task.cpp:1665] Terminating task local://localhost:0/task/10-vertex-import-write/18 with state Finished after running for 163 ms.
I20240702 04:29:26.712860 2107744 Task.cpp:983] All drivers (1) finished for task local://localhost:0/task/10-vertex-import-write/19 after running for 162 ms.
I20240702 04:29:26.712893 2107744 Task.cpp:1665] Terminating task local://localhost:0/task/10-vertex-import-write/19 with state Finished after running for 162 ms.
I20240702 04:29:26.713358 2107750 Task.cpp:983] All drivers (1) finished for task local://localhost:0/task/10-vertex-import-write/11 after running for 164 ms.
I20240702 04:29:26.713402 2107750 Task.cpp:1665] Terminating task local://localhost:0/task/10-vertex-import-write/11 with state Finished after running for 164 ms.
I20240702 04:29:26.715505 2107748 Task.cpp:983] All drivers (1) finished for task local://localhost:0/task/10-vertex-import-write/31 after running for 167 ms.
I20240702 04:29:26.715545 2107748 Task.cpp:1665] Terminating task local://localhost:0/task/10-vertex-import-write/31 with state Finished after running for 167 ms.
I20240702 04:29:26.719717 2107741 Task.cpp:983] All drivers (1) finished for task local://localhost:0/task/10-vertex-import-write/10 after running for 170 ms.
I20240702 04:29:26.719774 2107741 Task.cpp:1665] Terminating task local://localhost:0/task/10-vertex-import-write/10 with state Finished after running for 170 ms.
I20240702 04:29:26.726104 2107745 meta_service_client.cc:729] Successfully submitImportJobFiles
I20240702 04:29:26.726248 2107745 state_machine-inl.h:201] fireStateChanged VeloxExecTask state changed to 2
I20240702 04:29:26.726374 2107800 graph_storage_service2.cc:276] Getting task status for Task: 10_127 task_status: finished { } call id: 10011568767017
I20240702 04:29:26.726434 2107800 graph_storage_service2.cc:291] Get task status success for Task: 10_127 task_status: finished { } call id: 10011568767017 latency: 173ms.
I20240702 04:29:26.800876 2107495 local_data_manager.cc:71] Successfully updated the vertex id index for job 10 with snapshot id: 1
I20240702 04:29:26.800987 2107495 local_data_manager.cc:71] Successfully updated the vertex id index for job 10 with snapshot id: 1
I20240702 04:29:26.801050 2107495 local_data_manager.cc:71] Successfully updated the vertex id index for job 10 with snapshot id: 1
I20240702 04:29:26.801098 2107495 local_data_manager.cc:71] Successfully updated the vertex id index for job 10 with snapshot id: 1
I20240702 04:29:26.801147 2107495 local_data_manager.cc:71] Successfully updated the vertex id index for job 10 with snapshot id: 1
I20240702 04:29:26.801189 2107495 local_data_manager.cc:71] Successfully updated the vertex id index for job 10 with snapshot id: 1
I20240702 04:29:26.801239 2107495 local_data_manager.cc:71] Successfully updated the vertex id index for job 10 with snapshot id: 1
I20240702 04:29:26.801278 2107495 local_data_manager.cc:71] Successfully updated the vertex id index for job 10 with snapshot id: 1
I20240702 04:29:26.801314 2107495 local_data_manager.cc:71] Successfully updated the vertex id index for job 10 with snapshot id: 1
I20240702 04:29:26.801352 2107495 local_data_manager.cc:71] Successfully updated the vertex id index for job 10 with snapshot id: 1
I20240702 04:29:26.801388 2107495 local_data_manager.cc:71] Successfully updated the vertex id index for job 10 with snapshot id: 1
I20240702 04:29:26.801429 2107495 local_data_manager.cc:71] Successfully updated the vertex id index for job 10 with snapshot id: 1
I20240702 04:29:26.801484 2107495 local_data_manager.cc:71] Successfully updated the vertex id index for job 10 with snapshot id: 1
I20240702 04:29:27.619268 2107495 state_machine-inl.h:201] fireStateChanged VeloxExecTask state changed to 1
I20240702 04:29:27.620102 2107487 vertex_segment_base.cc:86] createMutableVertexIdIndex --------- commit_key 11.test.ns.g1.vlabel_2_job_reuse_label_8.30.snapshot-vid-index
I20240702 04:29:27.620612 2107498 vertex_segment_base.cc:86] createMutableVertexIdIndex --------- commit_key 11.test.ns.g1.vlabel_2_job_reuse_label_8.28.snapshot-vid-index
I20240702 04:29:27.621137 2107496 vertex_segment_base.cc:86] createMutableVertexIdIndex --------- commit_key 11.test.ns.g1.vlabel_2_job_reuse_label_8.31.snapshot-vid-index
I20240702 04:29:27.621574 2107495 vertex_segment_base.cc:86] createMutableVertexIdIndex --------- commit_key 11.test.ns.g1.vlabel_2_job_reuse_label_8.18.snapshot-vid-index
I20240702 04:29:27.622113 2107487 vertex_segment_base.cc:86] createMutableVertexIdIndex --------- commit_key 11.test.ns.g1.vlabel_2_job_reuse_label_8.11.snapshot-vid-index
I20240702 04:29:27.622563 2107498 vertex_segment_base.cc:86] createMutableVertexIdIndex --------- commit_key 11.test.ns.g1.vlabel_2_job_reuse_label_8.23.snapshot-vid-index
I20240702 04:29:27.623036 2107496 vertex_segment_base.cc:86] createMutableVertexIdIndex --------- commit_key 11.test.ns.g1.vlabel_2_job_reuse_label_8.10.snapshot-vid-index
I20240702 04:29:27.623476 2107495 vertex_segment_base.cc:86] createMutableVertexIdIndex --------- commit_key 11.test.ns.g1.vlabel_2_job_reuse_label_8.22.snapshot-vid-index
I20240702 04:29:27.623894 2107487 vertex_segment_base.cc:86] createMutableVertexIdIndex --------- commit_key 11.test.ns.g1.vlabel_2_job_reuse_label_8.9.snapshot-vid-index
I20240702 04:29:27.624336 2107498 vertex_segment_base.cc:86] createMutableVertexIdIndex --------- commit_key 11.test.ns.g1.vlabel_2_job_reuse_label_8.19.snapshot-vid-index
I20240702 04:29:27.624694 2107496 vertex_segment_base.cc:86] createMutableVertexIdIndex --------- commit_key 11.test.ns.g1.vlabel_2_job_reuse_label_8.6.snapshot-vid-index
I20240702 04:29:27.625157 2107495 vertex_segment_base.cc:86] createMutableVertexIdIndex --------- commit_key 11.test.ns.g1.vlabel_2_job_reuse_label_8.16.snapshot-vid-index
I20240702 04:29:27.625563 2107487 vertex_segment_base.cc:86] createMutableVertexIdIndex --------- commit_key 11.test.ns.g1.vlabel_2_job_reuse_label_8.3.snapshot-vid-index
I20240702 04:29:27.626099 2107498 vertex_segment_base.cc:103] createMutableVertexRowIndex --------- commit_key 11.test.ns.g1.vlabel_2_job_reuse_label_8.30.snapshot-vtx-row-index
I20240702 04:29:27.626531 2107496 vertex_segment_base.cc:103] createMutableVertexRowIndex --------- commit_key 11.test.ns.g1.vlabel_2_job_reuse_label_8.28.snapshot-vtx-row-index
I20240702 04:29:27.626992 2107495 vertex_segment_base.cc:103] createMutableVertexRowIndex --------- commit_key 11.test.ns.g1.vlabel_2_job_reuse_label_8.31.snapshot-vtx-row-index
I20240702 04:29:27.627384 2107487 vertex_segment_base.cc:103] createMutableVertexRowIndex --------- commit_key 11.test.ns.g1.vlabel_2_job_reuse_label_8.18.snapshot-vtx-row-index
I20240702 04:29:27.627816 2107498 vertex_segment_base.cc:103] createMutableVertexRowIndex --------- commit_key 11.test.ns.g1.vlabel_2_job_reuse_label_8.11.snapshot-vtx-row-index
I20240702 04:29:27.628232 2107496 vertex_segment_base.cc:103] createMutableVertexRowIndex --------- commit_key 11.test.ns.g1.vlabel_2_job_reuse_label_8.23.snapshot-vtx-row-index
I20240702 04:29:27.628674 2107495 vertex_segment_base.cc:103] createMutableVertexRowIndex --------- commit_key 11.test.ns.g1.vlabel_2_job_reuse_label_8.10.snapshot-vtx-row-index
I20240702 04:29:27.629233 2107487 vertex_segment_base.cc:103] createMutableVertexRowIndex --------- commit_key 11.test.ns.g1.vlabel_2_job_reuse_label_8.22.snapshot-vtx-row-index
I20240702 04:29:27.629667 2107498 vertex_segment_base.cc:103] createMutableVertexRowIndex --------- commit_key 11.test.ns.g1.vlabel_2_job_reuse_label_8.9.snapshot-vtx-row-index
I20240702 04:29:27.630023 2107496 vertex_segment_base.cc:103] createMutableVertexRowIndex --------- commit_key 11.test.ns.g1.vlabel_2_job_reuse_label_8.19.snapshot-vtx-row-index
I20240702 04:29:27.630462 2107495 vertex_segment_base.cc:103] createMutableVertexRowIndex --------- commit_key 11.test.ns.g1.vlabel_2_job_reuse_label_8.6.snapshot-vtx-row-index
I20240702 04:29:27.630862 2107487 vertex_segment_base.cc:103] createMutableVertexRowIndex --------- commit_key 11.test.ns.g1.vlabel_2_job_reuse_label_8.16.snapshot-vtx-row-index
I20240702 04:29:27.631342 2107498 vertex_segment_base.cc:103] createMutableVertexRowIndex --------- commit_key 11.test.ns.g1.vlabel_2_job_reuse_label_8.3.snapshot-vtx-row-index
I20240702 04:29:27.631407 2107498 vertex_import_write_exec_task.cc:140] ============================================ VertexImportWriteExecTask schema
ROW<pkey:INTEGER,int32:INTEGER,str:VARCHAR,float64:DOUBLE>
I20240702 04:29:27.635679 2107496 graph_storage_service2.cc:344] Received get task status request for job_id: 11, task_id: 139 task_status: pending { } call id: 7838315315253
I20240702 04:29:27.635828 2107800 graph_storage_service2.cc:276] Getting task status for Task: 11_139 task_status: running { } call id: 7838315315253
I20240702 04:29:27.635874 2107800 graph_storage_service2.cc:291] Get task status success for Task: 11_139 task_status: running { } call id: 7838315315253 latency: 0ms.
I20240702 04:29:27.636427 2107495 graph_storage_service2.cc:344] Received get task status request for job_id: 11, task_id: 139 task_status: running { } call id: 17716740096049
I20240702 04:29:27.648752 2107498 state_machine-inl.h:201] fireStateChanged VeloxExecTask state changed to 1
I20240702 04:29:27.649098 2107498 vertex_import_read_exec_task.cc:125] ============================================ exchange schema
ROW<pkey:INTEGER,int32:INTEGER,str:VARCHAR,float64:DOUBLE>
I20240702 04:29:27.654755 2107496 graph_storage_service2.cc:344] Received get task status request for job_id: 11, task_id: 136 task_status: pending { } call id: 6738803687433
I20240702 04:29:27.654884 2107800 graph_storage_service2.cc:276] Getting task status for Task: 11_136 task_status: running { } call id: 6738803687433
I20240702 04:29:27.654970 2107800 graph_storage_service2.cc:291] Get task status success for Task: 11_136 task_status: running { } call id: 6738803687433 latency: 0ms.
I20240702 04:29:27.661876 2107495 graph_storage_service2.cc:344] Received get task status request for job_id: 11, task_id: 136 task_status: running { } call id: 16604343566345
I20240702 04:29:27.663462 2107739 Task.cpp:983] All drivers (10) finished for task brpc://127.0.0.1:55537/task/11-vertex-import-read/0 after running for 14 ms.
I20240702 04:29:27.693789 2107484 Task.cpp:1665] Terminating task brpc://127.0.0.1:55537/task/11-vertex-import-read/0 with state Finished after running for 44 ms.
I20240702 04:29:27.694012 2107750 state_machine-inl.h:201] fireStateChanged VeloxExecTask state changed to 2
I20240702 04:29:27.694180 2107800 graph_storage_service2.cc:276] Getting task status for Task: 11_136 task_status: finished { } call id: 16604343566345
I20240702 04:29:27.694239 2107800 graph_storage_service2.cc:291] Get task status success for Task: 11_136 task_status: finished { } call id: 16604343566345 latency: 33ms.
I20240702 04:29:27.782276 2107763 Task.cpp:983] All drivers (1) finished for task local://localhost:0/task/11-vertex-import-write/11 after running for 150 ms.
I20240702 04:29:27.782334 2107763 Task.cpp:1665] Terminating task local://localhost:0/task/11-vertex-import-write/11 with state Finished after running for 150 ms.
I20240702 04:29:27.787317 2107745 Task.cpp:983] All drivers (1) finished for task local://localhost:0/task/11-vertex-import-write/10 after running for 154 ms.
I20240702 04:29:27.787379 2107745 Task.cpp:1665] Terminating task local://localhost:0/task/11-vertex-import-write/10 with state Finished after running for 154 ms.
I20240702 04:29:27.790026 2107746 Task.cpp:983] All drivers (1) finished for task local://localhost:0/task/11-vertex-import-write/28 after running for 158 ms.
I20240702 04:29:27.790081 2107746 Task.cpp:1665] Terminating task local://localhost:0/task/11-vertex-import-write/28 with state Finished after running for 158 ms.
I20240702 04:29:27.791718 2107740 Task.cpp:983] All drivers (1) finished for task local://localhost:0/task/11-vertex-import-write/9 after running for 158 ms.
I20240702 04:29:27.791759 2107740 Task.cpp:1665] Terminating task local://localhost:0/task/11-vertex-import-write/9 with state Finished after running for 158 ms.
I20240702 04:29:27.792378 2107750 Task.cpp:983] All drivers (1) finished for task local://localhost:0/task/11-vertex-import-write/22 after running for 159 ms.
I20240702 04:29:27.792411 2107750 Task.cpp:1665] Terminating task local://localhost:0/task/11-vertex-import-write/22 with state Finished after running for 159 ms.
I20240702 04:29:27.793710 2107765 Task.cpp:983] All drivers (1) finished for task local://localhost:0/task/11-vertex-import-write/6 after running for 159 ms.
I20240702 04:29:27.793754 2107765 Task.cpp:1665] Terminating task local://localhost:0/task/11-vertex-import-write/6 with state Finished after running for 159 ms.
I20240702 04:29:27.795542 2107748 Task.cpp:983] All drivers (1) finished for task local://localhost:0/task/11-vertex-import-write/16 after running for 161 ms.
I20240702 04:29:27.795583 2107748 Task.cpp:1665] Terminating task local://localhost:0/task/11-vertex-import-write/16 with state Finished after running for 161 ms.
I20240702 04:29:27.798712 2107764 Task.cpp:983] All drivers (1) finished for task local://localhost:0/task/11-vertex-import-write/31 after running for 166 ms.
I20240702 04:29:27.798729 2107749 Task.cpp:983] All drivers (1) finished for task local://localhost:0/task/11-vertex-import-write/18 after running for 166 ms.
I20240702 04:29:27.798774 2107764 Task.cpp:1665] Terminating task local://localhost:0/task/11-vertex-import-write/31 with state Finished after running for 166 ms.
I20240702 04:29:27.798792 2107749 Task.cpp:1665] Terminating task local://localhost:0/task/11-vertex-import-write/18 with state Finished after running for 166 ms.
I20240702 04:29:27.798810 2107738 Task.cpp:983] All drivers (1) finished for task local://localhost:0/task/11-vertex-import-write/19 after running for 164 ms.
I20240702 04:29:27.798848 2107738 Task.cpp:1665] Terminating task local://localhost:0/task/11-vertex-import-write/19 with state Finished after running for 164 ms.
I20240702 04:29:27.800830 2107742 Task.cpp:983] All drivers (1) finished for task local://localhost:0/task/11-vertex-import-write/30 after running for 169 ms.
I20240702 04:29:27.800869 2107742 Task.cpp:1665] Terminating task local://localhost:0/task/11-vertex-import-write/30 with state Finished after running for 169 ms.
I20240702 04:29:27.802840 2107747 Task.cpp:983] All drivers (1) finished for task local://localhost:0/task/11-vertex-import-write/23 after running for 169 ms.
I20240702 04:29:27.802879 2107747 Task.cpp:1665] Terminating task local://localhost:0/task/11-vertex-import-write/23 with state Finished after running for 169 ms.
I20240702 04:29:27.806341 2107743 Task.cpp:983] All drivers (1) finished for task local://localhost:0/task/11-vertex-import-write/3 after running for 172 ms.
I20240702 04:29:27.806383 2107743 Task.cpp:1665] Terminating task local://localhost:0/task/11-vertex-import-write/3 with state Finished after running for 172 ms.
I20240702 04:29:27.812305 2107764 meta_service_client.cc:729] Successfully submitImportJobFiles
I20240702 04:29:27.812436 2107764 state_machine-inl.h:201] fireStateChanged VeloxExecTask state changed to 2
I20240702 04:29:27.812561 2107800 graph_storage_service2.cc:276] Getting task status for Task: 11_139 task_status: finished { } call id: 17716740096049
I20240702 04:29:27.812603 2107800 graph_storage_service2.cc:291] Get task status success for Task: 11_139 task_status: finished { } call id: 17716740096049 latency: 176ms.
I20240702 04:29:27.880788 2107499 local_data_manager.cc:71] Successfully updated the vertex id index for job 11 with snapshot id: 1
I20240702 04:29:27.880847 2107499 local_data_manager.cc:71] Successfully updated the vertex id index for job 11 with snapshot id: 1
I20240702 04:29:27.880877 2107499 local_data_manager.cc:71] Successfully updated the vertex id index for job 11 with snapshot id: 1
I20240702 04:29:27.880904 2107499 local_data_manager.cc:71] Successfully updated the vertex id index for job 11 with snapshot id: 1
I20240702 04:29:27.880957 2107499 local_data_manager.cc:71] Successfully updated the vertex id index for job 11 with snapshot id: 1
I20240702 04:29:27.880993 2107499 local_data_manager.cc:71] Successfully updated the vertex id index for job 11 with snapshot id: 1
I20240702 04:29:27.881018 2107499 local_data_manager.cc:71] Successfully updated the vertex id index for job 11 with snapshot id: 1
I20240702 04:29:27.881044 2107499 local_data_manager.cc:71] Successfully updated the vertex id index for job 11 with snapshot id: 1
I20240702 04:29:27.881074 2107499 local_data_manager.cc:71] Successfully updated the vertex id index for job 11 with snapshot id: 1
I20240702 04:29:27.881107 2107499 local_data_manager.cc:71] Successfully updated the vertex id index for job 11 with snapshot id: 1
I20240702 04:29:27.881132 2107499 local_data_manager.cc:71] Successfully updated the vertex id index for job 11 with snapshot id: 1
I20240702 04:29:27.881163 2107499 local_data_manager.cc:71] Successfully updated the vertex id index for job 11 with snapshot id: 1
I20240702 04:29:27.881187 2107499 local_data_manager.cc:71] Successfully updated the vertex id index for job 11 with snapshot id: 1
I20240702 04:29:28.693517 2107499 state_machine-inl.h:201] fireStateChanged VeloxExecTask state changed to 1
I20240702 04:29:28.694159 2107490 edge_segment_base.cc:68] createMutableEdgeRowIndex --------- commit_key 12.test.ns.g1.__internal_anonymous_reverse_edge_label_job_reuse_label_8.3.snapshot-edge-row-index
I20240702 04:29:28.694561 2107491 edge_segment_base.cc:68] createMutableEdgeRowIndex --------- commit_key 12.test.ns.g1.__internal_anonymous_reverse_edge_label_job_reuse_label_8.6.snapshot-edge-row-index
I20240702 04:29:28.694958 2107489 edge_segment_base.cc:68] createMutableEdgeRowIndex --------- commit_key 12.test.ns.g1.__internal_anonymous_reverse_edge_label_job_reuse_label_8.9.snapshot-edge-row-index
I20240702 04:29:28.695370 2107485 edge_segment_base.cc:68] createMutableEdgeRowIndex --------- commit_key 12.test.ns.g1.__internal_anonymous_reverse_edge_label_job_reuse_label_8.10.snapshot-edge-row-index
I20240702 04:29:28.695792 2107499 edge_segment_base.cc:68] createMutableEdgeRowIndex --------- commit_key 12.test.ns.g1.__internal_anonymous_reverse_edge_label_job_reuse_label_8.11.snapshot-edge-row-index
I20240702 04:29:28.696182 2107491 edge_segment_base.cc:68] createMutableEdgeRowIndex --------- commit_key 12.test.ns.g1.__internal_anonymous_reverse_edge_label_job_reuse_label_8.16.snapshot-edge-row-index
I20240702 04:29:28.696511 2107489 edge_segment_base.cc:68] createMutableEdgeRowIndex --------- commit_key 12.test.ns.g1.__internal_anonymous_reverse_edge_label_job_reuse_label_8.18.snapshot-edge-row-index
I20240702 04:29:28.696838 2107485 edge_segment_base.cc:68] createMutableEdgeRowIndex --------- commit_key 12.test.ns.g1.__internal_anonymous_reverse_edge_label_job_reuse_label_8.19.snapshot-edge-row-index
I20240702 04:29:28.697237 2107490 edge_segment_base.cc:68] createMutableEdgeRowIndex --------- commit_key 12.test.ns.g1.__internal_anonymous_reverse_edge_label_job_reuse_label_8.22.snapshot-edge-row-index
I20240702 04:29:28.697548 2107499 edge_segment_base.cc:68] createMutableEdgeRowIndex --------- commit_key 12.test.ns.g1.__internal_anonymous_reverse_edge_label_job_reuse_label_8.23.snapshot-edge-row-index
I20240702 04:29:28.697940 2107491 edge_segment_base.cc:68] createMutableEdgeRowIndex --------- commit_key 12.test.ns.g1.__internal_anonymous_reverse_edge_label_job_reuse_label_8.28.snapshot-edge-row-index
I20240702 04:29:28.698279 2107489 edge_segment_base.cc:68] createMutableEdgeRowIndex --------- commit_key 12.test.ns.g1.__internal_anonymous_reverse_edge_label_job_reuse_label_8.30.snapshot-edge-row-index
I20240702 04:29:28.698599 2107485 edge_segment_base.cc:68] createMutableEdgeRowIndex --------- commit_key 12.test.ns.g1.__internal_anonymous_reverse_edge_label_job_reuse_label_8.31.snapshot-edge-row-index
I20240702 04:29:28.698659 2107485 edge_import_write_exec_task.cc:153] =========================== exchange schema ===========================
ROW<__srcid__:BIGINT,__dstid__:BIGINT,int32:INTEGER,float64:DOUBLE>
I20240702 04:29:28.703106 2107490 graph_storage_service2.cc:344] Received get task status request for job_id: 12, task_id: 154 task_status: pending { } call id: 10041633538073
I20240702 04:29:28.703227 2107800 graph_storage_service2.cc:276] Getting task status for Task: 12_154 task_status: running { } call id: 10041633538073
I20240702 04:29:28.703285 2107800 graph_storage_service2.cc:291] Get task status success for Task: 12_154 task_status: running { } call id: 10041633538073 latency: 0ms.
I20240702 04:29:28.703857 2107499 graph_storage_service2.cc:344] Received get task status request for job_id: 12, task_id: 154 task_status: running { } call id: 34299608825885
I20240702 04:29:28.718257 2107499 state_machine-inl.h:201] fireStateChanged VeloxExecTask state changed to 1
I20240702 04:29:28.718789 2107491 edge_segment_base.cc:68] createMutableEdgeRowIndex --------- commit_key 12.test.ns.g1.job_reuse_label_8.3.snapshot-edge-row-index
I20240702 04:29:28.719159 2107489 edge_segment_base.cc:68] createMutableEdgeRowIndex --------- commit_key 12.test.ns.g1.job_reuse_label_8.6.snapshot-edge-row-index
I20240702 04:29:28.719540 2107485 edge_segment_base.cc:68] createMutableEdgeRowIndex --------- commit_key 12.test.ns.g1.job_reuse_label_8.9.snapshot-edge-row-index
I20240702 04:29:28.719862 2107490 edge_segment_base.cc:68] createMutableEdgeRowIndex --------- commit_key 12.test.ns.g1.job_reuse_label_8.10.snapshot-edge-row-index
I20240702 04:29:28.720255 2107499 edge_segment_base.cc:68] createMutableEdgeRowIndex --------- commit_key 12.test.ns.g1.job_reuse_label_8.11.snapshot-edge-row-index
I20240702 04:29:28.720623 2107491 edge_segment_base.cc:68] createMutableEdgeRowIndex --------- commit_key 12.test.ns.g1.job_reuse_label_8.16.snapshot-edge-row-index
I20240702 04:29:28.720980 2107489 edge_segment_base.cc:68] createMutableEdgeRowIndex --------- commit_key 12.test.ns.g1.job_reuse_label_8.18.snapshot-edge-row-index
